waiting for registered 66 fit + 14 dev compact shards
find: ‘/data2/liuhaoran/psg_data/cache/relation_decision_regret_v1/p14/compact/dev’: No such file or directory
waiting for registered 66 fit + 14 dev compact shards
2026-09-20 18:38:46 CST fit=15/66 dev=0/14
2026-09-20 18:39:46 CST fit=15/66 dev=0/14
2026-09-20 18:40:46 CST fit=15/66 dev=0/14
2026-09-20 18:41:47 CST fit=15/66 dev=0/14
2026-09-20 18:42:47 CST fit=15/66 dev=0/14
2026-09-20 18:43:47 CST fit=15/66 dev=0/14
2026-09-20 18:44:47 CST fit=15/66 dev=0/14
2026-09-20 18:45:47 CST fit=15/66 dev=0/14
2026-09-20 18:46:47 CST fit=17/66 dev=0/14
2026-09-20 18:47:47 CST fit=17/66 dev=0/14
2026-09-20 18:48:47 CST fit=17/66 dev=0/14
2026-09-20 18:49:47 CST fit=17/66 dev=0/14
2026-09-20 18:50:47 CST fit=17/66 dev=0/14
2026-09-20 18:51:47 CST fit=17/66 dev=0/14
2026-09-20 18:52:47 CST fit=17/66 dev=0/14
2026-09-20 18:53:47 CST fit=18/66 dev=0/14
2026-09-20 18:54:47 CST fit=19/66 dev=0/14
2026-09-20 18:55:47 CST fit=19/66 dev=0/14
2026-09-20 18:56:47 CST fit=19/66 dev=0/14
2026-09-20 18:57:47 CST fit=19/66 dev=0/14
2026-09-20 18:58:47 CST fit=19/66 dev=0/14
2026-09-20 18:59:47 CST fit=19/66 dev=0/14
2026-09-20 19:00:47 CST fit=20/66 dev=0/14
2026-09-20 19:01:47 CST fit=20/66 dev=0/14
2026-09-20 19:02:47 CST fit=21/66 dev=0/14
2026-09-20 19:03:47 CST fit=21/66 dev=0/14
2026-09-20 19:04:47 CST fit=21/66 dev=0/14
2026-09-20 19:05:47 CST fit=21/66 dev=0/14
2026-09-20 19:06:47 CST fit=21/66 dev=0/14
2026-09-20 19:07:47 CST fit=22/66 dev=0/14
2026-09-20 19:08:47 CST fit=22/66 dev=0/14
2026-09-20 19:09:47 CST fit=22/66 dev=0/14
2026-09-20 19:10:47 CST fit=23/66 dev=0/14
2026-09-20 19:11:47 CST fit=23/66 dev=0/14
2026-09-20 19:12:47 CST fit=23/66 dev=0/14
2026-09-20 19:13:47 CST fit=24/66 dev=0/14
2026-09-20 19:14:47 CST fit=24/66 dev=0/14
2026-09-20 19:15:47 CST fit=24/66 dev=0/14
2026-09-20 19:16:47 CST fit=24/66 dev=0/14
2026-09-20 19:17:47 CST fit=24/66 dev=0/14
2026-09-20 19:18:47 CST fit=25/66 dev=0/14
2026-09-20 19:19:47 CST fit=26/66 dev=0/14
2026-09-20 19:20:47 CST fit=26/66 dev=0/14
2026-09-20 19:21:47 CST fit=26/66 dev=0/14
2026-09-20 19:22:47 CST fit=26/66 dev=0/14
2026-09-20 19:23:47 CST fit=26/66 dev=0/14
2026-09-20 19:24:47 CST fit=26/66 dev=0/14
2026-09-20 19:25:47 CST fit=27/66 dev=0/14
2026-09-20 19:26:47 CST fit=27/66 dev=0/14
2026-09-20 19:27:47 CST fit=28/66 dev=0/14
2026-09-20 19:28:47 CST fit=28/66 dev=0/14
2026-09-20 19:29:47 CST fit=28/66 dev=0/14
2026-09-20 19:30:47 CST fit=28/66 dev=0/14
2026-09-20 19:31:47 CST fit=28/66 dev=0/14
2026-09-20 19:32:47 CST fit=28/66 dev=0/14
2026-09-20 19:33:47 CST fit=28/66 dev=0/14
2026-09-20 19:34:47 CST fit=30/66 dev=0/14
2026-09-20 19:35:47 CST fit=30/66 dev=0/14
2026-09-20 19:36:47 CST fit=30/66 dev=0/14
2026-09-20 19:37:47 CST fit=30/66 dev=0/14
2026-09-20 19:38:47 CST fit=30/66 dev=0/14
2026-09-20 19:39:47 CST fit=30/66 dev=0/14
2026-09-20 19:40:47 CST fit=30/66 dev=0/14
2026-09-20 19:41:47 CST fit=31/66 dev=0/14
2026-09-20 19:42:48 CST fit=32/66 dev=0/14
2026-09-20 19:43:48 CST fit=32/66 dev=0/14
2026-09-20 19:44:48 CST fit=32/66 dev=0/14
2026-09-20 19:45:48 CST fit=32/66 dev=0/14
2026-09-20 19:46:48 CST fit=32/66 dev=0/14
2026-09-20 19:47:48 CST fit=32/66 dev=0/14
2026-09-20 19:48:48 CST fit=32/66 dev=0/14
2026-09-20 19:49:48 CST fit=33/66 dev=0/14
2026-09-20 19:50:48 CST fit=34/66 dev=0/14
2026-09-20 19:51:48 CST fit=34/66 dev=0/14
2026-09-20 19:52:48 CST fit=34/66 dev=0/14
2026-09-20 19:53:48 CST fit=34/66 dev=0/14
2026-09-20 19:54:48 CST fit=34/66 dev=0/14
2026-09-20 19:55:48 CST fit=35/66 dev=0/14
2026-09-20 19:56:48 CST fit=35/66 dev=0/14
2026-09-20 19:57:48 CST fit=35/66 dev=0/14
2026-09-20 19:58:48 CST fit=36/66 dev=0/14
2026-09-20 19:59:48 CST fit=36/66 dev=0/14
2026-09-20 20:00:48 CST fit=36/66 dev=0/14
2026-09-20 20:01:48 CST fit=36/66 dev=0/14
2026-09-20 20:02:48 CST fit=36/66 dev=0/14
2026-09-20 20:03:48 CST fit=37/66 dev=0/14
2026-09-20 20:04:48 CST fit=37/66 dev=0/14
2026-09-20 20:05:48 CST fit=37/66 dev=0/14
2026-09-20 20:06:48 CST fit=37/66 dev=0/14
2026-09-20 20:07:48 CST fit=38/66 dev=0/14
2026-09-20 20:08:48 CST fit=38/66 dev=0/14
2026-09-20 20:09:48 CST fit=38/66 dev=0/14
2026-09-20 20:10:48 CST fit=39/66 dev=0/14
2026-09-20 20:11:48 CST fit=39/66 dev=0/14
2026-09-20 20:12:48 CST fit=39/66 dev=0/14
2026-09-20 20:13:48 CST fit=39/66 dev=0/14
2026-09-20 20:14:48 CST fit=40/66 dev=0/14
2026-09-20 20:15:48 CST fit=40/66 dev=0/14
2026-09-20 20:16:48 CST fit=40/66 dev=0/14
2026-09-20 20:17:48 CST fit=40/66 dev=0/14
2026-09-20 20:18:48 CST fit=41/66 dev=0/14
2026-09-20 20:19:48 CST fit=41/66 dev=0/14
2026-09-20 20:20:48 CST fit=41/66 dev=0/14
2026-09-20 20:21:48 CST fit=41/66 dev=0/14
2026-09-20 20:22:48 CST fit=42/66 dev=0/14
2026-09-20 20:23:48 CST fit=42/66 dev=0/14
2026-09-20 20:24:48 CST fit=42/66 dev=0/14
2026-09-20 20:25:48 CST fit=43/66 dev=0/14
2026-09-20 20:26:48 CST fit=43/66 dev=0/14
2026-09-20 20:27:48 CST fit=43/66 dev=0/14
2026-09-20 20:28:48 CST fit=43/66 dev=0/14
2026-09-20 20:29:48 CST fit=43/66 dev=0/14
2026-09-20 20:30:48 CST fit=44/66 dev=0/14
2026-09-20 20:31:48 CST fit=44/66 dev=0/14
2026-09-20 20:32:48 CST fit=45/66 dev=0/14
2026-09-20 20:33:48 CST fit=45/66 dev=0/14
2026-09-20 20:34:48 CST fit=45/66 dev=0/14
2026-09-20 20:35:48 CST fit=45/66 dev=0/14
2026-09-20 20:36:48 CST fit=45/66 dev=0/14
2026-09-20 20:37:48 CST fit=45/66 dev=0/14
2026-09-20 20:38:49 CST fit=46/66 dev=0/14
2026-09-20 20:39:49 CST fit=46/66 dev=0/14
2026-09-20 20:40:49 CST fit=47/66 dev=0/14
2026-09-20 20:41:49 CST fit=47/66 dev=0/14
2026-09-20 20:42:49 CST fit=47/66 dev=0/14
2026-09-20 20:43:49 CST fit=47/66 dev=0/14
2026-09-20 20:44:49 CST fit=47/66 dev=0/14
2026-09-20 20:45:49 CST fit=48/66 dev=0/14
2026-09-20 20:46:49 CST fit=48/66 dev=0/14
2026-09-20 20:47:49 CST fit=48/66 dev=0/14
2026-09-20 20:48:49 CST fit=49/66 dev=0/14
2026-09-20 20:49:49 CST fit=49/66 dev=0/14
2026-09-20 20:50:49 CST fit=49/66 dev=0/14
2026-09-20 20:51:49 CST fit=49/66 dev=0/14
2026-09-20 20:52:49 CST fit=50/66 dev=0/14
2026-09-20 20:53:49 CST fit=50/66 dev=0/14
2026-09-20 20:54:49 CST fit=50/66 dev=0/14
2026-09-20 20:55:49 CST fit=50/66 dev=0/14
2026-09-20 20:56:49 CST fit=51/66 dev=0/14
2026-09-20 20:57:49 CST fit=51/66 dev=0/14
2026-09-20 20:58:49 CST fit=51/66 dev=0/14
2026-09-20 20:59:49 CST fit=51/66 dev=0/14
2026-09-20 21:00:49 CST fit=51/66 dev=0/14
2026-09-20 21:01:49 CST fit=52/66 dev=0/14
2026-09-20 21:02:49 CST fit=52/66 dev=0/14
2026-09-20 21:03:49 CST fit=52/66 dev=0/14
2026-09-20 21:04:49 CST fit=53/66 dev=0/14
2026-09-20 21:05:49 CST fit=53/66 dev=0/14
2026-09-20 21:06:49 CST fit=53/66 dev=0/14
2026-09-20 21:07:49 CST fit=53/66 dev=0/14
2026-09-20 21:08:49 CST fit=53/66 dev=0/14
2026-09-20 21:09:49 CST fit=53/66 dev=0/14
2026-09-20 21:10:49 CST fit=54/66 dev=0/14
2026-09-20 21:11:49 CST fit=55/66 dev=0/14
2026-09-20 21:12:49 CST fit=55/66 dev=0/14
2026-09-20 21:13:49 CST fit=55/66 dev=0/14
2026-09-20 21:14:49 CST fit=55/66 dev=0/14
2026-09-20 21:15:49 CST fit=55/66 dev=0/14
2026-09-20 21:16:49 CST fit=55/66 dev=0/14
2026-09-20 21:17:49 CST fit=55/66 dev=0/14
2026-09-20 21:18:49 CST fit=56/66 dev=0/14
2026-09-20 21:19:49 CST fit=57/66 dev=0/14
2026-09-20 21:20:49 CST fit=57/66 dev=0/14
2026-09-20 21:21:49 CST fit=57/66 dev=0/14
2026-09-20 21:22:49 CST fit=57/66 dev=0/14
2026-09-20 21:23:49 CST fit=57/66 dev=0/14
2026-09-20 21:24:49 CST fit=57/66 dev=0/14
2026-09-20 21:25:49 CST fit=57/66 dev=0/14
2026-09-20 21:26:49 CST fit=58/66 dev=0/14
2026-09-20 21:27:49 CST fit=59/66 dev=0/14
2026-09-20 21:28:49 CST fit=59/66 dev=0/14
2026-09-20 21:29:49 CST fit=59/66 dev=0/14
2026-09-20 21:30:49 CST fit=59/66 dev=0/14
2026-09-20 21:31:49 CST fit=59/66 dev=0/14
2026-09-20 21:32:50 CST fit=59/66 dev=0/14
2026-09-20 21:33:50 CST fit=59/66 dev=0/14
2026-09-20 21:34:50 CST fit=61/66 dev=0/14
2026-09-20 21:35:50 CST fit=61/66 dev=0/14
2026-09-20 21:36:50 CST fit=61/66 dev=0/14
2026-09-20 21:37:50 CST fit=61/66 dev=0/14
2026-09-20 21:38:50 CST fit=62/66 dev=0/14
2026-09-20 21:39:50 CST fit=62/66 dev=0/14
2026-09-20 21:40:50 CST fit=62/66 dev=0/14
2026-09-20 21:41:50 CST fit=62/66 dev=0/14
2026-09-20 21:42:50 CST fit=63/66 dev=0/14
2026-09-20 21:43:50 CST fit=63/66 dev=0/14
2026-09-20 21:44:50 CST fit=63/66 dev=1/14
2026-09-20 21:45:50 CST fit=63/66 dev=1/14
2026-09-20 21:46:50 CST fit=63/66 dev=1/14
2026-09-20 21:47:50 CST fit=63/66 dev=1/14
2026-09-20 21:48:50 CST fit=63/66 dev=1/14
2026-09-20 21:49:50 CST fit=63/66 dev=1/14
2026-09-20 21:50:50 CST fit=64/66 dev=1/14
2026-09-20 21:51:50 CST fit=64/66 dev=1/14
2026-09-20 21:52:50 CST fit=64/66 dev=2/14
2026-09-20 21:53:50 CST fit=64/66 dev=2/14
2026-09-20 21:54:50 CST fit=64/66 dev=2/14
2026-09-20 21:55:50 CST fit=64/66 dev=2/14
2026-09-20 21:56:50 CST fit=64/66 dev=2/14
2026-09-20 21:57:50 CST fit=64/66 dev=2/14
2026-09-20 21:58:50 CST fit=65/66 dev=2/14
2026-09-20 21:59:50 CST fit=65/66 dev=3/14
2026-09-20 22:00:50 CST fit=65/66 dev=3/14
2026-09-20 22:01:50 CST fit=65/66 dev=3/14
2026-09-20 22:02:50 CST fit=65/66 dev=3/14
2026-09-20 22:03:50 CST fit=65/66 dev=3/14
2026-09-20 22:04:50 CST fit=65/66 dev=3/14
2026-09-20 22:05:50 CST fit=65/66 dev=3/14
2026-09-20 22:06:50 CST fit=65/66 dev=4/14
2026-09-20 22:07:50 CST fit=65/66 dev=4/14
2026-09-20 22:08:50 CST fit=65/66 dev=4/14
2026-09-20 22:09:50 CST fit=65/66 dev=4/14
2026-09-20 22:10:50 CST fit=66/66 dev=4/14
2026-09-20 22:11:50 CST fit=66/66 dev=4/14
2026-09-20 22:12:50 CST fit=66/66 dev=4/14
2026-09-20 22:13:50 CST fit=66/66 dev=5/14
2026-09-20 22:14:50 CST fit=66/66 dev=5/14
2026-09-20 22:15:50 CST fit=66/66 dev=5/14
2026-09-20 22:16:50 CST fit=66/66 dev=5/14
2026-09-20 22:17:50 CST fit=66/66 dev=5/14
2026-09-20 22:18:50 CST fit=66/66 dev=5/14
2026-09-20 22:19:50 CST fit=66/66 dev=5/14
2026-09-20 22:20:50 CST fit=66/66 dev=5/14
2026-09-20 22:21:50 CST fit=66/66 dev=6/14
2026-09-20 22:22:50 CST fit=66/66 dev=7/14
2026-09-20 22:23:50 CST fit=66/66 dev=7/14
2026-09-20 22:24:50 CST fit=66/66 dev=7/14
2026-09-20 22:25:50 CST fit=66/66 dev=7/14
2026-09-20 22:26:50 CST fit=66/66 dev=7/14
2026-09-20 22:27:50 CST fit=66/66 dev=7/14
2026-09-20 22:28:50 CST fit=66/66 dev=7/14
2026-09-20 22:29:50 CST fit=66/66 dev=7/14
2026-09-20 22:30:50 CST fit=66/66 dev=8/14
2026-09-20 22:31:50 CST fit=66/66 dev=9/14
2026-09-20 22:32:50 CST fit=66/66 dev=9/14
2026-09-20 22:33:50 CST fit=66/66 dev=9/14
2026-09-20 22:34:50 CST fit=66/66 dev=9/14
2026-09-20 22:35:51 CST fit=66/66 dev=9/14
2026-09-20 22:36:51 CST fit=66/66 dev=9/14
2026-09-20 22:37:51 CST fit=66/66 dev=10/14
2026-09-20 22:38:51 CST fit=66/66 dev=10/14
2026-09-20 22:39:51 CST fit=66/66 dev=10/14
2026-09-20 22:40:51 CST fit=66/66 dev=10/14
2026-09-20 22:41:51 CST fit=66/66 dev=10/14
2026-09-20 22:42:51 CST fit=66/66 dev=10/14
2026-09-20 22:43:51 CST fit=66/66 dev=10/14
2026-09-20 22:44:51 CST fit=66/66 dev=11/14
2026-09-20 22:45:51 CST fit=66/66 dev=11/14
2026-09-20 22:46:51 CST fit=66/66 dev=11/14
2026-09-20 22:47:51 CST fit=66/66 dev=11/14
2026-09-20 22:48:51 CST fit=66/66 dev=11/14
2026-09-20 22:49:51 CST fit=66/66 dev=11/14
2026-09-20 22:50:51 CST fit=66/66 dev=11/14
2026-09-20 22:51:51 CST fit=66/66 dev=12/14
2026-09-20 22:52:51 CST fit=66/66 dev=12/14
2026-09-20 22:53:51 CST fit=66/66 dev=12/14
2026-09-20 22:54:51 CST fit=66/66 dev=12/14
2026-09-20 22:55:51 CST fit=66/66 dev=12/14
2026-09-20 22:56:51 CST fit=66/66 dev=12/14
2026-09-20 22:57:51 CST fit=66/66 dev=13/14
2026-09-20 22:58:51 CST fit=66/66 dev=13/14
2026-09-20 22:59:51 CST fit=66/66 dev=13/14
2026-09-20 23:00:51 CST fit=66/66 dev=13/14
2026-09-20 23:01:51 CST fit=66/66 dev=13/14
2026-09-20 23:02:51 CST fit=66/66 dev=13/14
2026-09-20 23:03:51 CST fit=66/66 dev=13/14
2026-09-20 23:04:51 CST fit=66/66 dev=14/14
{'partition': 'fit', 'shards': 66, 'images': 32590, 'bytes': 1328476132}
{'partition': 'dev', 'shards': 14, 'images': 6990, 'bytes': 282981682}
c78de6d9f08eb71bbdf073efbcfd8734dc8bf541ff1b9060d08c5e750de91a24  /data2/liuhaoran/project/cv/psg/results/relation_decision_regret_v1/p14_full_carrier/fit_full.pkl
31aea7f6bdf6c169ffee211572d196fa80b6bd014b5732de42237c42ca7dae54  /data2/liuhaoran/project/cv/psg/results/relation_decision_regret_v1/p14_full_carrier/dev_full.pkl
fit_full.pkl images= 32590 predicates= 56
dev_full.pkl images= 6990 predicates= 56
Gate 0 + full-dev phenomenon
{
  "schema_version": 1,
  "name": "p1.7_metric_exact_surgery_gate0",
  "carrier": "/data2/liuhaoran/project/cv/psg/results/relation_decision_regret_v1/p14_full_carrier/dev_full.pkl",
  "images": 6868,
  "num_predicates": 56,
  "budget": 50,
  "depth": 3,
  "results": {
    "baseline": {
      "mR": 0.5910844829398634,
      "R": 0.48389325971646013
    },
    "population_exact_oracle": {
      "mR": 0.8146129003857396,
      "R": 0.7240619811965665
    },
    "delta_mR_pp": 22.352841744587625,
    "delta_R_pp": 24.016872148010638
  },
  "repair_accounting": {
    "rows": 254538,
    "applied_swaps": 9292,
    "intervention_rate": 0.03650535479967627,
    "transitions": {
      "wrong_to_wrong": 226637,
      "correct_to_correct": 18717,
      "wrong_to_correct": 9184
    }
  },
  "single_action_parity": {
    "tested": 256,
    "max_abs_mr_residual": 1.284347587592223e-16,
    "max_abs_r_residual": 6.205532778174455e-17
  },
  "distinct_row_additivity": {
    "tested": 64,
    "set_sizes": [
      2,
      3,
      5,
      10
    ],
    "max_abs_mr_residual": 1.280214066809622e-16,
    "max_abs_r_residual": 6.6773301297951e-17,
    "by_size": {
      "2": {
        "tested": 16,
        "max_abs_mr_residual": 6.827127906517023e-17
      },
      "3": {
        "tested": 16,
        "max_abs_mr_residual": 3.7382105061174037e-17
      },
      "5": {
        "tested": 16,
        "max_abs_mr_residual": 8.013312845851946e-17
      },
      "10": {
        "tested": 16,
        "max_abs_mr_residual": 1.280214066809622e-16
      }
    }
  },
  "gate0": {
    "tolerance": 1e-10,
    "pass": true,
    "next": "S0-S7 action controls"
  }
}
fit-only S0-S7 controls
/home/user5/anaconda3/lib/python3.9/site-packages/sklearn/linear_model/_ridge.py:200: LinAlgWarning: Ill-conditioned matrix (rcond=5.43912e-08): result may not be accurate.
  return linalg.solve(A, Xy, assume_a="pos", overwrite_a=True).T
{
  "schema_version": 1,
  "name": "p1.7_s0_s7_fit500_dev500",
  "contract": {
    "fit_only_selection": true,
    "dev_evaluated_once": true,
    "confirm_used": false,
    "support": "frozen top-50 physical pairs"
  },
  "fit_images": 31969,
  "dev_images": 6868,
  "fit_action_groups": 1193380,
  "learned_control_group_cap": 200000,
  "dev_action_groups": 254538,
  "native": {
    "mR": 0.5910844829398634,
    "R": 0.48389325971646013
  },
  "oracle": {
    "mR": 0.8146129003857396,
    "R": 0.7240619811965665,
    "accounting": {
      "rows": 254538,
      "applied_swaps": 9292,
      "intervention_rate": 0.03650535479967627,
      "transitions": {
        "wrong_to_wrong": 226637,
        "correct_to_correct": 18717,
        "wrong_to_correct": 9184
      }
    }
  },
  "controls": {
    "S0": {
      "mR": 0.5910844829398634,
      "R": 0.48389325971646013,
      "delta_mR_pp": 0.0,
      "delta_R_pp": 0.0,
      "accounting": {
        "rows": 254538,
        "applied_swaps": 0,
        "intervention_rate": 0.0,
        "transitions": {
          "wrong_to_wrong": 235821,
          "correct_to_correct": 18717
        }
      },
      "fit": {
        "type": "ThresholdControl",
        "threshold": 1.9371509552001953e-06
      }
    },
    "S1": {
      "mR": 0.5910844829398634,
      "R": 0.48389325971646013,
      "delta_mR_pp": 0.0,
      "delta_R_pp": 0.0,
      "accounting": {
        "rows": 254538,
        "applied_swaps": 0,
        "intervention_rate": 0.0,
        "transitions": {
          "wrong_to_wrong": 235821,
          "correct_to_correct": 18717
        }
      },
      "fit": {
        "type": "ThresholdControl",
        "threshold": 3.314107894897461
      }
    },
    "S2": {
      "mR": 0.5690010925225549,
      "R": 0.4756759196919133,
      "delta_mR_pp": -2.2083390417308446,
      "delta_R_pp": -0.8217340024546826,
      "accounting": {
        "rows": 254538,
        "applied_swaps": 22428,
        "intervention_rate": 0.08811258043985574,
        "transitions": {
          "wrong_to_wrong": 235059,
          "correct_to_correct": 17624,
          "correct_to_wrong": 1093,
          "wrong_to_correct": 762
        }
      },
      "fit": {
        "type": "ThresholdControl",
        "threshold": {
          "5": 0.013858839869499207,
          "23": 0.01179763227701187,
          "1": 0.013868450839072467,
          "2": 0.023917198181152344,
          "54": 0.023820029199123384,
          "7": 0.10438260249793531,
          "0": 0.20983697324991232,
          "55": 0.17360560595989227,
          "42": 0.04204225912690163,
          "21": 2.3122201919555665,
          "14": 0.7351254910230637,
          "44": 0.21799371242523197,
          "30": 0.020799191668629646,
          "35": 1.9862940609455113,
          "20": 0.10066573321819307,
          "37": 0.317492350935936,
          "40": 4.189725399017334,
          "22": 0.7602788090705873,
          "38": 2.1649538278579716,
          "3": 1.7523765563964844e-05,
          "4": 9.5367431640625e-06,
          "27": 0.34107741713523865,
          "34": 1.1994298100471497,
          "11": 0.6006742149591446,
          "24": 0.5326506853103637,
          "15": 0.00040912628173828125,
          "52": 1.0998854756355287,
          "16": 1.2370264634490036,
          "26": 0.000243406742811203,
          "6": 1.239776611328125e-05,
          "10": 0.856516394764185,
          "48": 1.0728836059570312e-05,
          "47": 0.016288560628890992,
          "39": 0.042908108234405544,
          "9": 0.3591000735759735,
          "28": 5.48858256340027,
          "51": 0.000469207763671875,
          "32": 5.2481889724731445e-05,
          "12": 0.02890671193599701,
          "17": 0.39250874370336536,
          "29": 0.9077644348144531,
          "46": 0.20357780456542968,
          "25": 0.7861527383327485,
          "45": 0.051871180534362786,
          "41": 2.852625584602356,
          "36": 0.7071702480316163,
          "13": 0.012234318256378175,
          "19": 0.2993807941675186,
          "50": 0.3885379791259766,
          "53": 1.928676187992096,
          "49": 0.0005207061767578125,
          "33": 4.072344779968262,
          "18": 0.2523201942443848,
          "43": 0.07582859396934509,
          "8": 1.4619743824005134,
          "31": 1.9371509552001953e-06,
          "-1": 1.9371509552001953e-06
        }
      }
    },
    "S3": {
      "mR": 0.5910844829398634,
      "R": 0.48389325971646013,
      "delta_mR_pp": 0.0,
      "delta_R_pp": 0.0,
      "accounting": {
        "rows": 254538,
        "applied_swaps": 0,
        "intervention_rate": 0.0,
        "transitions": {
          "wrong_to_wrong": 235821,
          "correct_to_correct": 18717
        }
      },
      "fit": {
        "type": "PriorAdjustedControl",
        "alpha": 0.0
      }
    },
    "S4": {
      "mR": 0.54078319369629,
      "R": 0.47499695629812155,
      "delta_mR_pp": -5.030128924357335,
      "delta_R_pp": -0.889630341833858,
      "accounting": {
        "rows": 254538,
        "applied_swaps": 25402,
        "intervention_rate": 0.0997964940401826,
        "transitions": {
          "wrong_to_wrong": 235392,
          "correct_to_correct": 17968,
          "wrong_to_correct": 429,
          "correct_to_wrong": 749
        }
      },
      "fit": {
        "type": "LearnedActionControl",
        "threshold": 0.06429756283760071
      }
    },
    "S5": {
      "mR": 0.5437527019712329,
      "R": 0.45520173267889535,
      "delta_mR_pp": -4.733178096863044,
      "delta_R_pp": -2.8691527037564777,
      "accounting": {
        "rows": 254538,
        "applied_swaps": 50534,
        "intervention_rate": 0.19853224272996567,
        "transitions": {
          "wrong_to_wrong": 235004,
          "correct_to_correct": 16722,
          "wrong_to_correct": 817,
          "correct_to_wrong": 1995
        }
      },
      "fit": {
        "type": "LearnedActionControl",
        "threshold": 0.0724566161632538
      }
    },
    "S6": {
      "mR": 0.5043366524154302,
      "R": 0.479935541104094,
      "delta_mR_pp": -8.674783052443313,
      "delta_R_pp": -0.3957718612366157,
      "accounting": {
        "rows": 254538,
        "applied_swaps": 15883,
        "intervention_rate": 0.06239932740887412,
        "transitions": {
          "wrong_to_wrong": 235394,
          "correct_to_correct": 18171,
          "wrong_to_correct": 427,
          "correct_to_wrong": 546
        }
      },
      "fit": {
        "type": "LearnedActionControl",
        "threshold": -0.0008618148371034271
      }
    },
    "S7": {
      "mR": 0.5425107430707118,
      "R": 0.4406177682026667,
      "delta_mR_pp": -4.857373986915158,
      "delta_R_pp": -4.327549151379345,
      "accounting": {
        "rows": 254538,
        "applied_swaps": 51597,
        "intervention_rate": 0.2027084364613535,
        "transitions": {
          "wrong_to_wrong": 235071,
          "correct_to_correct": 16209,
          "correct_to_wrong": 2508,
          "wrong_to_correct": 750
        }
      },
      "fit": {
        "type": "LearnedActionControl",
        "threshold": 0.062096285074949305
      }
    }
  },
  "gate2": {
    "strongest": "S0",
    "oracle_headroom_pp": 22.352841744587625,
    "simple_gain_pp": 0.0,
    "captured_fraction": 0.0,
    "decision": "full MEAR authorized"
  }
}
MEAR seed0 on full fit/dev
{
  "schema_version": 1,
  "name": "p1.7_mear_seed0",
  "contract": {
    "fit_only_training": true,
    "dev_evaluated_once": true,
    "confirm_used": false,
    "keep_score": 0.0,
    "loss": "metric-weighted action ranking + sign"
  },
  "fit_groups": 1193380,
  "dev_groups": 254538,
  "training": {
    "seed": 0,
    "epochs": 5,
    "batch_size": 4096,
    "learning_rate": 0.0003,
    "history": [
      {
        "epoch": 1,
        "loss": 0.742008896927311,
        "rank_loss": 0.4819488694304473,
        "sign_loss": 1.3003001127341023
      },
      {
        "epoch": 2,
        "loss": 0.6582037000215217,
        "rank_loss": 0.41512763872742653,
        "sign_loss": 1.2153802826388242
      },
      {
        "epoch": 3,
        "loss": 0.6387392448848241,
        "rank_loss": 0.39963673973736696,
        "sign_loss": 1.1955125037937948
      },
      {
        "epoch": 4,
        "loss": 0.6323600337929922,
        "rank_loss": 0.397325904350983,
        "sign_loss": 1.1751706220515787
      },
      {
        "epoch": 5,
        "loss": 0.6223735940987116,
        "rank_loss": 0.3900730584378112,
        "sign_loss": 1.1615026603414589
      }
    ],
    "checkpoint": "/data2/liuhaoran/project/cv/psg/results/relation_decision_regret_v2/p17_mear_full_seed0.pt"
  },
  "native": {
    "mR": 0.5910844829398634,
    "R": 0.48389325971646013
  },
  "strongest_simple": {
    "name": "S0",
    "mR": 0.5910844829398634,
    "R": 0.48389325971646013
  },
  "mear": {
    "mR": 0.5764239965000748,
    "R": 0.5054556089614326,
    "accounting": {
      "rows": 254538,
      "applied_swaps": 66026,
      "intervention_rate": 0.2593954537240019,
      "transitions": {
        "wrong_to_wrong": 231713,
        "correct_to_correct": 15385,
        "wrong_to_correct": 4108,
        "correct_to_wrong": 3332
      }
    }
  },
  "oracle": {
    "mR": 0.8146129003857396,
    "R": 0.7240619811965665,
    "accounting": {
      "rows": 254538,
      "applied_swaps": 9292,
      "intervention_rate": 0.03650535479967627,
      "transitions": {
        "wrong_to_wrong": 226637,
        "correct_to_correct": 18717,
        "wrong_to_correct": 9184
      }
    }
  },
  "gate3": {
    "gain_vs_simple_mR_pp": -1.4660486439788567,
    "residual_oracle_capture": -0.06558667845146966,
    "delta_R_vs_native_pp": 2.1562349244972467,
    "pass": false,
    "decision": "kill MEAR"
  },
  "bootstrap_vs_simple": {
    "estimate_pp": -1.4660486439788567,
    "ci95_pp": [
      -3.9280032201200177,
      0.7767753305845432
    ],
    "groups": 6830,
    "replicates": 500
  }
}
STOP: Gate 3 seed0 failed; no DARS/visual evidence/extra seeds
