{
  "schema_version": 2,
  "contract": "full-population predicate-balanced endpoint support + official COCO category-aggregated PQ",
  "mode": "competition",
  "margin": 1.0,
  "images": 500,
  "native_sanity": {
    "passed": true,
    "checked_images": 500
  },
  "metrics": {
    "endpoint_support": 0.672063382707544,
    "predicate_balanced_endpoint_support": 0.7285975503217511,
    "pq": 0.5881448143703655,
    "sq": 0.8302276468960575,
    "rq": 0.6919322141076844,
    "pq_th": 0.6142683727811958,
    "pq_st": 0.548713028089867,
    "pq_categories": 133,
    "pq_thing_categories": 80,
    "pq_stuff_categories": 53,
    "changed_pixel_fraction": 0.04720759861945496,
    "changed_pixels": 6575091,
    "total_pixels": 139280353,
    "changed_queries": 4435,
    "semantic_eligibility_flips": 0,
    "competition_winner_flips": 6575091,
    "native_segment_count": 4819,
    "changed_segment_count": 4384,
    "native_segment_count_change": -435
  },
  "graph_counts": {
    "images": 500,
    "entity_recall_micro": 0.5976372480889507,
    "endpoint_support_micro": 0.672063382707544,
    "endpoint_support_macro_image": 0.7108701825951825,
    "predicate_balanced_endpoint_support": 0.7285975503217511,
    "gt_entities": 5756,
    "matched_gt_entities": 3440,
    "gt_relations": 2903,
    "supported_gt_relations": 1951,
    "gt_per_predicate": [
      505,
      108,
      529,
      569,
      133,
      242,
      66,
      0,
      0,
      2,
      1,
      66,
      9,
      0,
      137,
      13,
      62,
      14,
      3,
      2,
      24,
      101,
      25,
      63,
      1,
      0,
      13,
      1,
      0,
      2,
      4,
      0,
      2,
      0,
      0,
      0,
      31,
      6,
      0,
      7,
      0,
      0,
      6,
      2,
      2,
      9,
      16,
      40,
      60,
      3,
      1,
      10,
      1,
      0,
      4,
      8
    ],
    "hit_per_predicate": [
      362,
      76,
      360,
      344,
      80,
      135,
      34,
      0,
      0,
      0,
      0,
      56,
      8,
      0,
      102,
      8,
      34,
      10,
      3,
      2,
      11,
      70,
      15,
      56,
      1,
      0,
      12,
      1,
      0,
      2,
      4,
      0,
      2,
      0,
      0,
      0,
      21,
      5,
      0,
      6,
      0,
      0,
      6,
      2,
      1,
      3,
      14,
      35,
      47,
      2,
      1,
      10,
      0,
      0,
      3,
      7
    ],
    "per_predicate_endpoint_support": [
      0.7168316831683168,
      0.7037037037037037,
      0.6805293005671077,
      0.6045694200351494,
      0.6015037593984962,
      0.5578512396694215,
      0.5151515151515151,
      0.0,
      0.0,
      0.0,
      0.0,
      0.8484848484848485,
      0.8888888888888888,
      0.0,
      0.7445255474452555,
      0.6153846153846154,
      0.5483870967741935,
      0.7142857142857143,
      1.0,
      1.0,
      0.4583333333333333,
      0.693069306930693,
      0.6,
      0.8888888888888888,
      1.0,
      0.0,
      0.9230769230769231,
      1.0,
      0.0,
      1.0,
      1.0,
      0.0,
      1.0,
      0.0,
      0.0,
      0.0,
      0.6774193548387096,
      0.8333333333333334,
      0.0,
      0.8571428571428571,
      0.0,
      0.0,
      1.0,
      1.0,
      0.5,
      0.3333333333333333,
      0.875,
      0.875,
      0.7833333333333333,
      0.6666666666666666,
      1.0,
      1.0,
      0.0,
      0.0,
      0.75,
      0.875
    ]
  },
  "pq_category_stats": {
    "0": {
      "iou": 601.8604855453743,
      "tp": 731,
      "fp": 60,
      "fn": 353
    },
    "1": {
      "iou": 16.012748500977654,
      "tp": 22,
      "fp": 1,
      "fn": 7
    },
    "2": {
      "iou": 61.4681619793407,
      "tp": 75,
      "fp": 10,
      "fn": 83
    },
    "3": {
      "iou": 14.020867585571608,
      "tp": 17,
      "fp": 2,
      "fn": 1
    },
    "4": {
      "iou": 23.32654556451604,
      "tp": 28,
      "fp": 0,
      "fn": 6
    },
    "5": {
      "iou": 22.012299658424393,
      "tp": 24,
      "fp": 0,
      "fn": 4
    },
    "6": {
      "iou": 28.69636127258005,
      "tp": 32,
      "fp": 3,
      "fn": 8
    },
    "7": {
      "iou": 28.585841254544423,
      "tp": 33,
      "fp": 1,
      "fn": 13
    },
    "8": {
      "iou": 24.46752292932604,
      "tp": 32,
      "fp": 2,
      "fn": 25
    },
    "9": {
      "iou": 30.963628997198576,
      "tp": 38,
      "fp": 7,
      "fn": 29
    },
    "10": {
      "iou": 2.7662443595539545,
      "tp": 3,
      "fp": 0,
      "fn": 0
    },
    "11": {
      "iou": 5.670481688144408,
      "tp": 6,
      "fp": 0,
      "fn": 2
    },
    "12": {
      "iou": 3.6956003685817356,
      "tp": 4,
      "fp": 1,
      "fn": 1
    },
    "13": {
      "iou": 13.453124117496431,
      "tp": 16,
      "fp": 8,
      "fn": 27
    },
    "14": {
      "iou": 15.069134430370115,
      "tp": 18,
      "fp": 2,
      "fn": 45
    },
    "15": {
      "iou": 13.83666114541454,
      "tp": 15,
      "fp": 0,
      "fn": 0
    },
    "16": {
      "iou": 12.288549104205725,
      "tp": 14,
      "fp": 0,
      "fn": 0
    },
    "17": {
      "iou": 15.319527100643004,
      "tp": 20,
      "fp": 10,
      "fn": 7
    },
    "18": {
      "iou": 33.23224157360007,
      "tp": 38,
      "fp": 3,
      "fn": 10
    },
    "19": {
      "iou": 11.94526564545438,
      "tp": 15,
      "fp": 1,
      "fn": 11
    },
    "20": {
      "iou": 21.401819312360573,
      "tp": 25,
      "fp": 0,
      "fn": 4
    },
    "21": {
      "iou": 5.657861337210768,
      "tp": 6,
      "fp": 0,
      "fn": 0
    },
    "22": {
      "iou": 7.088065719948229,
      "tp": 8,
      "fp": 0,
      "fn": 1
    },
    "23": {
      "iou": 9.009375243419287,
      "tp": 10,
      "fp": 0,
      "fn": 0
    },
    "24": {
      "iou": 16.200630319434616,
      "tp": 21,
      "fp": 7,
      "fn": 28
    },
    "25": {
      "iou": 26.99282849498828,
      "tp": 33,
      "fp": 5,
      "fn": 18
    },
    "26": {
      "iou": 19.989599848142998,
      "tp": 26,
      "fp": 6,
      "fn": 41
    },
    "27": {
      "iou": 8.266310309480062,
      "tp": 10,
      "fp": 0,
      "fn": 7
    },
    "28": {
      "iou": 16.3741621451758,
      "tp": 20,
      "fp": 6,
      "fn": 13
    },
    "29": {
      "iou": 9.153705814847438,
      "tp": 11,
      "fp": 0,
      "fn": 1
    },
    "30": {
      "iou": 5.211082046157859,
      "tp": 8,
      "fp": 3,
      "fn": 34
    },
    "31": {
      "iou": 0.7908745247148289,
      "tp": 1,
      "fp": 0,
      "fn": 4
    },
    "32": {
      "iou": 10.724048778462288,
      "tp": 13,
      "fp": 1,
      "fn": 7
    },
    "33": {
      "iou": 12.652559829439257,
      "tp": 16,
      "fp": 3,
      "fn": 36
    },
    "34": {
      "iou": 7.291210499980001,
      "tp": 9,
      "fp": 0,
      "fn": 2
    },
    "35": {
      "iou": 3.8692621218401677,
      "tp": 5,
      "fp": 1,
      "fn": 4
    },
    "36": {
      "iou": 13.989273010851537,
      "tp": 18,
      "fp": 2,
      "fn": 8
    },
    "37": {
      "iou": 20.28185813666146,
      "tp": 25,
      "fp": 0,
      "fn": 14
    },
    "38": {
      "iou": 14.566776441857847,
      "tp": 17,
      "fp": 0,
      "fn": 4
    },
    "39": {
      "iou": 31.08856148013497,
      "tp": 36,
      "fp": 10,
      "fn": 55
    },
    "40": {
      "iou": 11.991108453649419,
      "tp": 15,
      "fp": 6,
      "fn": 13
    },
    "41": {
      "iou": 34.16134043339897,
      "tp": 39,
      "fp": 5,
      "fn": 42
    },
    "42": {
      "iou": 6.166198266439566,
      "tp": 8,
      "fp": 1,
      "fn": 16
    },
    "43": {
      "iou": 10.42459290535797,
      "tp": 13,
      "fp": 3,
      "fn": 26
    },
    "44": {
      "iou": 9.139120723072393,
      "tp": 12,
      "fp": 1,
      "fn": 15
    },
    "45": {
      "iou": 25.961265656163626,
      "tp": 29,
      "fp": 2,
      "fn": 24
    },
    "46": {
      "iou": 7.979562524290428,
      "tp": 10,
      "fp": 3,
      "fn": 22
    },
    "47": {
      "iou": 7.096822123319261,
      "tp": 9,
      "fp": 2,
      "fn": 18
    },
    "48": {
      "iou": 11.235230670094037,
      "tp": 13,
      "fp": 8,
      "fn": 12
    },
    "49": {
      "iou": 10.101696621767589,
      "tp": 12,
      "fp": 0,
      "fn": 9
    },
    "50": {
      "iou": 16.902187774254315,
      "tp": 21,
      "fp": 3,
      "fn": 16
    },
    "51": {
      "iou": 6.9608722316932505,
      "tp": 9,
      "fp": 4,
      "fn": 17
    },
    "52": {
      "iou": 2.749340854635759,
      "tp": 3,
      "fp": 0,
      "fn": 1
    },
    "53": {
      "iou": 14.80564156589313,
      "tp": 16,
      "fp": 1,
      "fn": 3
    },
    "54": {
      "iou": 21.60073520445563,
      "tp": 24,
      "fp": 3,
      "fn": 20
    },
    "55": {
      "iou": 20.47684385700962,
      "tp": 23,
      "fp": 2,
      "fn": 15
    },
    "56": {
      "iou": 80.1293039050396,
      "tp": 97,
      "fp": 20,
      "fn": 78
    },
    "57": {
      "iou": 8.97432585328368,
      "tp": 10,
      "fp": 1,
      "fn": 3
    },
    "58": {
      "iou": 22.69099149643391,
      "tp": 30,
      "fp": 5,
      "fn": 35
    },
    "59": {
      "iou": 10.866721321785349,
      "tp": 13,
      "fp": 3,
      "fn": 5
    },
    "60": {
      "iou": 33.28024561616345,
      "tp": 40,
      "fp": 6,
      "fn": 23
    },
    "61": {
      "iou": 8.039954812467938,
      "tp": 9,
      "fp": 0,
      "fn": 2
    },
    "62": {
      "iou": 21.075386236033175,
      "tp": 23,
      "fp": 0,
      "fn": 2
    },
    "63": {
      "iou": 10.720824882613531,
      "tp": 12,
      "fp": 0,
      "fn": 4
    },
    "64": {
      "iou": 6.214510571415841,
      "tp": 7,
      "fp": 0,
      "fn": 5
    },
    "65": {
      "iou": 6.354956711251705,
      "tp": 8,
      "fp": 2,
      "fn": 1
    },
    "66": {
      "iou": 12.259040818810838,
      "tp": 14,
      "fp": 2,
      "fn": 0
    },
    "67": {
      "iou": 7.48951357159241,
      "tp": 9,
      "fp": 2,
      "fn": 6
    },
    "68": {
      "iou": 6.374432206161536,
      "tp": 7,
      "fp": 0,
      "fn": 0
    },
    "69": {
      "iou": 11.138971074934208,
      "tp": 13,
      "fp": 1,
      "fn": 4
    },
    "70": {
      "iou": 0.0,
      "tp": 0,
      "fp": 0,
      "fn": 2
    },
    "71": {
      "iou": 14.023803031710614,
      "tp": 16,
      "fp": 3,
      "fn": 12
    },
    "72": {
      "iou": 8.478996071039893,
      "tp": 9,
      "fp": 1,
      "fn": 1
    },
    "73": {
      "iou": 26.719165449333765,
      "tp": 34,
      "fp": 8,
      "fn": 54
    },
    "74": {
      "iou": 15.361334126164627,
      "tp": 18,
      "fp": 1,
      "fn": 3
    },
    "75": {
      "iou": 5.906057872487555,
      "tp": 7,
      "fp": 3,
      "fn": 5
    },
    "76": {
      "iou": 0.9574912891986063,
      "tp": 1,
      "fp": 0,
      "fn": 3
    },
    "77": {
      "iou": 11.071203486283938,
      "tp": 13,
      "fp": 2,
      "fn": 8
    },
    "78": {
      "iou": 0.875,
      "tp": 1,
      "fp": 0,
      "fn": 1
    },
    "79": {
      "iou": 5.3411644421880915,
      "tp": 7,
      "fp": 1,
      "fn": 5
    },
    "80": {
      "iou": 6.676240898813789,
      "tp": 8,
      "fp": 4,
      "fn": 14
    },
    "81": {
      "iou": 1.8918348852022784,
      "tp": 2,
      "fp": 0,
      "fn": 7
    },
    "82": {
      "iou": 9.547933418092299,
      "tp": 12,
      "fp": 0,
      "fn": 2
    },
    "83": {
      "iou": 3.196090362367405,
      "tp": 4,
      "fp": 2,
      "fn": 11
    },
    "84": {
      "iou": 15.431772090303907,
      "tp": 19,
      "fp": 4,
      "fn": 11
    },
    "85": {
      "iou": 11.732322813235523,
      "tp": 14,
      "fp": 1,
      "fn": 5
    },
    "86": {
      "iou": 18.90194521831828,
      "tp": 23,
      "fp": 1,
      "fn": 14
    },
    "87": {
      "iou": 17.904577427239808,
      "tp": 21,
      "fp": 4,
      "fn": 4
    },
    "88": {
      "iou": 4.245248144167901,
      "tp": 6,
      "fp": 3,
      "fn": 9
    },
    "89": {
      "iou": 0.7171510664161785,
      "tp": 1,
      "fp": 3,
      "fn": 7
    },
    "90": {
      "iou": 3.947096536153854,
      "tp": 5,
      "fp": 1,
      "fn": 10
    },
    "91": {
      "iou": 6.704857331195406,
      "tp": 9,
      "fp": 2,
      "fn": 19
    },
    "92": {
      "iou": 8.104758148869582,
      "tp": 10,
      "fp": 4,
      "fn": 41
    },
    "93": {
      "iou": 7.94530205309573,
      "tp": 9,
      "fp": 2,
      "fn": 4
    },
    "94": {
      "iou": 2.627663023027426,
      "tp": 3,
      "fp": 1,
      "fn": 3
    },
    "95": {
      "iou": 0.9140313890840946,
      "tp": 1,
      "fp": 3,
      "fn": 4
    },
    "96": {
      "iou": 13.291197680976921,
      "tp": 15,
      "fp": 2,
      "fn": 8
    },
    "97": {
      "iou": 14.162101962074738,
      "tp": 15,
      "fp": 4,
      "fn": 5
    },
    "98": {
      "iou": 12.108735722300269,
      "tp": 15,
      "fp": 3,
      "fn": 8
    },
    "99": {
      "iou": 5.356328590915628,
      "tp": 6,
      "fp": 2,
      "fn": 1
    },
    "100": {
      "iou": 54.34320881416109,
      "tp": 62,
      "fp": 3,
      "fn": 10
    },
    "101": {
      "iou": 3.217658190372252,
      "tp": 4,
      "fp": 4,
      "fn": 18
    },
    "102": {
      "iou": 15.575441326066397,
      "tp": 18,
      "fp": 0,
      "fn": 5
    },
    "103": {
      "iou": 32.834934302611764,
      "tp": 36,
      "fp": 0,
      "fn": 4
    },
    "104": {
      "iou": 4.082960171300024,
      "tp": 5,
      "fp": 6,
      "fn": 13
    },
    "105": {
      "iou": 23.632243714792715,
      "tp": 25,
      "fp": 0,
      "fn": 0
    },
    "106": {
      "iou": 2.3476058232546566,
      "tp": 3,
      "fp": 2,
      "fn": 10
    },
    "107": {
      "iou": 0.0,
      "tp": 0,
      "fp": 2,
      "fn": 6
    },
    "108": {
      "iou": 6.744271912623285,
      "tp": 8,
      "fp": 1,
      "fn": 5
    },
    "109": {
      "iou": 13.01065697533713,
      "tp": 16,
      "fp": 2,
      "fn": 9
    },
    "110": {
      "iou": 2.57000631768556,
      "tp": 3,
      "fp": 1,
      "fn": 5
    },
    "111": {
      "iou": 17.766952954952707,
      "tp": 20,
      "fp": 2,
      "fn": 10
    },
    "112": {
      "iou": 8.086668195499376,
      "tp": 9,
      "fp": 6,
      "fn": 14
    },
    "113": {
      "iou": 6.09688216951267,
      "tp": 7,
      "fp": 4,
      "fn": 4
    },
    "114": {
      "iou": 5.872417893272376,
      "tp": 7,
      "fp": 2,
      "fn": 5
    },
    "115": {
      "iou": 27.60007619451008,
      "tp": 33,
      "fp": 6,
      "fn": 23
    },
    "116": {
      "iou": 133.18933571142526,
      "tp": 159,
      "fp": 6,
      "fn": 30
    },
    "117": {
      "iou": 31.759998963379914,
      "tp": 39,
      "fp": 12,
      "fn": 29
    },
    "118": {
      "iou": 31.471952105095525,
      "tp": 36,
      "fp": 3,
      "fn": 14
    },
    "119": {
      "iou": 188.67997972460248,
      "tp": 202,
      "fp": 3,
      "fn": 19
    },
    "120": {
      "iou": 18.916367188977233,
      "tp": 23,
      "fp": 4,
      "fn": 6
    },
    "121": {
      "iou": 28.193432501028138,
      "tp": 35,
      "fp": 6,
      "fn": 42
    },
    "122": {
      "iou": 28.77865984371613,
      "tp": 33,
      "fp": 6,
      "fn": 24
    },
    "123": {
      "iou": 45.52989478339757,
      "tp": 52,
      "fp": 4,
      "fn": 24
    },
    "124": {
      "iou": 16.849025371831935,
      "tp": 19,
      "fp": 3,
      "fn": 12
    },
    "125": {
      "iou": 65.253934970448,
      "tp": 75,
      "fp": 10,
      "fn": 32
    },
    "126": {
      "iou": 18.121799830651568,
      "tp": 21,
      "fp": 3,
      "fn": 20
    },
    "127": {
      "iou": 13.916609514594557,
      "tp": 17,
      "fp": 7,
      "fn": 21
    },
    "128": {
      "iou": 11.702793953103876,
      "tp": 15,
      "fp": 3,
      "fn": 9
    },
    "129": {
      "iou": 58.84842259077759,
      "tp": 74,
      "fp": 21,
      "fn": 41
    },
    "130": {
      "iou": 9.420118874120746,
      "tp": 11,
      "fp": 5,
      "fn": 10
    },
    "131": {
      "iou": 102.05216032305441,
      "tp": 122,
      "fp": 11,
      "fn": 54
    },
    "132": {
      "iou": 14.023082578291007,
      "tp": 17,
      "fp": 3,
      "fn": 5
    }
  },
  "relation_metrics_note": "Only Endpoint Support and Balanced Endpoint Support are reported; no R@K/mR@K proxy is labeled as a relation result."
}
