{
  "schema_version": 2,
  "contract": "full-population predicate-balanced endpoint support + official COCO category-aggregated PQ",
  "mode": "competition",
  "margin": 0.1,
  "images": 500,
  "native_sanity": {
    "passed": true,
    "checked_images": 500
  },
  "metrics": {
    "endpoint_support": 0.6727523251808474,
    "predicate_balanced_endpoint_support": 0.7489468804056285,
    "pq": 0.5828613233151169,
    "sq": 0.830648311237487,
    "rq": 0.6902971978065738,
    "pq_th": 0.612104833767623,
    "pq_st": 0.5387201754622778,
    "pq_categories": 133,
    "pq_thing_categories": 80,
    "pq_stuff_categories": 53,
    "changed_pixel_fraction": 0.01410143611568819,
    "changed_pixels": 1964053,
    "total_pixels": 139280353,
    "changed_queries": 4113,
    "semantic_eligibility_flips": 0,
    "competition_winner_flips": 1964053,
    "native_segment_count": 4819,
    "changed_segment_count": 4746,
    "native_segment_count_change": -73
  },
  "graph_counts": {
    "images": 500,
    "entity_recall_micro": 0.6125781792911744,
    "endpoint_support_micro": 0.6727523251808474,
    "endpoint_support_macro_image": 0.7073460411810413,
    "predicate_balanced_endpoint_support": 0.7489468804056285,
    "gt_entities": 5756,
    "matched_gt_entities": 3526,
    "gt_relations": 2903,
    "supported_gt_relations": 1953,
    "gt_per_predicate": [
      505,
      108,
      529,
      569,
      133,
      242,
      66,
      0,
      0,
      2,
      1,
      66,
      9,
      0,
      137,
      13,
      62,
      14,
      3,
      2,
      24,
      101,
      25,
      63,
      1,
      0,
      13,
      1,
      0,
      2,
      4,
      0,
      2,
      0,
      0,
      0,
      31,
      6,
      0,
      7,
      0,
      0,
      6,
      2,
      2,
      9,
      16,
      40,
      60,
      3,
      1,
      10,
      1,
      0,
      4,
      8
    ],
    "hit_per_predicate": [
      375,
      76,
      363,
      330,
      80,
      135,
      32,
      0,
      0,
      1,
      0,
      57,
      8,
      0,
      97,
      8,
      35,
      10,
      3,
      2,
      11,
      74,
      17,
      55,
      1,
      0,
      12,
      1,
      0,
      2,
      4,
      0,
      2,
      0,
      0,
      0,
      21,
      5,
      0,
      6,
      0,
      0,
      6,
      2,
      1,
      3,
      14,
      35,
      45,
      3,
      1,
      10,
      0,
      0,
      3,
      7
    ],
    "per_predicate_endpoint_support": [
      0.7425742574257426,
      0.7037037037037037,
      0.6862003780718336,
      0.5799648506151143,
      0.6015037593984962,
      0.5578512396694215,
      0.48484848484848486,
      0.0,
      0.0,
      0.5,
      0.0,
      0.8636363636363636,
      0.8888888888888888,
      0.0,
      0.708029197080292,
      0.6153846153846154,
      0.5645161290322581,
      0.7142857142857143,
      1.0,
      1.0,
      0.4583333333333333,
      0.7326732673267327,
      0.68,
      0.873015873015873,
      1.0,
      0.0,
      0.9230769230769231,
      1.0,
      0.0,
      1.0,
      1.0,
      0.0,
      1.0,
      0.0,
      0.0,
      0.0,
      0.6774193548387096,
      0.8333333333333334,
      0.0,
      0.8571428571428571,
      0.0,
      0.0,
      1.0,
      1.0,
      0.5,
      0.3333333333333333,
      0.875,
      0.875,
      0.75,
      1.0,
      1.0,
      1.0,
      0.0,
      0.0,
      0.75,
      0.875
    ]
  },
  "pq_category_stats": {
    "0": {
      "iou": 620.7084183293114,
      "tp": 757,
      "fp": 75,
      "fn": 327
    },
    "1": {
      "iou": 16.711923617274028,
      "tp": 23,
      "fp": 1,
      "fn": 6
    },
    "2": {
      "iou": 63.0875754841224,
      "tp": 78,
      "fp": 16,
      "fn": 80
    },
    "3": {
      "iou": 14.02948015825161,
      "tp": 17,
      "fp": 4,
      "fn": 1
    },
    "4": {
      "iou": 23.312456073717833,
      "tp": 28,
      "fp": 0,
      "fn": 6
    },
    "5": {
      "iou": 21.04096440000777,
      "tp": 23,
      "fp": 0,
      "fn": 5
    },
    "6": {
      "iou": 28.13779955225989,
      "tp": 31,
      "fp": 3,
      "fn": 9
    },
    "7": {
      "iou": 28.65357261581259,
      "tp": 33,
      "fp": 3,
      "fn": 13
    },
    "8": {
      "iou": 25.960406730979024,
      "tp": 34,
      "fp": 5,
      "fn": 23
    },
    "9": {
      "iou": 32.43471289639717,
      "tp": 40,
      "fp": 7,
      "fn": 27
    },
    "10": {
      "iou": 2.7662443595539545,
      "tp": 3,
      "fp": 0,
      "fn": 0
    },
    "11": {
      "iou": 6.5874486920017725,
      "tp": 7,
      "fp": 0,
      "fn": 1
    },
    "12": {
      "iou": 3.7006071319561644,
      "tp": 4,
      "fp": 2,
      "fn": 1
    },
    "13": {
      "iou": 13.491417527820524,
      "tp": 16,
      "fp": 9,
      "fn": 27
    },
    "14": {
      "iou": 17.318376084938432,
      "tp": 21,
      "fp": 4,
      "fn": 42
    },
    "15": {
      "iou": 13.846193892402292,
      "tp": 15,
      "fp": 0,
      "fn": 0
    },
    "16": {
      "iou": 12.301623906471594,
      "tp": 14,
      "fp": 0,
      "fn": 0
    },
    "17": {
      "iou": 15.364999974425595,
      "tp": 20,
      "fp": 12,
      "fn": 7
    },
    "18": {
      "iou": 33.9546088231913,
      "tp": 39,
      "fp": 3,
      "fn": 9
    },
    "19": {
      "iou": 12.720830050088535,
      "tp": 16,
      "fp": 3,
      "fn": 10
    },
    "20": {
      "iou": 21.542615940711833,
      "tp": 25,
      "fp": 0,
      "fn": 4
    },
    "21": {
      "iou": 5.678326008668506,
      "tp": 6,
      "fp": 0,
      "fn": 0
    },
    "22": {
      "iou": 7.115446206012393,
      "tp": 8,
      "fp": 0,
      "fn": 1
    },
    "23": {
      "iou": 9.007629136530227,
      "tp": 10,
      "fp": 0,
      "fn": 0
    },
    "24": {
      "iou": 16.81364756987759,
      "tp": 22,
      "fp": 10,
      "fn": 27
    },
    "25": {
      "iou": 27.6670255800843,
      "tp": 34,
      "fp": 8,
      "fn": 17
    },
    "26": {
      "iou": 21.07898170063875,
      "tp": 28,
      "fp": 6,
      "fn": 39
    },
    "27": {
      "iou": 8.22770932066967,
      "tp": 10,
      "fp": 0,
      "fn": 7
    },
    "28": {
      "iou": 16.367540504326506,
      "tp": 20,
      "fp": 6,
      "fn": 13
    },
    "29": {
      "iou": 9.127680715810545,
      "tp": 11,
      "fp": 0,
      "fn": 1
    },
    "30": {
      "iou": 6.875448005546461,
      "tp": 11,
      "fp": 17,
      "fn": 31
    },
    "31": {
      "iou": 0.7908745247148289,
      "tp": 1,
      "fp": 2,
      "fn": 4
    },
    "32": {
      "iou": 12.360921442292385,
      "tp": 15,
      "fp": 1,
      "fn": 5
    },
    "33": {
      "iou": 13.26649167370561,
      "tp": 17,
      "fp": 3,
      "fn": 35
    },
    "34": {
      "iou": 8.422161247613166,
      "tp": 11,
      "fp": 1,
      "fn": 0
    },
    "35": {
      "iou": 4.5374215100304465,
      "tp": 6,
      "fp": 2,
      "fn": 3
    },
    "36": {
      "iou": 15.435270397543475,
      "tp": 20,
      "fp": 3,
      "fn": 6
    },
    "37": {
      "iou": 21.82451142706833,
      "tp": 27,
      "fp": 4,
      "fn": 12
    },
    "38": {
      "iou": 14.559444577257914,
      "tp": 17,
      "fp": 0,
      "fn": 4
    },
    "39": {
      "iou": 33.49287479778532,
      "tp": 39,
      "fp": 16,
      "fn": 52
    },
    "40": {
      "iou": 12.538432789242048,
      "tp": 16,
      "fp": 8,
      "fn": 12
    },
    "41": {
      "iou": 35.06962516768361,
      "tp": 40,
      "fp": 6,
      "fn": 41
    },
    "42": {
      "iou": 7.634499191545153,
      "tp": 10,
      "fp": 3,
      "fn": 14
    },
    "43": {
      "iou": 10.492788813013355,
      "tp": 13,
      "fp": 6,
      "fn": 26
    },
    "44": {
      "iou": 9.096575132920742,
      "tp": 12,
      "fp": 3,
      "fn": 15
    },
    "45": {
      "iou": 29.42753744332648,
      "tp": 33,
      "fp": 3,
      "fn": 20
    },
    "46": {
      "iou": 7.052445883535601,
      "tp": 9,
      "fp": 4,
      "fn": 23
    },
    "47": {
      "iou": 8.52759925696523,
      "tp": 11,
      "fp": 2,
      "fn": 16
    },
    "48": {
      "iou": 11.253454245028557,
      "tp": 13,
      "fp": 10,
      "fn": 12
    },
    "49": {
      "iou": 10.121863110255807,
      "tp": 12,
      "fp": 2,
      "fn": 9
    },
    "50": {
      "iou": 12.885085163077472,
      "tp": 16,
      "fp": 4,
      "fn": 21
    },
    "51": {
      "iou": 6.926970259238566,
      "tp": 9,
      "fp": 5,
      "fn": 17
    },
    "52": {
      "iou": 2.7478353472804375,
      "tp": 3,
      "fp": 0,
      "fn": 1
    },
    "53": {
      "iou": 14.803833116607763,
      "tp": 16,
      "fp": 2,
      "fn": 3
    },
    "54": {
      "iou": 21.440051316140543,
      "tp": 24,
      "fp": 7,
      "fn": 20
    },
    "55": {
      "iou": 20.277629648688194,
      "tp": 23,
      "fp": 3,
      "fn": 15
    },
    "56": {
      "iou": 82.75621501464988,
      "tp": 100,
      "fp": 27,
      "fn": 75
    },
    "57": {
      "iou": 9.002360411804592,
      "tp": 10,
      "fp": 1,
      "fn": 3
    },
    "58": {
      "iou": 25.963468044690877,
      "tp": 34,
      "fp": 8,
      "fn": 31
    },
    "59": {
      "iou": 11.220832879169446,
      "tp": 14,
      "fp": 3,
      "fn": 4
    },
    "60": {
      "iou": 30.756651760677467,
      "tp": 37,
      "fp": 12,
      "fn": 26
    },
    "61": {
      "iou": 8.816755497962175,
      "tp": 10,
      "fp": 0,
      "fn": 1
    },
    "62": {
      "iou": 21.822322306695625,
      "tp": 24,
      "fp": 0,
      "fn": 1
    },
    "63": {
      "iou": 10.630977914203955,
      "tp": 12,
      "fp": 0,
      "fn": 4
    },
    "64": {
      "iou": 6.221770991375044,
      "tp": 7,
      "fp": 0,
      "fn": 5
    },
    "65": {
      "iou": 6.361235070917485,
      "tp": 8,
      "fp": 3,
      "fn": 1
    },
    "66": {
      "iou": 12.204295589838473,
      "tp": 14,
      "fp": 2,
      "fn": 0
    },
    "67": {
      "iou": 8.14997574856698,
      "tp": 10,
      "fp": 3,
      "fn": 5
    },
    "68": {
      "iou": 6.370310102657991,
      "tp": 7,
      "fp": 0,
      "fn": 0
    },
    "69": {
      "iou": 11.074536169508878,
      "tp": 13,
      "fp": 3,
      "fn": 4
    },
    "70": {
      "iou": 0.0,
      "tp": 0,
      "fp": 0,
      "fn": 2
    },
    "71": {
      "iou": 13.917406765707327,
      "tp": 16,
      "fp": 4,
      "fn": 12
    },
    "72": {
      "iou": 8.438842613304281,
      "tp": 9,
      "fp": 1,
      "fn": 1
    },
    "73": {
      "iou": 25.08049595104594,
      "tp": 32,
      "fp": 12,
      "fn": 56
    },
    "74": {
      "iou": 17.040111573207206,
      "tp": 20,
      "fp": 2,
      "fn": 1
    },
    "75": {
      "iou": 6.470866480655188,
      "tp": 8,
      "fp": 4,
      "fn": 4
    },
    "76": {
      "iou": 0.9574912891986063,
      "tp": 1,
      "fp": 0,
      "fn": 3
    },
    "77": {
      "iou": 11.650376346098701,
      "tp": 14,
      "fp": 1,
      "fn": 7
    },
    "78": {
      "iou": 0.8589580686149937,
      "tp": 1,
      "fp": 0,
      "fn": 1
    },
    "79": {
      "iou": 6.65740595198297,
      "tp": 9,
      "fp": 1,
      "fn": 3
    },
    "80": {
      "iou": 7.285065074484761,
      "tp": 9,
      "fp": 5,
      "fn": 13
    },
    "81": {
      "iou": 1.8918348852022784,
      "tp": 2,
      "fp": 0,
      "fn": 7
    },
    "82": {
      "iou": 8.599458943653143,
      "tp": 11,
      "fp": 0,
      "fn": 3
    },
    "83": {
      "iou": 3.229514301570053,
      "tp": 4,
      "fp": 2,
      "fn": 11
    },
    "84": {
      "iou": 14.584050276158964,
      "tp": 18,
      "fp": 6,
      "fn": 12
    },
    "85": {
      "iou": 12.418936631599445,
      "tp": 15,
      "fp": 1,
      "fn": 4
    },
    "86": {
      "iou": 21.836311541420024,
      "tp": 26,
      "fp": 4,
      "fn": 11
    },
    "87": {
      "iou": 17.94533540952235,
      "tp": 21,
      "fp": 4,
      "fn": 4
    },
    "88": {
      "iou": 4.285276712657421,
      "tp": 6,
      "fp": 4,
      "fn": 9
    },
    "89": {
      "iou": 0.7814759411618051,
      "tp": 1,
      "fp": 3,
      "fn": 7
    },
    "90": {
      "iou": 3.447475247479866,
      "tp": 4,
      "fp": 3,
      "fn": 11
    },
    "91": {
      "iou": 6.645967716691477,
      "tp": 9,
      "fp": 4,
      "fn": 19
    },
    "92": {
      "iou": 11.062811159763106,
      "tp": 14,
      "fp": 12,
      "fn": 37
    },
    "93": {
      "iou": 7.9581974970112075,
      "tp": 9,
      "fp": 2,
      "fn": 4
    },
    "94": {
      "iou": 2.6227709168716364,
      "tp": 3,
      "fp": 2,
      "fn": 3
    },
    "95": {
      "iou": 0.9160905840286054,
      "tp": 1,
      "fp": 3,
      "fn": 4
    },
    "96": {
      "iou": 11.54997189619317,
      "tp": 13,
      "fp": 4,
      "fn": 10
    },
    "97": {
      "iou": 13.17511578100927,
      "tp": 14,
      "fp": 6,
      "fn": 6
    },
    "98": {
      "iou": 11.866510234987775,
      "tp": 15,
      "fp": 4,
      "fn": 8
    },
    "99": {
      "iou": 5.406853308930076,
      "tp": 6,
      "fp": 3,
      "fn": 1
    },
    "100": {
      "iou": 52.30581049482358,
      "tp": 60,
      "fp": 9,
      "fn": 12
    },
    "101": {
      "iou": 5.512700218248476,
      "tp": 7,
      "fp": 6,
      "fn": 15
    },
    "102": {
      "iou": 14.433290683334201,
      "tp": 16,
      "fp": 0,
      "fn": 7
    },
    "103": {
      "iou": 32.862674132866765,
      "tp": 36,
      "fp": 2,
      "fn": 4
    },
    "104": {
      "iou": 4.5523007248004035,
      "tp": 6,
      "fp": 8,
      "fn": 12
    },
    "105": {
      "iou": 23.60417260191784,
      "tp": 25,
      "fp": 1,
      "fn": 0
    },
    "106": {
      "iou": 2.9834964503627335,
      "tp": 4,
      "fp": 4,
      "fn": 9
    },
    "107": {
      "iou": 0.6890354165747806,
      "tp": 1,
      "fp": 2,
      "fn": 5
    },
    "108": {
      "iou": 8.038663662721408,
      "tp": 10,
      "fp": 2,
      "fn": 3
    },
    "109": {
      "iou": 12.902345483484241,
      "tp": 16,
      "fp": 2,
      "fn": 9
    },
    "110": {
      "iou": 2.6384948419160468,
      "tp": 3,
      "fp": 2,
      "fn": 5
    },
    "111": {
      "iou": 17.704007284666243,
      "tp": 20,
      "fp": 2,
      "fn": 10
    },
    "112": {
      "iou": 8.151740739646861,
      "tp": 9,
      "fp": 8,
      "fn": 14
    },
    "113": {
      "iou": 5.000171825900211,
      "tp": 6,
      "fp": 6,
      "fn": 5
    },
    "114": {
      "iou": 6.659055292698501,
      "tp": 8,
      "fp": 2,
      "fn": 4
    },
    "115": {
      "iou": 25.209004951255697,
      "tp": 30,
      "fp": 7,
      "fn": 26
    },
    "116": {
      "iou": 139.30403891425783,
      "tp": 168,
      "fp": 11,
      "fn": 21
    },
    "117": {
      "iou": 31.96537263756894,
      "tp": 39,
      "fp": 21,
      "fn": 29
    },
    "118": {
      "iou": 32.31191789033221,
      "tp": 37,
      "fp": 6,
      "fn": 13
    },
    "119": {
      "iou": 190.68269520181548,
      "tp": 205,
      "fp": 4,
      "fn": 16
    },
    "120": {
      "iou": 18.79206885074331,
      "tp": 23,
      "fp": 4,
      "fn": 6
    },
    "121": {
      "iou": 25.514172002355906,
      "tp": 32,
      "fp": 9,
      "fn": 45
    },
    "122": {
      "iou": 29.37549250220624,
      "tp": 34,
      "fp": 7,
      "fn": 23
    },
    "123": {
      "iou": 41.60726485797183,
      "tp": 48,
      "fp": 8,
      "fn": 28
    },
    "124": {
      "iou": 18.673794337128967,
      "tp": 22,
      "fp": 5,
      "fn": 9
    },
    "125": {
      "iou": 67.70268554977926,
      "tp": 79,
      "fp": 15,
      "fn": 28
    },
    "126": {
      "iou": 21.676192570527054,
      "tp": 26,
      "fp": 8,
      "fn": 15
    },
    "127": {
      "iou": 13.838333025645374,
      "tp": 18,
      "fp": 11,
      "fn": 20
    },
    "128": {
      "iou": 11.474191789671746,
      "tp": 15,
      "fp": 3,
      "fn": 9
    },
    "129": {
      "iou": 60.21933534376277,
      "tp": 76,
      "fp": 27,
      "fn": 39
    },
    "130": {
      "iou": 9.280118081071775,
      "tp": 11,
      "fp": 6,
      "fn": 10
    },
    "131": {
      "iou": 103.02745365400885,
      "tp": 123,
      "fp": 20,
      "fn": 53
    },
    "132": {
      "iou": 13.625183019883272,
      "tp": 16,
      "fp": 4,
      "fn": 6
    }
  },
  "relation_metrics_note": "Only Endpoint Support and Balanced Endpoint Support are reported; no R@K/mR@K proxy is labeled as a relation result."
}
