{
  "schema_version": 2,
  "contract": "full-population predicate-balanced endpoint support + official COCO category-aggregated PQ",
  "mode": "competition",
  "margin": 0.5,
  "images": 500,
  "native_sanity": {
    "passed": true,
    "checked_images": 500
  },
  "metrics": {
    "endpoint_support": 0.6879090595935239,
    "predicate_balanced_endpoint_support": 0.7535147618081105,
    "pq": 0.5916695707375297,
    "sq": 0.8330477711454982,
    "rq": 0.6985104878820728,
    "pq_th": 0.6181659902900074,
    "pq_st": 0.5516749751866201,
    "pq_categories": 133,
    "pq_thing_categories": 80,
    "pq_stuff_categories": 53,
    "changed_pixel_fraction": 0.036878259491487646,
    "changed_pixels": 5136417,
    "total_pixels": 139280353,
    "changed_queries": 4364,
    "semantic_eligibility_flips": 0,
    "competition_winner_flips": 5136417,
    "native_segment_count": 4819,
    "changed_segment_count": 4578,
    "native_segment_count_change": -241
  },
  "graph_counts": {
    "images": 500,
    "entity_recall_micro": 0.613273106323836,
    "endpoint_support_micro": 0.6879090595935239,
    "endpoint_support_macro_image": 0.7217633139083138,
    "predicate_balanced_endpoint_support": 0.7535147618081105,
    "gt_entities": 5756,
    "matched_gt_entities": 3530,
    "gt_relations": 2903,
    "supported_gt_relations": 1997,
    "gt_per_predicate": [
      505,
      108,
      529,
      569,
      133,
      242,
      66,
      0,
      0,
      2,
      1,
      66,
      9,
      0,
      137,
      13,
      62,
      14,
      3,
      2,
      24,
      101,
      25,
      63,
      1,
      0,
      13,
      1,
      0,
      2,
      4,
      0,
      2,
      0,
      0,
      0,
      31,
      6,
      0,
      7,
      0,
      0,
      6,
      2,
      2,
      9,
      16,
      40,
      60,
      3,
      1,
      10,
      1,
      0,
      4,
      8
    ],
    "hit_per_predicate": [
      371,
      77,
      373,
      348,
      84,
      140,
      36,
      0,
      0,
      1,
      0,
      57,
      8,
      0,
      103,
      8,
      35,
      10,
      3,
      2,
      11,
      72,
      16,
      56,
      1,
      0,
      12,
      1,
      0,
      2,
      4,
      0,
      2,
      0,
      0,
      0,
      21,
      5,
      0,
      6,
      0,
      0,
      6,
      2,
      1,
      3,
      14,
      35,
      47,
      3,
      1,
      10,
      0,
      0,
      3,
      7
    ],
    "per_predicate_endpoint_support": [
      0.7346534653465346,
      0.7129629629629629,
      0.7051039697542533,
      0.6115992970123023,
      0.631578947368421,
      0.5785123966942148,
      0.5454545454545454,
      0.0,
      0.0,
      0.5,
      0.0,
      0.8636363636363636,
      0.8888888888888888,
      0.0,
      0.7518248175182481,
      0.6153846153846154,
      0.5645161290322581,
      0.7142857142857143,
      1.0,
      1.0,
      0.4583333333333333,
      0.7128712871287128,
      0.64,
      0.8888888888888888,
      1.0,
      0.0,
      0.9230769230769231,
      1.0,
      0.0,
      1.0,
      1.0,
      0.0,
      1.0,
      0.0,
      0.0,
      0.0,
      0.6774193548387096,
      0.8333333333333334,
      0.0,
      0.8571428571428571,
      0.0,
      0.0,
      1.0,
      1.0,
      0.5,
      0.3333333333333333,
      0.875,
      0.875,
      0.7833333333333333,
      1.0,
      1.0,
      1.0,
      0.0,
      0.0,
      0.75,
      0.875
    ]
  },
  "pq_category_stats": {
    "0": {
      "iou": 614.9610104335809,
      "tp": 749,
      "fp": 63,
      "fn": 335
    },
    "1": {
      "iou": 16.67999228540177,
      "tp": 23,
      "fp": 1,
      "fn": 6
    },
    "2": {
      "iou": 63.86858266128199,
      "tp": 78,
      "fp": 13,
      "fn": 80
    },
    "3": {
      "iou": 14.03825502214177,
      "tp": 17,
      "fp": 2,
      "fn": 1
    },
    "4": {
      "iou": 23.334200031517184,
      "tp": 28,
      "fp": 0,
      "fn": 6
    },
    "5": {
      "iou": 21.991321912002896,
      "tp": 24,
      "fp": 0,
      "fn": 4
    },
    "6": {
      "iou": 28.759814306109195,
      "tp": 32,
      "fp": 3,
      "fn": 8
    },
    "7": {
      "iou": 28.66425672397977,
      "tp": 33,
      "fp": 1,
      "fn": 13
    },
    "8": {
      "iou": 25.125450864520953,
      "tp": 33,
      "fp": 4,
      "fn": 24
    },
    "9": {
      "iou": 31.114966840653622,
      "tp": 38,
      "fp": 7,
      "fn": 29
    },
    "10": {
      "iou": 2.7662443595539545,
      "tp": 3,
      "fp": 0,
      "fn": 0
    },
    "11": {
      "iou": 6.508606565145757,
      "tp": 7,
      "fp": 0,
      "fn": 1
    },
    "12": {
      "iou": 3.6991874169741847,
      "tp": 4,
      "fp": 2,
      "fn": 1
    },
    "13": {
      "iou": 14.040927505767543,
      "tp": 17,
      "fp": 8,
      "fn": 26
    },
    "14": {
      "iou": 17.297469028461094,
      "tp": 21,
      "fp": 2,
      "fn": 42
    },
    "15": {
      "iou": 13.846142070595297,
      "tp": 15,
      "fp": 0,
      "fn": 0
    },
    "16": {
      "iou": 12.295978391316853,
      "tp": 14,
      "fp": 0,
      "fn": 0
    },
    "17": {
      "iou": 15.374801155799112,
      "tp": 20,
      "fp": 12,
      "fn": 7
    },
    "18": {
      "iou": 33.92711989323765,
      "tp": 39,
      "fp": 3,
      "fn": 9
    },
    "19": {
      "iou": 12.61242218571219,
      "tp": 16,
      "fp": 3,
      "fn": 10
    },
    "20": {
      "iou": 21.465140852647252,
      "tp": 25,
      "fp": 0,
      "fn": 4
    },
    "21": {
      "iou": 5.67058487523872,
      "tp": 6,
      "fp": 0,
      "fn": 0
    },
    "22": {
      "iou": 7.10161513114462,
      "tp": 8,
      "fp": 0,
      "fn": 1
    },
    "23": {
      "iou": 9.009697204334966,
      "tp": 10,
      "fp": 0,
      "fn": 0
    },
    "24": {
      "iou": 16.231298950601452,
      "tp": 21,
      "fp": 8,
      "fn": 28
    },
    "25": {
      "iou": 27.113456430101557,
      "tp": 33,
      "fp": 6,
      "fn": 18
    },
    "26": {
      "iou": 20.724514914355495,
      "tp": 27,
      "fp": 6,
      "fn": 40
    },
    "27": {
      "iou": 8.303399998005656,
      "tp": 10,
      "fp": 0,
      "fn": 7
    },
    "28": {
      "iou": 16.378293744489845,
      "tp": 20,
      "fp": 6,
      "fn": 13
    },
    "29": {
      "iou": 9.138275981456445,
      "tp": 11,
      "fp": 0,
      "fn": 1
    },
    "30": {
      "iou": 5.783650381218277,
      "tp": 9,
      "fp": 11,
      "fn": 33
    },
    "31": {
      "iou": 0.7908745247148289,
      "tp": 1,
      "fp": 0,
      "fn": 4
    },
    "32": {
      "iou": 12.386423433103156,
      "tp": 15,
      "fp": 1,
      "fn": 5
    },
    "33": {
      "iou": 13.260174418498867,
      "tp": 17,
      "fp": 3,
      "fn": 35
    },
    "34": {
      "iou": 7.874161478034589,
      "tp": 10,
      "fp": 0,
      "fn": 1
    },
    "35": {
      "iou": 4.544288165368904,
      "tp": 6,
      "fp": 1,
      "fn": 3
    },
    "36": {
      "iou": 15.479163153592491,
      "tp": 20,
      "fp": 2,
      "fn": 6
    },
    "37": {
      "iou": 21.14505909981878,
      "tp": 26,
      "fp": 2,
      "fn": 13
    },
    "38": {
      "iou": 14.567856035506523,
      "tp": 17,
      "fp": 0,
      "fn": 4
    },
    "39": {
      "iou": 31.21882313362155,
      "tp": 36,
      "fp": 14,
      "fn": 55
    },
    "40": {
      "iou": 12.00801523065292,
      "tp": 15,
      "fp": 7,
      "fn": 13
    },
    "41": {
      "iou": 35.05334981766355,
      "tp": 40,
      "fp": 5,
      "fn": 41
    },
    "42": {
      "iou": 6.2147983964917985,
      "tp": 8,
      "fp": 2,
      "fn": 16
    },
    "43": {
      "iou": 10.471418696594005,
      "tp": 13,
      "fp": 3,
      "fn": 26
    },
    "44": {
      "iou": 9.134714440439572,
      "tp": 12,
      "fp": 2,
      "fn": 15
    },
    "45": {
      "iou": 28.50784374720751,
      "tp": 32,
      "fp": 2,
      "fn": 21
    },
    "46": {
      "iou": 7.985901496896329,
      "tp": 10,
      "fp": 3,
      "fn": 22
    },
    "47": {
      "iou": 7.068096293713996,
      "tp": 9,
      "fp": 2,
      "fn": 18
    },
    "48": {
      "iou": 11.246295205842303,
      "tp": 13,
      "fp": 8,
      "fn": 12
    },
    "49": {
      "iou": 10.192250193795653,
      "tp": 12,
      "fp": 1,
      "fn": 9
    },
    "50": {
      "iou": 15.269116888688655,
      "tp": 19,
      "fp": 3,
      "fn": 18
    },
    "51": {
      "iou": 6.945670243163632,
      "tp": 9,
      "fp": 5,
      "fn": 17
    },
    "52": {
      "iou": 2.749340854635759,
      "tp": 3,
      "fp": 0,
      "fn": 1
    },
    "53": {
      "iou": 14.80890753154604,
      "tp": 16,
      "fp": 1,
      "fn": 3
    },
    "54": {
      "iou": 21.602208009817033,
      "tp": 24,
      "fp": 4,
      "fn": 20
    },
    "55": {
      "iou": 21.311132687643788,
      "tp": 24,
      "fp": 3,
      "fn": 14
    },
    "56": {
      "iou": 83.72545294940257,
      "tp": 102,
      "fp": 24,
      "fn": 73
    },
    "57": {
      "iou": 8.994928828710666,
      "tp": 10,
      "fp": 1,
      "fn": 3
    },
    "58": {
      "iou": 24.298432903409488,
      "tp": 32,
      "fp": 6,
      "fn": 33
    },
    "59": {
      "iou": 10.795249527661754,
      "tp": 13,
      "fp": 4,
      "fn": 5
    },
    "60": {
      "iou": 33.322379334478995,
      "tp": 40,
      "fp": 7,
      "fn": 23
    },
    "61": {
      "iou": 8.806076999052518,
      "tp": 10,
      "fp": 0,
      "fn": 1
    },
    "62": {
      "iou": 21.836202557603347,
      "tp": 24,
      "fp": 0,
      "fn": 1
    },
    "63": {
      "iou": 10.691553630165627,
      "tp": 12,
      "fp": 0,
      "fn": 4
    },
    "64": {
      "iou": 6.228342807093201,
      "tp": 7,
      "fp": 0,
      "fn": 5
    },
    "65": {
      "iou": 6.352352568719747,
      "tp": 8,
      "fp": 2,
      "fn": 1
    },
    "66": {
      "iou": 12.244220222923477,
      "tp": 14,
      "fp": 2,
      "fn": 0
    },
    "67": {
      "iou": 7.5330475334004845,
      "tp": 9,
      "fp": 2,
      "fn": 6
    },
    "68": {
      "iou": 6.372944994295458,
      "tp": 7,
      "fp": 0,
      "fn": 0
    },
    "69": {
      "iou": 11.107678645621071,
      "tp": 13,
      "fp": 1,
      "fn": 4
    },
    "70": {
      "iou": 0.0,
      "tp": 0,
      "fp": 0,
      "fn": 2
    },
    "71": {
      "iou": 13.998872135225074,
      "tp": 16,
      "fp": 3,
      "fn": 12
    },
    "72": {
      "iou": 8.45585163742299,
      "tp": 9,
      "fp": 1,
      "fn": 1
    },
    "73": {
      "iou": 25.886989492514175,
      "tp": 33,
      "fp": 8,
      "fn": 55
    },
    "74": {
      "iou": 16.018817248843803,
      "tp": 19,
      "fp": 1,
      "fn": 2
    },
    "75": {
      "iou": 6.463736609227266,
      "tp": 8,
      "fp": 3,
      "fn": 4
    },
    "76": {
      "iou": 0.9574912891986063,
      "tp": 1,
      "fp": 0,
      "fn": 3
    },
    "77": {
      "iou": 11.612042333694339,
      "tp": 14,
      "fp": 1,
      "fn": 7
    },
    "78": {
      "iou": 0.8721518987341772,
      "tp": 1,
      "fp": 0,
      "fn": 1
    },
    "79": {
      "iou": 5.94455570686933,
      "tp": 8,
      "fp": 1,
      "fn": 4
    },
    "80": {
      "iou": 6.747378163092515,
      "tp": 8,
      "fp": 4,
      "fn": 14
    },
    "81": {
      "iou": 1.8918348852022784,
      "tp": 2,
      "fp": 0,
      "fn": 7
    },
    "82": {
      "iou": 8.042280765155365,
      "tp": 10,
      "fp": 0,
      "fn": 4
    },
    "83": {
      "iou": 3.217960471231682,
      "tp": 4,
      "fp": 2,
      "fn": 11
    },
    "84": {
      "iou": 16.10045648869052,
      "tp": 20,
      "fp": 4,
      "fn": 10
    },
    "85": {
      "iou": 12.42879834044391,
      "tp": 15,
      "fp": 1,
      "fn": 4
    },
    "86": {
      "iou": 20.884560804005886,
      "tp": 25,
      "fp": 3,
      "fn": 12
    },
    "87": {
      "iou": 17.958800237936313,
      "tp": 21,
      "fp": 4,
      "fn": 4
    },
    "88": {
      "iou": 4.194687796971076,
      "tp": 6,
      "fp": 4,
      "fn": 9
    },
    "89": {
      "iou": 0.7564178049929345,
      "tp": 1,
      "fp": 3,
      "fn": 7
    },
    "90": {
      "iou": 3.960451387184712,
      "tp": 5,
      "fp": 2,
      "fn": 10
    },
    "91": {
      "iou": 6.768392193871727,
      "tp": 9,
      "fp": 3,
      "fn": 19
    },
    "92": {
      "iou": 10.336183063554284,
      "tp": 13,
      "fp": 10,
      "fn": 38
    },
    "93": {
      "iou": 7.963529813120279,
      "tp": 9,
      "fp": 2,
      "fn": 4
    },
    "94": {
      "iou": 2.635484291219825,
      "tp": 3,
      "fp": 2,
      "fn": 3
    },
    "95": {
      "iou": 0.9170212765957447,
      "tp": 1,
      "fp": 3,
      "fn": 4
    },
    "96": {
      "iou": 12.453107781127407,
      "tp": 14,
      "fp": 2,
      "fn": 9
    },
    "97": {
      "iou": 14.176222838731357,
      "tp": 15,
      "fp": 4,
      "fn": 5
    },
    "98": {
      "iou": 12.093187881594513,
      "tp": 15,
      "fp": 4,
      "fn": 8
    },
    "99": {
      "iou": 5.383831681530122,
      "tp": 6,
      "fp": 3,
      "fn": 1
    },
    "100": {
      "iou": 54.3451636644406,
      "tp": 62,
      "fp": 5,
      "fn": 10
    },
    "101": {
      "iou": 3.982115321559828,
      "tp": 5,
      "fp": 5,
      "fn": 17
    },
    "102": {
      "iou": 15.56579869682549,
      "tp": 18,
      "fp": 0,
      "fn": 5
    },
    "103": {
      "iou": 32.86515005198428,
      "tp": 36,
      "fp": 0,
      "fn": 4
    },
    "104": {
      "iou": 4.591704498495619,
      "tp": 6,
      "fp": 7,
      "fn": 12
    },
    "105": {
      "iou": 23.64200508985676,
      "tp": 25,
      "fp": 1,
      "fn": 0
    },
    "106": {
      "iou": 2.852020433853326,
      "tp": 4,
      "fp": 2,
      "fn": 9
    },
    "107": {
      "iou": 0.7031239694857871,
      "tp": 1,
      "fp": 2,
      "fn": 5
    },
    "108": {
      "iou": 6.754247220636184,
      "tp": 8,
      "fp": 1,
      "fn": 5
    },
    "109": {
      "iou": 13.060007910582412,
      "tp": 16,
      "fp": 2,
      "fn": 9
    },
    "110": {
      "iou": 2.6075582737175838,
      "tp": 3,
      "fp": 1,
      "fn": 5
    },
    "111": {
      "iou": 17.781976543538963,
      "tp": 20,
      "fp": 2,
      "fn": 10
    },
    "112": {
      "iou": 8.123843163654364,
      "tp": 9,
      "fp": 7,
      "fn": 14
    },
    "113": {
      "iou": 5.120888593206986,
      "tp": 6,
      "fp": 4,
      "fn": 5
    },
    "114": {
      "iou": 6.667643325875633,
      "tp": 8,
      "fp": 2,
      "fn": 4
    },
    "115": {
      "iou": 26.978563911990364,
      "tp": 32,
      "fp": 6,
      "fn": 24
    },
    "116": {
      "iou": 138.46022107022077,
      "tp": 166,
      "fp": 8,
      "fn": 23
    },
    "117": {
      "iou": 33.505031901107174,
      "tp": 41,
      "fp": 14,
      "fn": 27
    },
    "118": {
      "iou": 32.329481932637066,
      "tp": 37,
      "fp": 4,
      "fn": 13
    },
    "119": {
      "iou": 189.92293915986818,
      "tp": 204,
      "fp": 3,
      "fn": 17
    },
    "120": {
      "iou": 18.91578032248859,
      "tp": 23,
      "fp": 4,
      "fn": 6
    },
    "121": {
      "iou": 28.076720218435906,
      "tp": 35,
      "fp": 7,
      "fn": 42
    },
    "122": {
      "iou": 29.34653117859773,
      "tp": 34,
      "fp": 5,
      "fn": 23
    },
    "123": {
      "iou": 45.29350514177728,
      "tp": 52,
      "fp": 6,
      "fn": 24
    },
    "124": {
      "iou": 17.579974026709596,
      "tp": 20,
      "fp": 3,
      "fn": 11
    },
    "125": {
      "iou": 67.1217580422486,
      "tp": 78,
      "fp": 12,
      "fn": 29
    },
    "126": {
      "iou": 21.512527518906122,
      "tp": 26,
      "fp": 4,
      "fn": 15
    },
    "127": {
      "iou": 14.46124733280822,
      "tp": 18,
      "fp": 10,
      "fn": 20
    },
    "128": {
      "iou": 12.54843591326437,
      "tp": 16,
      "fp": 3,
      "fn": 8
    },
    "129": {
      "iou": 62.79347120480348,
      "tp": 79,
      "fp": 24,
      "fn": 36
    },
    "130": {
      "iou": 9.418094402579229,
      "tp": 11,
      "fp": 6,
      "fn": 10
    },
    "131": {
      "iou": 103.84254928136997,
      "tp": 124,
      "fp": 15,
      "fn": 52
    },
    "132": {
      "iou": 13.569215887764466,
      "tp": 16,
      "fp": 3,
      "fn": 6
    }
  },
  "relation_metrics_note": "Only Endpoint Support and Balanced Endpoint Support are reported; no R@K/mR@K proxy is labeled as a relation result."
}
