{
  "schema_version": 2,
  "contract": "full-population predicate-balanced endpoint support + official COCO category-aggregated PQ",
  "mode": "competition",
  "margin": 2.0,
  "images": 500,
  "native_sanity": {
    "passed": true,
    "checked_images": 500
  },
  "metrics": {
    "endpoint_support": 0.6021357216672408,
    "predicate_balanced_endpoint_support": 0.6758398409652276,
    "pq": 0.5651499690109262,
    "sq": 0.8350401545616568,
    "rq": 0.6604935703322826,
    "pq_th": 0.5956659580328841,
    "pq_st": 0.5190880987891029,
    "pq_categories": 133,
    "pq_thing_categories": 80,
    "pq_stuff_categories": 53,
    "changed_pixel_fraction": 0.0612980425171668,
    "changed_pixels": 8537613,
    "total_pixels": 139280353,
    "changed_queries": 4528,
    "semantic_eligibility_flips": 0,
    "competition_winner_flips": 8537613,
    "native_segment_count": 4819,
    "changed_segment_count": 3934,
    "native_segment_count_change": -885
  },
  "graph_counts": {
    "images": 500,
    "entity_recall_micro": 0.54864489228631,
    "endpoint_support_micro": 0.6021357216672408,
    "endpoint_support_macro_image": 0.6436697469197469,
    "predicate_balanced_endpoint_support": 0.6758398409652276,
    "gt_entities": 5756,
    "matched_gt_entities": 3158,
    "gt_relations": 2903,
    "supported_gt_relations": 1748,
    "gt_per_predicate": [
      505,
      108,
      529,
      569,
      133,
      242,
      66,
      0,
      0,
      2,
      1,
      66,
      9,
      0,
      137,
      13,
      62,
      14,
      3,
      2,
      24,
      101,
      25,
      63,
      1,
      0,
      13,
      1,
      0,
      2,
      4,
      0,
      2,
      0,
      0,
      0,
      31,
      6,
      0,
      7,
      0,
      0,
      6,
      2,
      2,
      9,
      16,
      40,
      60,
      3,
      1,
      10,
      1,
      0,
      4,
      8
    ],
    "hit_per_predicate": [
      315,
      71,
      330,
      302,
      72,
      113,
      27,
      0,
      0,
      0,
      0,
      49,
      8,
      0,
      98,
      7,
      30,
      9,
      3,
      2,
      10,
      64,
      11,
      54,
      1,
      0,
      12,
      1,
      0,
      2,
      4,
      0,
      2,
      0,
      0,
      0,
      19,
      5,
      0,
      6,
      0,
      0,
      6,
      2,
      1,
      2,
      14,
      34,
      43,
      1,
      1,
      10,
      0,
      0,
      2,
      5
    ],
    "per_predicate_endpoint_support": [
      0.6237623762376238,
      0.6574074074074074,
      0.6238185255198487,
      0.5307557117750439,
      0.5413533834586466,
      0.4669421487603306,
      0.4090909090909091,
      0.0,
      0.0,
      0.0,
      0.0,
      0.7424242424242424,
      0.8888888888888888,
      0.0,
      0.7153284671532847,
      0.5384615384615384,
      0.4838709677419355,
      0.6428571428571429,
      1.0,
      1.0,
      0.4166666666666667,
      0.6336633663366337,
      0.44,
      0.8571428571428571,
      1.0,
      0.0,
      0.9230769230769231,
      1.0,
      0.0,
      1.0,
      1.0,
      0.0,
      1.0,
      0.0,
      0.0,
      0.0,
      0.6129032258064516,
      0.8333333333333334,
      0.0,
      0.8571428571428571,
      0.0,
      0.0,
      1.0,
      1.0,
      0.5,
      0.2222222222222222,
      0.875,
      0.85,
      0.7166666666666667,
      0.3333333333333333,
      1.0,
      1.0,
      0.0,
      0.0,
      0.5,
      0.625
    ]
  },
  "pq_category_stats": {
    "0": {
      "iou": 567.8574929322796,
      "tp": 686,
      "fp": 47,
      "fn": 398
    },
    "1": {
      "iou": 13.77443089034562,
      "tp": 19,
      "fp": 0,
      "fn": 10
    },
    "2": {
      "iou": 57.68103909411963,
      "tp": 70,
      "fp": 4,
      "fn": 88
    },
    "3": {
      "iou": 13.399369517648589,
      "tp": 16,
      "fp": 1,
      "fn": 2
    },
    "4": {
      "iou": 18.531940712555496,
      "tp": 21,
      "fp": 0,
      "fn": 13
    },
    "5": {
      "iou": 21.97397271673324,
      "tp": 24,
      "fp": 0,
      "fn": 4
    },
    "6": {
      "iou": 28.56196501813806,
      "tp": 32,
      "fp": 3,
      "fn": 8
    },
    "7": {
      "iou": 25.633359749252538,
      "tp": 29,
      "fp": 0,
      "fn": 17
    },
    "8": {
      "iou": 21.6445326068268,
      "tp": 28,
      "fp": 3,
      "fn": 29
    },
    "9": {
      "iou": 27.948700871681954,
      "tp": 34,
      "fp": 7,
      "fn": 33
    },
    "10": {
      "iou": 2.7662443595539545,
      "tp": 3,
      "fp": 0,
      "fn": 0
    },
    "11": {
      "iou": 5.660014454774597,
      "tp": 6,
      "fp": 0,
      "fn": 2
    },
    "12": {
      "iou": 3.6810287052856827,
      "tp": 4,
      "fp": 1,
      "fn": 1
    },
    "13": {
      "iou": 13.443333564854846,
      "tp": 16,
      "fp": 7,
      "fn": 27
    },
    "14": {
      "iou": 12.341672309149647,
      "tp": 14,
      "fp": 1,
      "fn": 49
    },
    "15": {
      "iou": 13.78943906936423,
      "tp": 15,
      "fp": 0,
      "fn": 0
    },
    "16": {
      "iou": 12.282670202964926,
      "tp": 14,
      "fp": 0,
      "fn": 0
    },
    "17": {
      "iou": 13.755166619820528,
      "tp": 18,
      "fp": 8,
      "fn": 9
    },
    "18": {
      "iou": 30.500062737566985,
      "tp": 35,
      "fp": 0,
      "fn": 13
    },
    "19": {
      "iou": 9.23321403746335,
      "tp": 11,
      "fp": 1,
      "fn": 15
    },
    "20": {
      "iou": 19.475821061295726,
      "tp": 23,
      "fp": 0,
      "fn": 6
    },
    "21": {
      "iou": 5.634636239252263,
      "tp": 6,
      "fp": 0,
      "fn": 0
    },
    "22": {
      "iou": 7.074047506490016,
      "tp": 8,
      "fp": 0,
      "fn": 1
    },
    "23": {
      "iou": 9.00403510666896,
      "tp": 10,
      "fp": 0,
      "fn": 0
    },
    "24": {
      "iou": 13.590013008174447,
      "tp": 17,
      "fp": 5,
      "fn": 32
    },
    "25": {
      "iou": 25.42744124427709,
      "tp": 31,
      "fp": 5,
      "fn": 20
    },
    "26": {
      "iou": 18.474880123332802,
      "tp": 24,
      "fp": 4,
      "fn": 43
    },
    "27": {
      "iou": 6.832463809844022,
      "tp": 8,
      "fp": 0,
      "fn": 9
    },
    "28": {
      "iou": 16.290837195699073,
      "tp": 20,
      "fp": 6,
      "fn": 13
    },
    "29": {
      "iou": 8.490168681248043,
      "tp": 10,
      "fp": 0,
      "fn": 2
    },
    "30": {
      "iou": 2.942033869425801,
      "tp": 4,
      "fp": 1,
      "fn": 38
    },
    "31": {
      "iou": 0.7908745247148289,
      "tp": 1,
      "fp": 0,
      "fn": 4
    },
    "32": {
      "iou": 8.208503297619384,
      "tp": 10,
      "fp": 0,
      "fn": 10
    },
    "33": {
      "iou": 12.471149421911523,
      "tp": 16,
      "fp": 3,
      "fn": 36
    },
    "34": {
      "iou": 6.569995726984245,
      "tp": 8,
      "fp": 0,
      "fn": 3
    },
    "35": {
      "iou": 3.0785279885745256,
      "tp": 4,
      "fp": 0,
      "fn": 5
    },
    "36": {
      "iou": 13.9047647268014,
      "tp": 18,
      "fp": 1,
      "fn": 8
    },
    "37": {
      "iou": 16.239784098819197,
      "tp": 19,
      "fp": 0,
      "fn": 20
    },
    "38": {
      "iou": 14.499199436696816,
      "tp": 17,
      "fp": 0,
      "fn": 4
    },
    "39": {
      "iou": 29.478743634939214,
      "tp": 34,
      "fp": 7,
      "fn": 57
    },
    "40": {
      "iou": 11.883780217512175,
      "tp": 15,
      "fp": 2,
      "fn": 13
    },
    "41": {
      "iou": 31.77191054198868,
      "tp": 36,
      "fp": 2,
      "fn": 45
    },
    "42": {
      "iou": 5.226797318645292,
      "tp": 7,
      "fp": 1,
      "fn": 17
    },
    "43": {
      "iou": 8.082761332560347,
      "tp": 10,
      "fp": 2,
      "fn": 29
    },
    "44": {
      "iou": 9.1044801189569,
      "tp": 12,
      "fp": 1,
      "fn": 15
    },
    "45": {
      "iou": 22.54648250678507,
      "tp": 25,
      "fp": 2,
      "fn": 28
    },
    "46": {
      "iou": 7.939823321180371,
      "tp": 10,
      "fp": 3,
      "fn": 22
    },
    "47": {
      "iou": 6.363080527408878,
      "tp": 8,
      "fp": 2,
      "fn": 19
    },
    "48": {
      "iou": 11.214157999842623,
      "tp": 13,
      "fp": 8,
      "fn": 12
    },
    "49": {
      "iou": 8.727403500230288,
      "tp": 10,
      "fp": 0,
      "fn": 11
    },
    "50": {
      "iou": 15.688866883603005,
      "tp": 19,
      "fp": 5,
      "fn": 18
    },
    "51": {
      "iou": 6.23095730133609,
      "tp": 8,
      "fp": 1,
      "fn": 18
    },
    "52": {
      "iou": 2.749340854635759,
      "tp": 3,
      "fp": 0,
      "fn": 1
    },
    "53": {
      "iou": 14.713801194622027,
      "tp": 16,
      "fp": 1,
      "fn": 3
    },
    "54": {
      "iou": 21.53113024559986,
      "tp": 24,
      "fp": 2,
      "fn": 20
    },
    "55": {
      "iou": 18.10094825069369,
      "tp": 20,
      "fp": 2,
      "fn": 18
    },
    "56": {
      "iou": 76.09108404833734,
      "tp": 93,
      "fp": 18,
      "fn": 82
    },
    "57": {
      "iou": 8.893984536045084,
      "tp": 10,
      "fp": 1,
      "fn": 3
    },
    "58": {
      "iou": 17.36432089870404,
      "tp": 23,
      "fp": 3,
      "fn": 42
    },
    "59": {
      "iou": 9.469088267636184,
      "tp": 11,
      "fp": 2,
      "fn": 7
    },
    "60": {
      "iou": 30.198540435334372,
      "tp": 36,
      "fp": 5,
      "fn": 27
    },
    "61": {
      "iou": 7.99382837446042,
      "tp": 9,
      "fp": 0,
      "fn": 2
    },
    "62": {
      "iou": 21.02381799028242,
      "tp": 23,
      "fp": 0,
      "fn": 2
    },
    "63": {
      "iou": 10.84906534428471,
      "tp": 12,
      "fp": 0,
      "fn": 4
    },
    "64": {
      "iou": 5.477416881167275,
      "tp": 6,
      "fp": 0,
      "fn": 6
    },
    "65": {
      "iou": 6.352449087060984,
      "tp": 8,
      "fp": 0,
      "fn": 1
    },
    "66": {
      "iou": 12.270634296854114,
      "tp": 14,
      "fp": 0,
      "fn": 0
    },
    "67": {
      "iou": 6.59903738111622,
      "tp": 8,
      "fp": 1,
      "fn": 7
    },
    "68": {
      "iou": 6.347865134912809,
      "tp": 7,
      "fp": 0,
      "fn": 0
    },
    "69": {
      "iou": 10.187030800492163,
      "tp": 12,
      "fp": 1,
      "fn": 5
    },
    "70": {
      "iou": 0.0,
      "tp": 0,
      "fp": 0,
      "fn": 2
    },
    "71": {
      "iou": 14.021337456999387,
      "tp": 16,
      "fp": 2,
      "fn": 12
    },
    "72": {
      "iou": 7.5029221107532535,
      "tp": 8,
      "fp": 1,
      "fn": 2
    },
    "73": {
      "iou": 25.91491491089642,
      "tp": 33,
      "fp": 8,
      "fn": 55
    },
    "74": {
      "iou": 13.131987261694334,
      "tp": 15,
      "fp": 1,
      "fn": 6
    },
    "75": {
      "iou": 5.840946499772634,
      "tp": 7,
      "fp": 2,
      "fn": 5
    },
    "76": {
      "iou": 0.9574912891986063,
      "tp": 1,
      "fp": 0,
      "fn": 3
    },
    "77": {
      "iou": 10.95055042282859,
      "tp": 13,
      "fp": 2,
      "fn": 8
    },
    "78": {
      "iou": 0.875784190715182,
      "tp": 1,
      "fp": 0,
      "fn": 1
    },
    "79": {
      "iou": 5.30479448967577,
      "tp": 7,
      "fp": 1,
      "fn": 5
    },
    "80": {
      "iou": 5.199247178055239,
      "tp": 6,
      "fp": 2,
      "fn": 16
    },
    "81": {
      "iou": 1.8918348852022784,
      "tp": 2,
      "fp": 0,
      "fn": 7
    },
    "82": {
      "iou": 8.04895888525923,
      "tp": 10,
      "fp": 0,
      "fn": 4
    },
    "83": {
      "iou": 3.1128487628111867,
      "tp": 4,
      "fp": 2,
      "fn": 11
    },
    "84": {
      "iou": 12.568570213524819,
      "tp": 15,
      "fp": 2,
      "fn": 15
    },
    "85": {
      "iou": 9.980707145157613,
      "tp": 12,
      "fp": 1,
      "fn": 7
    },
    "86": {
      "iou": 14.062190209161985,
      "tp": 17,
      "fp": 0,
      "fn": 20
    },
    "87": {
      "iou": 16.886034721575488,
      "tp": 20,
      "fp": 2,
      "fn": 5
    },
    "88": {
      "iou": 3.7481336063678516,
      "tp": 5,
      "fp": 1,
      "fn": 10
    },
    "89": {
      "iou": 0.5822982057789057,
      "tp": 1,
      "fp": 3,
      "fn": 7
    },
    "90": {
      "iou": 3.405219786832696,
      "tp": 4,
      "fp": 1,
      "fn": 11
    },
    "91": {
      "iou": 5.681436114245596,
      "tp": 8,
      "fp": 0,
      "fn": 20
    },
    "92": {
      "iou": 5.1962889739542,
      "tp": 6,
      "fp": 3,
      "fn": 45
    },
    "93": {
      "iou": 7.2015361932989865,
      "tp": 8,
      "fp": 0,
      "fn": 5
    },
    "94": {
      "iou": 1.7771070056531628,
      "tp": 2,
      "fp": 1,
      "fn": 4
    },
    "95": {
      "iou": 0.9032480995162405,
      "tp": 1,
      "fp": 3,
      "fn": 4
    },
    "96": {
      "iou": 13.239183718940618,
      "tp": 15,
      "fp": 2,
      "fn": 8
    },
    "97": {
      "iou": 14.086795749149013,
      "tp": 15,
      "fp": 4,
      "fn": 5
    },
    "98": {
      "iou": 11.198382125549648,
      "tp": 14,
      "fp": 2,
      "fn": 9
    },
    "99": {
      "iou": 5.288137763962661,
      "tp": 6,
      "fp": 2,
      "fn": 1
    },
    "100": {
      "iou": 50.76984121313918,
      "tp": 58,
      "fp": 3,
      "fn": 14
    },
    "101": {
      "iou": 3.209457153779886,
      "tp": 4,
      "fp": 3,
      "fn": 18
    },
    "102": {
      "iou": 13.154273505961713,
      "tp": 15,
      "fp": 0,
      "fn": 8
    },
    "103": {
      "iou": 29.85120251588519,
      "tp": 32,
      "fp": 0,
      "fn": 8
    },
    "104": {
      "iou": 1.6829087106176992,
      "tp": 2,
      "fp": 4,
      "fn": 16
    },
    "105": {
      "iou": 22.704349820170194,
      "tp": 24,
      "fp": 0,
      "fn": 1
    },
    "106": {
      "iou": 2.340530521776352,
      "tp": 3,
      "fp": 2,
      "fn": 10
    },
    "107": {
      "iou": 0.0,
      "tp": 0,
      "fp": 2,
      "fn": 6
    },
    "108": {
      "iou": 6.666197917973678,
      "tp": 8,
      "fp": 1,
      "fn": 5
    },
    "109": {
      "iou": 12.209739705485651,
      "tp": 15,
      "fp": 2,
      "fn": 10
    },
    "110": {
      "iou": 2.4903442911599614,
      "tp": 3,
      "fp": 1,
      "fn": 5
    },
    "111": {
      "iou": 17.641956406110427,
      "tp": 20,
      "fp": 1,
      "fn": 10
    },
    "112": {
      "iou": 6.463867735022977,
      "tp": 7,
      "fp": 3,
      "fn": 16
    },
    "113": {
      "iou": 6.061512531637062,
      "tp": 7,
      "fp": 2,
      "fn": 4
    },
    "114": {
      "iou": 4.381786154465463,
      "tp": 5,
      "fp": 2,
      "fn": 7
    },
    "115": {
      "iou": 25.144510375018555,
      "tp": 30,
      "fp": 5,
      "fn": 26
    },
    "116": {
      "iou": 114.01586296205397,
      "tp": 136,
      "fp": 7,
      "fn": 53
    },
    "117": {
      "iou": 28.115980297663892,
      "tp": 34,
      "fp": 10,
      "fn": 34
    },
    "118": {
      "iou": 29.26757634005895,
      "tp": 33,
      "fp": 3,
      "fn": 17
    },
    "119": {
      "iou": 184.07017359444288,
      "tp": 197,
      "fp": 2,
      "fn": 24
    },
    "120": {
      "iou": 17.852854625384563,
      "tp": 22,
      "fp": 4,
      "fn": 7
    },
    "121": {
      "iou": 27.415683446698356,
      "tp": 34,
      "fp": 4,
      "fn": 43
    },
    "122": {
      "iou": 26.009057643625,
      "tp": 30,
      "fp": 5,
      "fn": 27
    },
    "123": {
      "iou": 42.58306096351408,
      "tp": 48,
      "fp": 4,
      "fn": 28
    },
    "124": {
      "iou": 15.276301000827422,
      "tp": 17,
      "fp": 1,
      "fn": 14
    },
    "125": {
      "iou": 61.9106728613048,
      "tp": 71,
      "fp": 7,
      "fn": 36
    },
    "126": {
      "iou": 16.591064820866762,
      "tp": 19,
      "fp": 2,
      "fn": 22
    },
    "127": {
      "iou": 12.164466927147963,
      "tp": 15,
      "fp": 6,
      "fn": 23
    },
    "128": {
      "iou": 9.219852077754494,
      "tp": 11,
      "fp": 3,
      "fn": 13
    },
    "129": {
      "iou": 46.771404735516754,
      "tp": 57,
      "fp": 16,
      "fn": 58
    },
    "130": {
      "iou": 9.397546146922702,
      "tp": 11,
      "fp": 4,
      "fn": 10
    },
    "131": {
      "iou": 91.63013413016411,
      "tp": 109,
      "fp": 10,
      "fn": 67
    },
    "132": {
      "iou": 12.678913838255848,
      "tp": 15,
      "fp": 4,
      "fn": 7
    }
  },
  "relation_metrics_note": "Only Endpoint Support and Balanced Endpoint Support are reported; no R@K/mR@K proxy is labeled as a relation result."
}
