{
  "schema_version": 2,
  "contract": "full-population predicate-balanced endpoint support + official COCO category-aggregated PQ",
  "mode": "competition",
  "margin": 0.25,
  "images": 500,
  "native_sanity": {
    "passed": true,
    "checked_images": 500
  },
  "metrics": {
    "endpoint_support": 0.6872201171202205,
    "predicate_balanced_endpoint_support": 0.753972896264095,
    "pq": 0.5897004405899562,
    "sq": 0.8305755796391727,
    "rq": 0.6985267328819327,
    "pq_th": 0.6175917725058805,
    "pq_st": 0.5476003169432782,
    "pq_categories": 133,
    "pq_thing_categories": 80,
    "pq_stuff_categories": 53,
    "changed_pixel_fraction": 0.02547404514404124,
    "changed_pixels": 3548034,
    "total_pixels": 139280353,
    "changed_queries": 4279,
    "semantic_eligibility_flips": 0,
    "competition_winner_flips": 3548034,
    "native_segment_count": 4819,
    "changed_segment_count": 4691,
    "native_segment_count_change": -128
  },
  "graph_counts": {
    "images": 500,
    "entity_recall_micro": 0.6162265462126477,
    "endpoint_support_micro": 0.6872201171202205,
    "endpoint_support_macro_image": 0.7235412504162505,
    "predicate_balanced_endpoint_support": 0.753972896264095,
    "gt_entities": 5756,
    "matched_gt_entities": 3547,
    "gt_relations": 2903,
    "supported_gt_relations": 1995,
    "gt_per_predicate": [
      505,
      108,
      529,
      569,
      133,
      242,
      66,
      0,
      0,
      2,
      1,
      66,
      9,
      0,
      137,
      13,
      62,
      14,
      3,
      2,
      24,
      101,
      25,
      63,
      1,
      0,
      13,
      1,
      0,
      2,
      4,
      0,
      2,
      0,
      0,
      0,
      31,
      6,
      0,
      7,
      0,
      0,
      6,
      2,
      2,
      9,
      16,
      40,
      60,
      3,
      1,
      10,
      1,
      0,
      4,
      8
    ],
    "hit_per_predicate": [
      376,
      77,
      372,
      343,
      85,
      138,
      35,
      0,
      0,
      1,
      0,
      57,
      8,
      0,
      102,
      8,
      34,
      10,
      3,
      2,
      11,
      74,
      17,
      56,
      1,
      0,
      12,
      1,
      0,
      2,
      4,
      0,
      2,
      0,
      0,
      0,
      21,
      5,
      0,
      6,
      0,
      0,
      6,
      2,
      1,
      3,
      14,
      35,
      47,
      3,
      1,
      10,
      0,
      0,
      3,
      7
    ],
    "per_predicate_endpoint_support": [
      0.7445544554455445,
      0.7129629629629629,
      0.7032136105860114,
      0.6028119507908611,
      0.6390977443609023,
      0.5702479338842975,
      0.5303030303030303,
      0.0,
      0.0,
      0.5,
      0.0,
      0.8636363636363636,
      0.8888888888888888,
      0.0,
      0.7445255474452555,
      0.6153846153846154,
      0.5483870967741935,
      0.7142857142857143,
      1.0,
      1.0,
      0.4583333333333333,
      0.7326732673267327,
      0.68,
      0.8888888888888888,
      1.0,
      0.0,
      0.9230769230769231,
      1.0,
      0.0,
      1.0,
      1.0,
      0.0,
      1.0,
      0.0,
      0.0,
      0.0,
      0.6774193548387096,
      0.8333333333333334,
      0.0,
      0.8571428571428571,
      0.0,
      0.0,
      1.0,
      1.0,
      0.5,
      0.3333333333333333,
      0.875,
      0.875,
      0.7833333333333333,
      1.0,
      1.0,
      1.0,
      0.0,
      0.0,
      0.75,
      0.875
    ]
  },
  "pq_category_stats": {
    "0": {
      "iou": 618.4093459240407,
      "tp": 753,
      "fp": 69,
      "fn": 331
    },
    "1": {
      "iou": 16.71224566019339,
      "tp": 23,
      "fp": 1,
      "fn": 6
    },
    "2": {
      "iou": 62.66554583640701,
      "tp": 77,
      "fp": 15,
      "fn": 81
    },
    "3": {
      "iou": 14.033200208940691,
      "tp": 17,
      "fp": 3,
      "fn": 1
    },
    "4": {
      "iou": 23.33504820995575,
      "tp": 28,
      "fp": 0,
      "fn": 6
    },
    "5": {
      "iou": 21.04179270963985,
      "tp": 23,
      "fp": 0,
      "fn": 5
    },
    "6": {
      "iou": 28.84782822700574,
      "tp": 32,
      "fp": 3,
      "fn": 8
    },
    "7": {
      "iou": 28.66447276871933,
      "tp": 33,
      "fp": 3,
      "fn": 13
    },
    "8": {
      "iou": 25.8952356627086,
      "tp": 34,
      "fp": 5,
      "fn": 23
    },
    "9": {
      "iou": 31.710212323633915,
      "tp": 39,
      "fp": 7,
      "fn": 28
    },
    "10": {
      "iou": 2.7662443595539545,
      "tp": 3,
      "fp": 0,
      "fn": 0
    },
    "11": {
      "iou": 6.55946431166879,
      "tp": 7,
      "fp": 0,
      "fn": 1
    },
    "12": {
      "iou": 3.7002043634160797,
      "tp": 4,
      "fp": 2,
      "fn": 1
    },
    "13": {
      "iou": 14.043176224131376,
      "tp": 17,
      "fp": 8,
      "fn": 26
    },
    "14": {
      "iou": 17.32585415636613,
      "tp": 21,
      "fp": 2,
      "fn": 42
    },
    "15": {
      "iou": 13.845160638934088,
      "tp": 15,
      "fp": 0,
      "fn": 0
    },
    "16": {
      "iou": 12.298722870090742,
      "tp": 14,
      "fp": 0,
      "fn": 0
    },
    "17": {
      "iou": 15.382303651137644,
      "tp": 20,
      "fp": 12,
      "fn": 7
    },
    "18": {
      "iou": 33.962486906978526,
      "tp": 39,
      "fp": 3,
      "fn": 9
    },
    "19": {
      "iou": 12.677657798374089,
      "tp": 16,
      "fp": 3,
      "fn": 10
    },
    "20": {
      "iou": 21.516888871235935,
      "tp": 25,
      "fp": 0,
      "fn": 4
    },
    "21": {
      "iou": 5.676102404009734,
      "tp": 6,
      "fp": 0,
      "fn": 0
    },
    "22": {
      "iou": 7.109146641436842,
      "tp": 8,
      "fp": 0,
      "fn": 1
    },
    "23": {
      "iou": 9.00833904515255,
      "tp": 10,
      "fp": 0,
      "fn": 0
    },
    "24": {
      "iou": 16.190646628411002,
      "tp": 21,
      "fp": 9,
      "fn": 28
    },
    "25": {
      "iou": 27.63580958562321,
      "tp": 34,
      "fp": 7,
      "fn": 17
    },
    "26": {
      "iou": 21.86113729425247,
      "tp": 29,
      "fp": 6,
      "fn": 38
    },
    "27": {
      "iou": 8.942887555280928,
      "tp": 11,
      "fp": 0,
      "fn": 6
    },
    "28": {
      "iou": 16.386324307503763,
      "tp": 20,
      "fp": 6,
      "fn": 13
    },
    "29": {
      "iou": 9.129125667646006,
      "tp": 11,
      "fp": 0,
      "fn": 1
    },
    "30": {
      "iou": 6.36147300782313,
      "tp": 10,
      "fp": 16,
      "fn": 32
    },
    "31": {
      "iou": 0.7908745247148289,
      "tp": 1,
      "fp": 1,
      "fn": 4
    },
    "32": {
      "iou": 12.36845359594139,
      "tp": 15,
      "fp": 1,
      "fn": 5
    },
    "33": {
      "iou": 13.275559583081739,
      "tp": 17,
      "fp": 3,
      "fn": 35
    },
    "34": {
      "iou": 8.403656465612212,
      "tp": 11,
      "fp": 0,
      "fn": 0
    },
    "35": {
      "iou": 4.545084783025615,
      "tp": 6,
      "fp": 1,
      "fn": 3
    },
    "36": {
      "iou": 15.973902493403124,
      "tp": 21,
      "fp": 2,
      "fn": 5
    },
    "37": {
      "iou": 21.82244078780594,
      "tp": 27,
      "fp": 3,
      "fn": 12
    },
    "38": {
      "iou": 14.567413624187681,
      "tp": 17,
      "fp": 0,
      "fn": 4
    },
    "39": {
      "iou": 31.976712391911366,
      "tp": 37,
      "fp": 16,
      "fn": 54
    },
    "40": {
      "iou": 12.018173867201142,
      "tp": 15,
      "fp": 7,
      "fn": 13
    },
    "41": {
      "iou": 35.06830844848564,
      "tp": 40,
      "fp": 6,
      "fn": 41
    },
    "42": {
      "iou": 6.235220004293653,
      "tp": 8,
      "fp": 3,
      "fn": 16
    },
    "43": {
      "iou": 10.490996674675614,
      "tp": 13,
      "fp": 5,
      "fn": 26
    },
    "44": {
      "iou": 9.112336052055896,
      "tp": 12,
      "fp": 2,
      "fn": 15
    },
    "45": {
      "iou": 29.448378337051967,
      "tp": 33,
      "fp": 2,
      "fn": 20
    },
    "46": {
      "iou": 7.973313074033935,
      "tp": 10,
      "fp": 3,
      "fn": 22
    },
    "47": {
      "iou": 7.669753909242407,
      "tp": 10,
      "fp": 2,
      "fn": 17
    },
    "48": {
      "iou": 11.25026690462377,
      "tp": 13,
      "fp": 8,
      "fn": 12
    },
    "49": {
      "iou": 10.138843981749051,
      "tp": 12,
      "fp": 1,
      "fn": 9
    },
    "50": {
      "iou": 15.764038820493969,
      "tp": 20,
      "fp": 3,
      "fn": 17
    },
    "51": {
      "iou": 6.933123226880387,
      "tp": 9,
      "fp": 5,
      "fn": 17
    },
    "52": {
      "iou": 2.749095822781415,
      "tp": 3,
      "fp": 0,
      "fn": 1
    },
    "53": {
      "iou": 14.815135115593538,
      "tp": 16,
      "fp": 2,
      "fn": 3
    },
    "54": {
      "iou": 22.38205133980845,
      "tp": 25,
      "fp": 4,
      "fn": 19
    },
    "55": {
      "iou": 20.416731747623878,
      "tp": 23,
      "fp": 3,
      "fn": 15
    },
    "56": {
      "iou": 83.31379615504973,
      "tp": 101,
      "fp": 26,
      "fn": 74
    },
    "57": {
      "iou": 9.00153319643154,
      "tp": 10,
      "fp": 1,
      "fn": 3
    },
    "58": {
      "iou": 24.319541511237777,
      "tp": 32,
      "fp": 8,
      "fn": 33
    },
    "59": {
      "iou": 11.254304664172468,
      "tp": 14,
      "fp": 3,
      "fn": 4
    },
    "60": {
      "iou": 30.88721700780538,
      "tp": 37,
      "fp": 9,
      "fn": 26
    },
    "61": {
      "iou": 8.812675254860517,
      "tp": 10,
      "fp": 0,
      "fn": 1
    },
    "62": {
      "iou": 21.825848672912358,
      "tp": 24,
      "fp": 0,
      "fn": 1
    },
    "63": {
      "iou": 10.65880531832265,
      "tp": 12,
      "fp": 0,
      "fn": 4
    },
    "64": {
      "iou": 6.226504472408151,
      "tp": 7,
      "fp": 0,
      "fn": 5
    },
    "65": {
      "iou": 6.3560022287600475,
      "tp": 8,
      "fp": 2,
      "fn": 1
    },
    "66": {
      "iou": 12.219655127467135,
      "tp": 14,
      "fp": 2,
      "fn": 0
    },
    "67": {
      "iou": 8.164855698255906,
      "tp": 10,
      "fp": 2,
      "fn": 5
    },
    "68": {
      "iou": 6.371665865084828,
      "tp": 7,
      "fp": 0,
      "fn": 0
    },
    "69": {
      "iou": 11.090889775833258,
      "tp": 13,
      "fp": 3,
      "fn": 4
    },
    "70": {
      "iou": 0.0,
      "tp": 0,
      "fp": 0,
      "fn": 2
    },
    "71": {
      "iou": 14.827526592252365,
      "tp": 17,
      "fp": 3,
      "fn": 11
    },
    "72": {
      "iou": 8.443609572723606,
      "tp": 9,
      "fp": 1,
      "fn": 1
    },
    "73": {
      "iou": 25.774623585349147,
      "tp": 33,
      "fp": 11,
      "fn": 55
    },
    "74": {
      "iou": 16.972876739079283,
      "tp": 20,
      "fp": 2,
      "fn": 1
    },
    "75": {
      "iou": 6.469670131109074,
      "tp": 8,
      "fp": 4,
      "fn": 4
    },
    "76": {
      "iou": 0.9574912891986063,
      "tp": 1,
      "fp": 0,
      "fn": 3
    },
    "77": {
      "iou": 11.639035656698473,
      "tp": 14,
      "fp": 1,
      "fn": 7
    },
    "78": {
      "iou": 0.8654822335025381,
      "tp": 1,
      "fp": 0,
      "fn": 1
    },
    "79": {
      "iou": 6.772277638363673,
      "tp": 9,
      "fp": 1,
      "fn": 3
    },
    "80": {
      "iou": 7.377472269156281,
      "tp": 9,
      "fp": 4,
      "fn": 13
    },
    "81": {
      "iou": 1.8918348852022784,
      "tp": 2,
      "fp": 0,
      "fn": 7
    },
    "82": {
      "iou": 8.6020081248809,
      "tp": 11,
      "fp": 0,
      "fn": 3
    },
    "83": {
      "iou": 3.225542950344732,
      "tp": 4,
      "fp": 2,
      "fn": 11
    },
    "84": {
      "iou": 15.568206710047562,
      "tp": 19,
      "fp": 5,
      "fn": 11
    },
    "85": {
      "iou": 12.427225887580509,
      "tp": 15,
      "fp": 1,
      "fn": 4
    },
    "86": {
      "iou": 21.732450214253515,
      "tp": 26,
      "fp": 4,
      "fn": 11
    },
    "87": {
      "iou": 17.959693675721905,
      "tp": 21,
      "fp": 4,
      "fn": 4
    },
    "88": {
      "iou": 4.8500423247779425,
      "tp": 7,
      "fp": 4,
      "fn": 8
    },
    "89": {
      "iou": 0.7743414216734918,
      "tp": 1,
      "fp": 3,
      "fn": 7
    },
    "90": {
      "iou": 4.47370590494485,
      "tp": 6,
      "fp": 2,
      "fn": 9
    },
    "91": {
      "iou": 6.666107233001096,
      "tp": 9,
      "fp": 3,
      "fn": 19
    },
    "92": {
      "iou": 11.026456474947084,
      "tp": 14,
      "fp": 10,
      "fn": 37
    },
    "93": {
      "iou": 7.964849058795817,
      "tp": 9,
      "fp": 2,
      "fn": 4
    },
    "94": {
      "iou": 2.6304825416063267,
      "tp": 3,
      "fp": 2,
      "fn": 3
    },
    "95": {
      "iou": 0.9179157744468237,
      "tp": 1,
      "fp": 3,
      "fn": 4
    },
    "96": {
      "iou": 12.435402949093984,
      "tp": 14,
      "fp": 3,
      "fn": 9
    },
    "97": {
      "iou": 13.21293635290766,
      "tp": 14,
      "fp": 5,
      "fn": 6
    },
    "98": {
      "iou": 12.67177661593502,
      "tp": 16,
      "fp": 4,
      "fn": 7
    },
    "99": {
      "iou": 5.397589582968356,
      "tp": 6,
      "fp": 3,
      "fn": 1
    },
    "100": {
      "iou": 54.13458894536719,
      "tp": 62,
      "fp": 8,
      "fn": 10
    },
    "101": {
      "iou": 5.4567603742369775,
      "tp": 7,
      "fp": 6,
      "fn": 15
    },
    "102": {
      "iou": 15.549604976982184,
      "tp": 18,
      "fp": 0,
      "fn": 5
    },
    "103": {
      "iou": 32.87072027039308,
      "tp": 36,
      "fp": 2,
      "fn": 4
    },
    "104": {
      "iou": 4.562635652100555,
      "tp": 6,
      "fp": 8,
      "fn": 12
    },
    "105": {
      "iou": 23.615214425338788,
      "tp": 25,
      "fp": 1,
      "fn": 0
    },
    "106": {
      "iou": 2.33907305294088,
      "tp": 3,
      "fp": 4,
      "fn": 10
    },
    "107": {
      "iou": 0.6966175920424287,
      "tp": 1,
      "fp": 2,
      "fn": 5
    },
    "108": {
      "iou": 7.454378845965289,
      "tp": 9,
      "fp": 1,
      "fn": 4
    },
    "109": {
      "iou": 13.055591224590474,
      "tp": 16,
      "fp": 2,
      "fn": 9
    },
    "110": {
      "iou": 2.6306253600893057,
      "tp": 3,
      "fp": 2,
      "fn": 5
    },
    "111": {
      "iou": 17.74786936766295,
      "tp": 20,
      "fp": 2,
      "fn": 10
    },
    "112": {
      "iou": 8.143555769380962,
      "tp": 9,
      "fp": 7,
      "fn": 14
    },
    "113": {
      "iou": 5.007990434690427,
      "tp": 6,
      "fp": 6,
      "fn": 5
    },
    "114": {
      "iou": 6.680902594811258,
      "tp": 8,
      "fp": 2,
      "fn": 4
    },
    "115": {
      "iou": 26.058575905401106,
      "tp": 31,
      "fp": 7,
      "fn": 25
    },
    "116": {
      "iou": 139.44376179057994,
      "tp": 168,
      "fp": 10,
      "fn": 21
    },
    "117": {
      "iou": 33.57557914519229,
      "tp": 41,
      "fp": 19,
      "fn": 27
    },
    "118": {
      "iou": 32.3376218073526,
      "tp": 37,
      "fp": 4,
      "fn": 13
    },
    "119": {
      "iou": 190.08267741451655,
      "tp": 204,
      "fp": 4,
      "fn": 17
    },
    "120": {
      "iou": 18.876590525381975,
      "tp": 23,
      "fp": 4,
      "fn": 6
    },
    "121": {
      "iou": 27.392415289033465,
      "tp": 34,
      "fp": 9,
      "fn": 43
    },
    "122": {
      "iou": 29.37374381970396,
      "tp": 34,
      "fp": 6,
      "fn": 23
    },
    "123": {
      "iou": 44.78375369168702,
      "tp": 52,
      "fp": 5,
      "fn": 24
    },
    "124": {
      "iou": 18.133011760544612,
      "tp": 21,
      "fp": 4,
      "fn": 10
    },
    "125": {
      "iou": 67.71861528536674,
      "tp": 79,
      "fp": 12,
      "fn": 28
    },
    "126": {
      "iou": 21.64952866511136,
      "tp": 26,
      "fp": 6,
      "fn": 15
    },
    "127": {
      "iou": 14.060470523939204,
      "tp": 18,
      "fp": 11,
      "fn": 20
    },
    "128": {
      "iou": 11.544696979083062,
      "tp": 15,
      "fp": 3,
      "fn": 9
    },
    "129": {
      "iou": 62.835877269645344,
      "tp": 79,
      "fp": 26,
      "fn": 36
    },
    "130": {
      "iou": 9.279652740277557,
      "tp": 11,
      "fp": 6,
      "fn": 10
    },
    "131": {
      "iou": 103.6980714266314,
      "tp": 124,
      "fp": 17,
      "fn": 52
    },
    "132": {
      "iou": 13.599208203356046,
      "tp": 16,
      "fp": 4,
      "fn": 6
    }
  },
  "relation_metrics_note": "Only Endpoint Support and Balanced Endpoint Support are reported; no R@K/mR@K proxy is labeled as a relation result."
}
