{
  "schema_version": 2,
  "contract": "native-relative official-PQ versus full-population balanced endpoint-support frontier",
  "baseline_source": "/data2/liuhaoran/project/cv/psg/results/endpoint_survival_v2/fit500_seed0/native_0/summary.json",
  "baseline": {
    "endpoint_support": 0.6586290044781261,
    "predicate_balanced_endpoint_support": 0.7194094185735077,
    "pq": 0.5740938190713243,
    "pq_th": 0.6080685531640322,
    "pq_st": 0.5228112015728972
  },
  "points": [
    {
      "mode": "semantic",
      "margin": 0.1,
      "source": "/data2/liuhaoran/project/cv/psg/results/endpoint_survival_v2/fit500_seed0/semantic_0p1/summary.json",
      "endpoint_support": 0.6631071305545987,
      "predicate_balanced_endpoint_support": 0.7203129674199775,
      "pq": 0.5759611377515729,
      "pq_th": 0.6090916816325324,
      "pq_st": 0.5259527696293701,
      "changed_pixel_fraction": 0.0022843638255282137,
      "changed_queries": 2753,
      "semantic_eligibility_flips": 12,
      "competition_winner_flips": 318167,
      "native_segment_count_change": 0,
      "delta_endpoint_support": 0.004478126076472577,
      "delta_predicate_balanced_support": 0.0009035488464698149,
      "delta_pq": 0.0018673186802485864,
      "support_gate_passed": false,
      "pq_gate_passed": true
    },
    {
      "mode": "semantic",
      "margin": 0.25,
      "source": "/data2/liuhaoran/project/cv/psg/results/endpoint_survival_v2/fit500_seed0/semantic_0p25/summary.json",
      "endpoint_support": 0.6662073716844643,
      "predicate_balanced_endpoint_support": 0.7218668190517331,
      "pq": 0.5790813928846532,
      "pq_th": 0.609321911171494,
      "pq_st": 0.5334353275460255,
      "changed_pixel_fraction": 0.0064077594633896425,
      "changed_queries": 3357,
      "semantic_eligibility_flips": 28,
      "competition_winner_flips": 892475,
      "native_segment_count_change": -1,
      "delta_endpoint_support": 0.007578367206338199,
      "delta_predicate_balanced_support": 0.002457400478225402,
      "delta_pq": 0.004987573813328927,
      "support_gate_passed": false,
      "pq_gate_passed": true
    },
    {
      "mode": "semantic",
      "margin": 0.5,
      "source": "/data2/liuhaoran/project/cv/psg/results/endpoint_survival_v2/fit500_seed0/semantic_0p5/summary.json",
      "endpoint_support": 0.6741302101274543,
      "predicate_balanced_endpoint_support": 0.7302717391797656,
      "pq": 0.5818610500863888,
      "pq_th": 0.611401107996363,
      "pq_st": 0.5372722834298242,
      "changed_pixel_fraction": 0.011321158842841244,
      "changed_queries": 3758,
      "semantic_eligibility_flips": 51,
      "competition_winner_flips": 1576815,
      "native_segment_count_change": 2,
      "delta_endpoint_support": 0.01550120564932822,
      "delta_predicate_balanced_support": 0.010862320606257914,
      "delta_pq": 0.007767231015064491,
      "support_gate_passed": false,
      "pq_gate_passed": true
    },
    {
      "mode": "semantic",
      "margin": 1.0,
      "source": "/data2/liuhaoran/project/cv/psg/results/endpoint_survival_v2/fit500_seed0/semantic_1p0/summary.json",
      "endpoint_support": 0.6920427144333449,
      "predicate_balanced_endpoint_support": 0.7611311820543103,
      "pq": 0.5889528799000838,
      "pq_th": 0.615167019765067,
      "pq_st": 0.5493843668963355,
      "changed_pixel_fraction": 0.01823588140963428,
      "changed_queries": 4101,
      "semantic_eligibility_flips": 116,
      "competition_winner_flips": 2539900,
      "native_segment_count_change": 22,
      "delta_endpoint_support": 0.03341370995521875,
      "delta_predicate_balanced_support": 0.04172176348080259,
      "delta_pq": 0.01485906082875954,
      "support_gate_passed": true,
      "pq_gate_passed": true
    },
    {
      "mode": "semantic",
      "margin": 2.0,
      "source": "/data2/liuhaoran/project/cv/psg/results/endpoint_survival_v2/fit500_seed0/semantic_2p0/summary.json",
      "endpoint_support": 0.7147778160523597,
      "predicate_balanced_endpoint_support": 0.767719908255744,
      "pq": 0.5962554830741545,
      "pq_th": 0.6211023648205865,
      "pq_st": 0.558750755909729,
      "changed_pixel_fraction": 0.02899258878242504,
      "changed_queries": 4390,
      "semantic_eligibility_flips": 271,
      "competition_winner_flips": 4038098,
      "native_segment_count_change": 45,
      "delta_endpoint_support": 0.05614881157423357,
      "delta_predicate_balanced_support": 0.04831048968223628,
      "delta_pq": 0.02216166400283026,
      "support_gate_passed": true,
      "pq_gate_passed": true
    },
    {
      "mode": "competition",
      "margin": 0.1,
      "source": "/data2/liuhaoran/project/cv/psg/results/endpoint_survival_v2/fit500_seed0/competition_0p1/summary.json",
      "endpoint_support": 0.6727523251808474,
      "predicate_balanced_endpoint_support": 0.7489468804056285,
      "pq": 0.5828613233151169,
      "pq_th": 0.612104833767623,
      "pq_st": 0.5387201754622778,
      "changed_pixel_fraction": 0.01410143611568819,
      "changed_queries": 4113,
      "semantic_eligibility_flips": 0,
      "competition_winner_flips": 1964053,
      "native_segment_count_change": -73,
      "delta_endpoint_support": 0.014123320702721265,
      "delta_predicate_balanced_support": 0.029537461832120804,
      "delta_pq": 0.008767504243792579,
      "support_gate_passed": false,
      "pq_gate_passed": true
    },
    {
      "mode": "competition",
      "margin": 0.25,
      "source": "/data2/liuhaoran/project/cv/psg/results/endpoint_survival_v2/fit500_seed0/competition_0p25/summary.json",
      "endpoint_support": 0.6872201171202205,
      "predicate_balanced_endpoint_support": 0.753972896264095,
      "pq": 0.5897004405899562,
      "pq_th": 0.6175917725058805,
      "pq_st": 0.5476003169432782,
      "changed_pixel_fraction": 0.02547404514404124,
      "changed_queries": 4279,
      "semantic_eligibility_flips": 0,
      "competition_winner_flips": 3548034,
      "native_segment_count_change": -128,
      "delta_endpoint_support": 0.028591112642094352,
      "delta_predicate_balanced_support": 0.03456347769058732,
      "delta_pq": 0.015606621518631902,
      "support_gate_passed": true,
      "pq_gate_passed": true
    },
    {
      "mode": "competition",
      "margin": 0.5,
      "source": "/data2/liuhaoran/project/cv/psg/results/endpoint_survival_v2/fit500_seed0/competition_0p5/summary.json",
      "endpoint_support": 0.6879090595935239,
      "predicate_balanced_endpoint_support": 0.7535147618081105,
      "pq": 0.5916695707375297,
      "pq_th": 0.6181659902900074,
      "pq_st": 0.5516749751866201,
      "changed_pixel_fraction": 0.036878259491487646,
      "changed_queries": 4364,
      "semantic_eligibility_flips": 0,
      "competition_winner_flips": 5136417,
      "native_segment_count_change": -241,
      "delta_endpoint_support": 0.029280055115397774,
      "delta_predicate_balanced_support": 0.03410534323460279,
      "delta_pq": 0.017575751666205397,
      "support_gate_passed": true,
      "pq_gate_passed": true
    },
    {
      "mode": "competition",
      "margin": 1.0,
      "source": "/data2/liuhaoran/project/cv/psg/results/endpoint_survival_v2/fit500_seed0/competition_1p0/summary.json",
      "endpoint_support": 0.672063382707544,
      "predicate_balanced_endpoint_support": 0.7285975503217511,
      "pq": 0.5881448143703655,
      "pq_th": 0.6142683727811958,
      "pq_st": 0.548713028089867,
      "changed_pixel_fraction": 0.04720759861945496,
      "changed_queries": 4435,
      "semantic_eligibility_flips": 0,
      "competition_winner_flips": 6575091,
      "native_segment_count_change": -435,
      "delta_endpoint_support": 0.013434378229417843,
      "delta_predicate_balanced_support": 0.0091881317482434,
      "delta_pq": 0.014050995299041191,
      "support_gate_passed": false,
      "pq_gate_passed": true
    },
    {
      "mode": "competition",
      "margin": 2.0,
      "source": "/data2/liuhaoran/project/cv/psg/results/endpoint_survival_v2/fit500_seed0/competition_2p0/summary.json",
      "endpoint_support": 0.6021357216672408,
      "predicate_balanced_endpoint_support": 0.6758398409652276,
      "pq": 0.5651499690109262,
      "pq_th": 0.5956659580328841,
      "pq_st": 0.5190880987891029,
      "changed_pixel_fraction": 0.0612980425171668,
      "changed_queries": 4528,
      "semantic_eligibility_flips": 0,
      "competition_winner_flips": 8537613,
      "native_segment_count_change": -885,
      "delta_endpoint_support": -0.05649328281088528,
      "delta_predicate_balanced_support": -0.04356957760828006,
      "delta_pq": -0.008943850060398106,
      "support_gate_passed": false,
      "pq_gate_passed": true
    }
  ],
  "best_qualified_point": {
    "mode": "semantic",
    "margin": 2.0,
    "source": "/data2/liuhaoran/project/cv/psg/results/endpoint_survival_v2/fit500_seed0/semantic_2p0/summary.json",
    "endpoint_support": 0.7147778160523597,
    "predicate_balanced_endpoint_support": 0.767719908255744,
    "pq": 0.5962554830741545,
    "pq_th": 0.6211023648205865,
    "pq_st": 0.558750755909729,
    "changed_pixel_fraction": 0.02899258878242504,
    "changed_queries": 4390,
    "semantic_eligibility_flips": 271,
    "competition_winner_flips": 4038098,
    "native_segment_count_change": 45,
    "delta_endpoint_support": 0.05614881157423357,
    "delta_predicate_balanced_support": 0.04831048968223628,
    "delta_pq": 0.02216166400283026,
    "support_gate_passed": true,
    "pq_gate_passed": true
  },
  "gates": {
    "endpoint_support_delta_min": 0.03,
    "pq_delta_min": -0.01,
    "structured_oracle_passed": true
  }
}
