{
  "schema_version": 2,
  "contract": "full-population predicate-balanced endpoint support + official COCO category-aggregated PQ",
  "mode": "native",
  "margin": 0.0,
  "images": 500,
  "native_sanity": {
    "passed": true,
    "checked_images": 500
  },
  "metrics": {
    "endpoint_support": 0.6586290044781261,
    "predicate_balanced_endpoint_support": 0.7194094185735077,
    "pq": 0.5740938190713243,
    "sq": 0.8288097809305704,
    "rq": 0.6811861447360683,
    "pq_th": 0.6080685531640322,
    "pq_st": 0.5228112015728972,
    "pq_categories": 133,
    "pq_thing_categories": 80,
    "pq_stuff_categories": 53,
    "changed_pixel_fraction": 0.0,
    "changed_pixels": 0,
    "total_pixels": 139280353,
    "changed_queries": 0,
    "semantic_eligibility_flips": 0,
    "competition_winner_flips": 0,
    "native_segment_count": 4819,
    "changed_segment_count": 4819,
    "native_segment_count_change": 0
  },
  "graph_counts": {
    "images": 500,
    "entity_recall_micro": 0.6106671299513551,
    "endpoint_support_micro": 0.6586290044781261,
    "endpoint_support_macro_image": 0.6953397974247975,
    "predicate_balanced_endpoint_support": 0.7194094185735077,
    "gt_entities": 5756,
    "matched_gt_entities": 3515,
    "gt_relations": 2903,
    "supported_gt_relations": 1912,
    "gt_per_predicate": [
      505,
      108,
      529,
      569,
      133,
      242,
      66,
      0,
      0,
      2,
      1,
      66,
      9,
      0,
      137,
      13,
      62,
      14,
      3,
      2,
      24,
      101,
      25,
      63,
      1,
      0,
      13,
      1,
      0,
      2,
      4,
      0,
      2,
      0,
      0,
      0,
      31,
      6,
      0,
      7,
      0,
      0,
      6,
      2,
      2,
      9,
      16,
      40,
      60,
      3,
      1,
      10,
      1,
      0,
      4,
      8
    ],
    "hit_per_predicate": [
      363,
      74,
      357,
      323,
      83,
      131,
      32,
      0,
      0,
      1,
      0,
      52,
      8,
      0,
      94,
      8,
      34,
      9,
      3,
      2,
      12,
      74,
      17,
      55,
      0,
      0,
      12,
      1,
      0,
      2,
      4,
      0,
      2,
      0,
      0,
      0,
      21,
      5,
      0,
      6,
      0,
      0,
      6,
      2,
      1,
      3,
      14,
      33,
      44,
      3,
      1,
      10,
      0,
      0,
      3,
      7
    ],
    "per_predicate_endpoint_support": [
      0.7188118811881188,
      0.6851851851851852,
      0.6748582230623819,
      0.5676625659050967,
      0.6240601503759399,
      0.5413223140495868,
      0.48484848484848486,
      0.0,
      0.0,
      0.5,
      0.0,
      0.7878787878787878,
      0.8888888888888888,
      0.0,
      0.6861313868613139,
      0.6153846153846154,
      0.5483870967741935,
      0.6428571428571429,
      1.0,
      1.0,
      0.5,
      0.7326732673267327,
      0.68,
      0.873015873015873,
      0.0,
      0.0,
      0.9230769230769231,
      1.0,
      0.0,
      1.0,
      1.0,
      0.0,
      1.0,
      0.0,
      0.0,
      0.0,
      0.6774193548387096,
      0.8333333333333334,
      0.0,
      0.8571428571428571,
      0.0,
      0.0,
      1.0,
      1.0,
      0.5,
      0.3333333333333333,
      0.875,
      0.825,
      0.7333333333333333,
      1.0,
      1.0,
      1.0,
      0.0,
      0.0,
      0.75,
      0.875
    ]
  },
  "pq_category_stats": {
    "0": {
      "iou": 620.3138536841277,
      "tp": 756,
      "fp": 80,
      "fn": 328
    },
    "1": {
      "iou": 16.690988315141055,
      "tp": 23,
      "fp": 1,
      "fn": 6
    },
    "2": {
      "iou": 66.63596557867464,
      "tp": 83,
      "fp": 18,
      "fn": 75
    },
    "3": {
      "iou": 14.025932402680972,
      "tp": 17,
      "fp": 4,
      "fn": 1
    },
    "4": {
      "iou": 23.293492732762104,
      "tp": 28,
      "fp": 1,
      "fn": 6
    },
    "5": {
      "iou": 21.042266841585402,
      "tp": 23,
      "fp": 0,
      "fn": 5
    },
    "6": {
      "iou": 28.137713335431847,
      "tp": 31,
      "fp": 3,
      "fn": 9
    },
    "7": {
      "iou": 27.728164431500613,
      "tp": 32,
      "fp": 4,
      "fn": 14
    },
    "8": {
      "iou": 25.98954928486766,
      "tp": 34,
      "fp": 5,
      "fn": 23
    },
    "9": {
      "iou": 33.1333595032318,
      "tp": 41,
      "fp": 8,
      "fn": 26
    },
    "10": {
      "iou": 2.7662443595539545,
      "tp": 3,
      "fp": 1,
      "fn": 0
    },
    "11": {
      "iou": 6.591626189565643,
      "tp": 7,
      "fp": 0,
      "fn": 1
    },
    "12": {
      "iou": 3.700837147976647,
      "tp": 4,
      "fp": 2,
      "fn": 1
    },
    "13": {
      "iou": 14.007472169870114,
      "tp": 17,
      "fp": 9,
      "fn": 26
    },
    "14": {
      "iou": 17.305018358447896,
      "tp": 21,
      "fp": 5,
      "fn": 42
    },
    "15": {
      "iou": 13.845489448244729,
      "tp": 15,
      "fp": 0,
      "fn": 0
    },
    "16": {
      "iou": 12.299951785605833,
      "tp": 14,
      "fp": 0,
      "fn": 0
    },
    "17": {
      "iou": 14.481976557005193,
      "tp": 19,
      "fp": 13,
      "fn": 8
    },
    "18": {
      "iou": 33.929587286278036,
      "tp": 39,
      "fp": 3,
      "fn": 9
    },
    "19": {
      "iou": 12.735245168741747,
      "tp": 16,
      "fp": 3,
      "fn": 10
    },
    "20": {
      "iou": 21.552414809070044,
      "tp": 25,
      "fp": 0,
      "fn": 4
    },
    "21": {
      "iou": 5.6801878885999715,
      "tp": 6,
      "fp": 0,
      "fn": 0
    },
    "22": {
      "iou": 7.120356664399646,
      "tp": 8,
      "fp": 0,
      "fn": 1
    },
    "23": {
      "iou": 9.007272323007667,
      "tp": 10,
      "fp": 0,
      "fn": 0
    },
    "24": {
      "iou": 16.64312641672769,
      "tp": 22,
      "fp": 11,
      "fn": 27
    },
    "25": {
      "iou": 27.608278280882733,
      "tp": 34,
      "fp": 8,
      "fn": 17
    },
    "26": {
      "iou": 21.094076824356403,
      "tp": 28,
      "fp": 6,
      "fn": 39
    },
    "27": {
      "iou": 8.893628258359412,
      "tp": 11,
      "fp": 0,
      "fn": 6
    },
    "28": {
      "iou": 16.34849947699105,
      "tp": 20,
      "fp": 6,
      "fn": 13
    },
    "29": {
      "iou": 9.887942080916773,
      "tp": 12,
      "fp": 0,
      "fn": 0
    },
    "30": {
      "iou": 6.3586530477216,
      "tp": 10,
      "fp": 19,
      "fn": 32
    },
    "31": {
      "iou": 0.7908745247148289,
      "tp": 1,
      "fp": 2,
      "fn": 4
    },
    "32": {
      "iou": 12.379521407614043,
      "tp": 15,
      "fp": 1,
      "fn": 5
    },
    "33": {
      "iou": 12.650475629639356,
      "tp": 16,
      "fp": 4,
      "fn": 36
    },
    "34": {
      "iou": 8.433656368974717,
      "tp": 11,
      "fp": 1,
      "fn": 0
    },
    "35": {
      "iou": 4.523062370646155,
      "tp": 6,
      "fp": 2,
      "fn": 3
    },
    "36": {
      "iou": 15.41060991515092,
      "tp": 20,
      "fp": 4,
      "fn": 6
    },
    "37": {
      "iou": 21.82990311989398,
      "tp": 27,
      "fp": 4,
      "fn": 12
    },
    "38": {
      "iou": 14.5502249693161,
      "tp": 17,
      "fp": 0,
      "fn": 4
    },
    "39": {
      "iou": 33.578592986911,
      "tp": 39,
      "fp": 16,
      "fn": 52
    },
    "40": {
      "iou": 12.541220603531148,
      "tp": 16,
      "fp": 8,
      "fn": 12
    },
    "41": {
      "iou": 35.06169160531541,
      "tp": 40,
      "fp": 6,
      "fn": 41
    },
    "42": {
      "iou": 8.141599951520483,
      "tp": 11,
      "fp": 3,
      "fn": 13
    },
    "43": {
      "iou": 10.487323711336204,
      "tp": 13,
      "fp": 6,
      "fn": 26
    },
    "44": {
      "iou": 9.079863710092962,
      "tp": 12,
      "fp": 5,
      "fn": 15
    },
    "45": {
      "iou": 30.204144932876016,
      "tp": 34,
      "fp": 3,
      "fn": 19
    },
    "46": {
      "iou": 7.772422751818562,
      "tp": 10,
      "fp": 4,
      "fn": 22
    },
    "47": {
      "iou": 9.100030856190074,
      "tp": 12,
      "fp": 4,
      "fn": 15
    },
    "48": {
      "iou": 11.255636945091084,
      "tp": 13,
      "fp": 10,
      "fn": 12
    },
    "49": {
      "iou": 10.105873414149565,
      "tp": 12,
      "fp": 2,
      "fn": 9
    },
    "50": {
      "iou": 11.847953632654692,
      "tp": 15,
      "fp": 6,
      "fn": 22
    },
    "51": {
      "iou": 6.92315234742047,
      "tp": 9,
      "fp": 6,
      "fn": 17
    },
    "52": {
      "iou": 2.7459678064554693,
      "tp": 3,
      "fp": 0,
      "fn": 1
    },
    "53": {
      "iou": 14.782223725634594,
      "tp": 16,
      "fp": 2,
      "fn": 3
    },
    "54": {
      "iou": 21.390468991653464,
      "tp": 24,
      "fp": 7,
      "fn": 20
    },
    "55": {
      "iou": 20.282438772338192,
      "tp": 23,
      "fp": 3,
      "fn": 15
    },
    "56": {
      "iou": 82.72678491052929,
      "tp": 100,
      "fp": 27,
      "fn": 75
    },
    "57": {
      "iou": 9.00296009038837,
      "tp": 10,
      "fp": 1,
      "fn": 3
    },
    "58": {
      "iou": 25.33671942039948,
      "tp": 33,
      "fp": 8,
      "fn": 32
    },
    "59": {
      "iou": 11.18672815440344,
      "tp": 14,
      "fp": 3,
      "fn": 4
    },
    "60": {
      "iou": 30.2973466699433,
      "tp": 37,
      "fp": 13,
      "fn": 26
    },
    "61": {
      "iou": 8.819717572090841,
      "tp": 10,
      "fp": 0,
      "fn": 1
    },
    "62": {
      "iou": 21.818541485951513,
      "tp": 24,
      "fp": 0,
      "fn": 1
    },
    "63": {
      "iou": 10.558340855180342,
      "tp": 12,
      "fp": 0,
      "fn": 4
    },
    "64": {
      "iou": 6.21670259545299,
      "tp": 7,
      "fp": 0,
      "fn": 5
    },
    "65": {
      "iou": 6.366511047001284,
      "tp": 8,
      "fp": 3,
      "fn": 1
    },
    "66": {
      "iou": 12.190974338525724,
      "tp": 14,
      "fp": 2,
      "fn": 0
    },
    "67": {
      "iou": 8.108491628975308,
      "tp": 10,
      "fp": 3,
      "fn": 5
    },
    "68": {
      "iou": 6.371259406454584,
      "tp": 7,
      "fp": 0,
      "fn": 0
    },
    "69": {
      "iou": 11.061333109868524,
      "tp": 13,
      "fp": 3,
      "fn": 4
    },
    "70": {
      "iou": 0.0,
      "tp": 0,
      "fp": 0,
      "fn": 2
    },
    "71": {
      "iou": 13.920871166739078,
      "tp": 16,
      "fp": 4,
      "fn": 12
    },
    "72": {
      "iou": 8.435501308298193,
      "tp": 9,
      "fp": 1,
      "fn": 1
    },
    "73": {
      "iou": 25.055367541002127,
      "tp": 32,
      "fp": 13,
      "fn": 56
    },
    "74": {
      "iou": 17.046110182627167,
      "tp": 20,
      "fp": 2,
      "fn": 1
    },
    "75": {
      "iou": 5.960792214360122,
      "tp": 7,
      "fp": 6,
      "fn": 5
    },
    "76": {
      "iou": 0.9574912891986063,
      "tp": 1,
      "fp": 0,
      "fn": 3
    },
    "77": {
      "iou": 11.622604803776754,
      "tp": 14,
      "fp": 1,
      "fn": 7
    },
    "78": {
      "iou": 0.8576874205844981,
      "tp": 1,
      "fp": 0,
      "fn": 1
    },
    "79": {
      "iou": 6.486563972635702,
      "tp": 9,
      "fp": 1,
      "fn": 3
    },
    "80": {
      "iou": 7.156027925412674,
      "tp": 9,
      "fp": 5,
      "fn": 13
    },
    "81": {
      "iou": 1.8918348852022784,
      "tp": 2,
      "fp": 0,
      "fn": 7
    },
    "82": {
      "iou": 8.599036419941056,
      "tp": 11,
      "fp": 1,
      "fn": 3
    },
    "83": {
      "iou": 3.2311882080802072,
      "tp": 4,
      "fp": 2,
      "fn": 11
    },
    "84": {
      "iou": 14.547894852137958,
      "tp": 18,
      "fp": 7,
      "fn": 12
    },
    "85": {
      "iou": 12.41459176046479,
      "tp": 15,
      "fp": 1,
      "fn": 4
    },
    "86": {
      "iou": 21.817049862869794,
      "tp": 26,
      "fp": 4,
      "fn": 11
    },
    "87": {
      "iou": 17.929586095044666,
      "tp": 21,
      "fp": 4,
      "fn": 4
    },
    "88": {
      "iou": 4.273616375630963,
      "tp": 6,
      "fp": 4,
      "fn": 9
    },
    "89": {
      "iou": 0.7842828333753467,
      "tp": 1,
      "fp": 3,
      "fn": 7
    },
    "90": {
      "iou": 3.9930299409994876,
      "tp": 5,
      "fp": 4,
      "fn": 10
    },
    "91": {
      "iou": 5.099181580770358,
      "tp": 7,
      "fp": 7,
      "fn": 21
    },
    "92": {
      "iou": 12.385442492741957,
      "tp": 16,
      "fp": 13,
      "fn": 35
    },
    "93": {
      "iou": 7.948862673896471,
      "tp": 9,
      "fp": 2,
      "fn": 4
    },
    "94": {
      "iou": 2.6089650340409642,
      "tp": 3,
      "fp": 2,
      "fn": 3
    },
    "95": {
      "iou": 0.917284245756634,
      "tp": 1,
      "fp": 3,
      "fn": 4
    },
    "96": {
      "iou": 9.12008377517874,
      "tp": 10,
      "fp": 7,
      "fn": 13
    },
    "97": {
      "iou": 11.457390486358006,
      "tp": 12,
      "fp": 9,
      "fn": 8
    },
    "98": {
      "iou": 11.073975577926277,
      "tp": 14,
      "fp": 4,
      "fn": 9
    },
    "99": {
      "iou": 5.41237245406265,
      "tp": 6,
      "fp": 4,
      "fn": 1
    },
    "100": {
      "iou": 51.48609564502297,
      "tp": 59,
      "fp": 12,
      "fn": 13
    },
    "101": {
      "iou": 4.8540595733963485,
      "tp": 6,
      "fp": 6,
      "fn": 16
    },
    "102": {
      "iou": 14.428463430150812,
      "tp": 16,
      "fp": 0,
      "fn": 7
    },
    "103": {
      "iou": 32.851837673054824,
      "tp": 36,
      "fp": 2,
      "fn": 4
    },
    "104": {
      "iou": 4.54314795704094,
      "tp": 6,
      "fp": 9,
      "fn": 12
    },
    "105": {
      "iou": 23.585577205931212,
      "tp": 25,
      "fp": 1,
      "fn": 0
    },
    "106": {
      "iou": 2.945722766577895,
      "tp": 4,
      "fp": 4,
      "fn": 9
    },
    "107": {
      "iou": 0.6830786893932703,
      "tp": 1,
      "fp": 3,
      "fn": 5
    },
    "108": {
      "iou": 8.017545605899354,
      "tp": 10,
      "fp": 2,
      "fn": 3
    },
    "109": {
      "iou": 11.433539388171305,
      "tp": 14,
      "fp": 2,
      "fn": 11
    },
    "110": {
      "iou": 2.642644268107085,
      "tp": 3,
      "fp": 2,
      "fn": 5
    },
    "111": {
      "iou": 17.67924312120456,
      "tp": 20,
      "fp": 2,
      "fn": 10
    },
    "112": {
      "iou": 8.152615501347462,
      "tp": 9,
      "fp": 9,
      "fn": 14
    },
    "113": {
      "iou": 4.003882755073112,
      "tp": 5,
      "fp": 6,
      "fn": 6
    },
    "114": {
      "iou": 5.744010267111096,
      "tp": 7,
      "fp": 2,
      "fn": 5
    },
    "115": {
      "iou": 24.598734702034488,
      "tp": 29,
      "fp": 9,
      "fn": 27
    },
    "116": {
      "iou": 139.1715136506843,
      "tp": 168,
      "fp": 14,
      "fn": 21
    },
    "117": {
      "iou": 33.45295826004454,
      "tp": 41,
      "fp": 24,
      "fn": 27
    },
    "118": {
      "iou": 30.620999348962854,
      "tp": 35,
      "fp": 6,
      "fn": 15
    },
    "119": {
      "iou": 190.64679013427892,
      "tp": 205,
      "fp": 6,
      "fn": 16
    },
    "120": {
      "iou": 18.747518429446696,
      "tp": 23,
      "fp": 4,
      "fn": 6
    },
    "121": {
      "iou": 25.475945296410273,
      "tp": 32,
      "fp": 11,
      "fn": 45
    },
    "122": {
      "iou": 28.33976163158466,
      "tp": 33,
      "fp": 7,
      "fn": 24
    },
    "123": {
      "iou": 40.11883172920797,
      "tp": 46,
      "fp": 13,
      "fn": 30
    },
    "124": {
      "iou": 18.655966227100507,
      "tp": 22,
      "fp": 7,
      "fn": 9
    },
    "125": {
      "iou": 66.7158517052196,
      "tp": 78,
      "fp": 18,
      "fn": 29
    },
    "126": {
      "iou": 19.763337383553296,
      "tp": 24,
      "fp": 9,
      "fn": 17
    },
    "127": {
      "iou": 15.233566824398373,
      "tp": 20,
      "fp": 11,
      "fn": 18
    },
    "128": {
      "iou": 11.398824941137267,
      "tp": 15,
      "fp": 3,
      "fn": 9
    },
    "129": {
      "iou": 59.64577296059848,
      "tp": 75,
      "fp": 29,
      "fn": 40
    },
    "130": {
      "iou": 9.27571072540668,
      "tp": 11,
      "fp": 8,
      "fn": 10
    },
    "131": {
      "iou": 102.71971533949271,
      "tp": 123,
      "fp": 22,
      "fn": 53
    },
    "132": {
      "iou": 13.65326011796347,
      "tp": 16,
      "fp": 4,
      "fn": 6
    }
  },
  "relation_metrics_note": "Only Endpoint Support and Balanced Endpoint Support are reported; no R@K/mR@K proxy is labeled as a relation result."
}
