{
  "schema_version": 2,
  "contract": "full-population predicate-balanced endpoint support + official COCO category-aggregated PQ",
  "mode": "semantic",
  "margin": 0.25,
  "images": 500,
  "native_sanity": {
    "passed": true,
    "checked_images": 500
  },
  "metrics": {
    "endpoint_support": 0.6662073716844643,
    "predicate_balanced_endpoint_support": 0.7218668190517331,
    "pq": 0.5790813928846532,
    "sq": 0.8299014645712083,
    "rq": 0.6864558613051713,
    "pq_th": 0.609321911171494,
    "pq_st": 0.5334353275460255,
    "pq_categories": 133,
    "pq_thing_categories": 80,
    "pq_stuff_categories": 53,
    "changed_pixel_fraction": 0.0064077594633896425,
    "changed_pixels": 892475,
    "total_pixels": 139280353,
    "changed_queries": 3357,
    "semantic_eligibility_flips": 28,
    "competition_winner_flips": 892475,
    "native_segment_count": 4819,
    "changed_segment_count": 4818,
    "native_segment_count_change": -1
  },
  "graph_counts": {
    "images": 500,
    "entity_recall_micro": 0.6143154968728284,
    "endpoint_support_micro": 0.6662073716844643,
    "endpoint_support_macro_image": 0.7015358291708291,
    "predicate_balanced_endpoint_support": 0.7218668190517331,
    "gt_entities": 5756,
    "matched_gt_entities": 3536,
    "gt_relations": 2903,
    "supported_gt_relations": 1934,
    "gt_per_predicate": [
      505,
      108,
      529,
      569,
      133,
      242,
      66,
      0,
      0,
      2,
      1,
      66,
      9,
      0,
      137,
      13,
      62,
      14,
      3,
      2,
      24,
      101,
      25,
      63,
      1,
      0,
      13,
      1,
      0,
      2,
      4,
      0,
      2,
      0,
      0,
      0,
      31,
      6,
      0,
      7,
      0,
      0,
      6,
      2,
      2,
      9,
      16,
      40,
      60,
      3,
      1,
      10,
      1,
      0,
      4,
      8
    ],
    "hit_per_predicate": [
      370,
      75,
      360,
      327,
      84,
      136,
      32,
      0,
      0,
      1,
      0,
      52,
      8,
      0,
      94,
      8,
      34,
      9,
      3,
      2,
      13,
      74,
      17,
      55,
      0,
      0,
      12,
      1,
      0,
      2,
      4,
      0,
      2,
      0,
      0,
      0,
      21,
      5,
      0,
      6,
      0,
      0,
      6,
      2,
      1,
      3,
      14,
      33,
      44,
      3,
      1,
      10,
      0,
      0,
      3,
      7
    ],
    "per_predicate_endpoint_support": [
      0.7326732673267327,
      0.6944444444444444,
      0.6805293005671077,
      0.5746924428822495,
      0.631578947368421,
      0.5619834710743802,
      0.48484848484848486,
      0.0,
      0.0,
      0.5,
      0.0,
      0.7878787878787878,
      0.8888888888888888,
      0.0,
      0.6861313868613139,
      0.6153846153846154,
      0.5483870967741935,
      0.6428571428571429,
      1.0,
      1.0,
      0.5416666666666666,
      0.7326732673267327,
      0.68,
      0.873015873015873,
      0.0,
      0.0,
      0.9230769230769231,
      1.0,
      0.0,
      1.0,
      1.0,
      0.0,
      1.0,
      0.0,
      0.0,
      0.0,
      0.6774193548387096,
      0.8333333333333334,
      0.0,
      0.8571428571428571,
      0.0,
      0.0,
      1.0,
      1.0,
      0.5,
      0.3333333333333333,
      0.875,
      0.825,
      0.7333333333333333,
      1.0,
      1.0,
      1.0,
      0.0,
      0.0,
      0.75,
      0.875
    ]
  },
  "pq_category_stats": {
    "0": {
      "iou": 620.9676375159804,
      "tp": 757,
      "fp": 80,
      "fn": 327
    },
    "1": {
      "iou": 16.692501209466318,
      "tp": 23,
      "fp": 1,
      "fn": 6
    },
    "2": {
      "iou": 65.87259111241754,
      "tp": 82,
      "fp": 18,
      "fn": 76
    },
    "3": {
      "iou": 14.026907683261783,
      "tp": 17,
      "fp": 4,
      "fn": 1
    },
    "4": {
      "iou": 23.306563611601476,
      "tp": 28,
      "fp": 1,
      "fn": 6
    },
    "5": {
      "iou": 21.039037279737958,
      "tp": 23,
      "fp": 0,
      "fn": 5
    },
    "6": {
      "iou": 28.137086490109695,
      "tp": 31,
      "fp": 3,
      "fn": 9
    },
    "7": {
      "iou": 27.74397371173979,
      "tp": 32,
      "fp": 4,
      "fn": 14
    },
    "8": {
      "iou": 25.9884437876233,
      "tp": 34,
      "fp": 5,
      "fn": 23
    },
    "9": {
      "iou": 33.14192599990005,
      "tp": 41,
      "fp": 8,
      "fn": 26
    },
    "10": {
      "iou": 2.7673974427178765,
      "tp": 3,
      "fp": 1,
      "fn": 0
    },
    "11": {
      "iou": 6.591660721942422,
      "tp": 7,
      "fp": 0,
      "fn": 1
    },
    "12": {
      "iou": 3.7007403436543753,
      "tp": 4,
      "fp": 2,
      "fn": 1
    },
    "13": {
      "iou": 14.015057886686124,
      "tp": 17,
      "fp": 9,
      "fn": 26
    },
    "14": {
      "iou": 17.308223664739305,
      "tp": 21,
      "fp": 5,
      "fn": 42
    },
    "15": {
      "iou": 13.847306846337299,
      "tp": 15,
      "fp": 0,
      "fn": 0
    },
    "16": {
      "iou": 12.301308185862732,
      "tp": 14,
      "fp": 0,
      "fn": 0
    },
    "17": {
      "iou": 14.481469561760235,
      "tp": 19,
      "fp": 13,
      "fn": 8
    },
    "18": {
      "iou": 33.94566628196612,
      "tp": 39,
      "fp": 3,
      "fn": 9
    },
    "19": {
      "iou": 12.738976906495603,
      "tp": 16,
      "fp": 3,
      "fn": 10
    },
    "20": {
      "iou": 21.553827529885233,
      "tp": 25,
      "fp": 0,
      "fn": 4
    },
    "21": {
      "iou": 5.680259603355309,
      "tp": 6,
      "fp": 0,
      "fn": 0
    },
    "22": {
      "iou": 7.119947703717277,
      "tp": 8,
      "fp": 0,
      "fn": 1
    },
    "23": {
      "iou": 9.007085744358282,
      "tp": 10,
      "fp": 0,
      "fn": 0
    },
    "24": {
      "iou": 18.51306119243852,
      "tp": 24,
      "fp": 11,
      "fn": 25
    },
    "25": {
      "iou": 27.62396548307596,
      "tp": 34,
      "fp": 8,
      "fn": 17
    },
    "26": {
      "iou": 21.68497362940462,
      "tp": 29,
      "fp": 6,
      "fn": 38
    },
    "27": {
      "iou": 8.889628258359412,
      "tp": 11,
      "fp": 0,
      "fn": 6
    },
    "28": {
      "iou": 16.374496299000107,
      "tp": 20,
      "fp": 6,
      "fn": 13
    },
    "29": {
      "iou": 9.889503025627658,
      "tp": 12,
      "fp": 0,
      "fn": 0
    },
    "30": {
      "iou": 6.3618139364907025,
      "tp": 10,
      "fp": 19,
      "fn": 32
    },
    "31": {
      "iou": 0.7908745247148289,
      "tp": 1,
      "fp": 2,
      "fn": 4
    },
    "32": {
      "iou": 12.387539441360232,
      "tp": 15,
      "fp": 1,
      "fn": 5
    },
    "33": {
      "iou": 12.66920491252399,
      "tp": 16,
      "fp": 4,
      "fn": 36
    },
    "34": {
      "iou": 8.440294056347794,
      "tp": 11,
      "fp": 1,
      "fn": 0
    },
    "35": {
      "iou": 4.555088753085132,
      "tp": 6,
      "fp": 2,
      "fn": 3
    },
    "36": {
      "iou": 15.409461622174161,
      "tp": 20,
      "fp": 4,
      "fn": 6
    },
    "37": {
      "iou": 21.831893101987742,
      "tp": 27,
      "fp": 4,
      "fn": 12
    },
    "38": {
      "iou": 14.552592098746743,
      "tp": 17,
      "fp": 0,
      "fn": 4
    },
    "39": {
      "iou": 34.219424248978356,
      "tp": 40,
      "fp": 16,
      "fn": 51
    },
    "40": {
      "iou": 12.54501323756696,
      "tp": 16,
      "fp": 8,
      "fn": 12
    },
    "41": {
      "iou": 35.05395868049499,
      "tp": 40,
      "fp": 6,
      "fn": 41
    },
    "42": {
      "iou": 8.141605309791219,
      "tp": 11,
      "fp": 3,
      "fn": 13
    },
    "43": {
      "iou": 11.454658962691422,
      "tp": 14,
      "fp": 6,
      "fn": 25
    },
    "44": {
      "iou": 9.084513434285736,
      "tp": 12,
      "fp": 5,
      "fn": 15
    },
    "45": {
      "iou": 31.023788181248833,
      "tp": 35,
      "fp": 3,
      "fn": 18
    },
    "46": {
      "iou": 7.050676272610152,
      "tp": 9,
      "fp": 4,
      "fn": 23
    },
    "47": {
      "iou": 9.096061308506826,
      "tp": 12,
      "fp": 4,
      "fn": 15
    },
    "48": {
      "iou": 11.252048846646474,
      "tp": 13,
      "fp": 10,
      "fn": 12
    },
    "49": {
      "iou": 10.107122944333124,
      "tp": 12,
      "fp": 2,
      "fn": 9
    },
    "50": {
      "iou": 12.666963873153211,
      "tp": 16,
      "fp": 5,
      "fn": 21
    },
    "51": {
      "iou": 6.924051854146288,
      "tp": 9,
      "fp": 6,
      "fn": 17
    },
    "52": {
      "iou": 2.7461312549286827,
      "tp": 3,
      "fp": 0,
      "fn": 1
    },
    "53": {
      "iou": 14.776490223818984,
      "tp": 16,
      "fp": 2,
      "fn": 3
    },
    "54": {
      "iou": 21.398709836369356,
      "tp": 24,
      "fp": 7,
      "fn": 20
    },
    "55": {
      "iou": 20.290862262051395,
      "tp": 23,
      "fp": 3,
      "fn": 15
    },
    "56": {
      "iou": 82.74079034683844,
      "tp": 100,
      "fp": 27,
      "fn": 75
    },
    "57": {
      "iou": 9.002162342750543,
      "tp": 10,
      "fp": 1,
      "fn": 3
    },
    "58": {
      "iou": 25.32764196979899,
      "tp": 33,
      "fp": 8,
      "fn": 32
    },
    "59": {
      "iou": 11.195368294735694,
      "tp": 14,
      "fp": 3,
      "fn": 4
    },
    "60": {
      "iou": 29.83000568545965,
      "tp": 36,
      "fp": 13,
      "fn": 27
    },
    "61": {
      "iou": 8.841839121733342,
      "tp": 10,
      "fp": 0,
      "fn": 1
    },
    "62": {
      "iou": 21.831182290128897,
      "tp": 24,
      "fp": 0,
      "fn": 1
    },
    "63": {
      "iou": 10.572073004885796,
      "tp": 12,
      "fp": 0,
      "fn": 4
    },
    "64": {
      "iou": 6.2174197175748205,
      "tp": 7,
      "fp": 0,
      "fn": 5
    },
    "65": {
      "iou": 6.366808700073587,
      "tp": 8,
      "fp": 3,
      "fn": 1
    },
    "66": {
      "iou": 12.193796838799766,
      "tp": 14,
      "fp": 2,
      "fn": 0
    },
    "67": {
      "iou": 8.114438449008995,
      "tp": 10,
      "fp": 3,
      "fn": 5
    },
    "68": {
      "iou": 6.371782145607748,
      "tp": 7,
      "fp": 0,
      "fn": 0
    },
    "69": {
      "iou": 11.082025023592177,
      "tp": 13,
      "fp": 3,
      "fn": 4
    },
    "70": {
      "iou": 0.0,
      "tp": 0,
      "fp": 0,
      "fn": 2
    },
    "71": {
      "iou": 13.92321474384126,
      "tp": 16,
      "fp": 4,
      "fn": 12
    },
    "72": {
      "iou": 8.436035593566535,
      "tp": 9,
      "fp": 1,
      "fn": 1
    },
    "73": {
      "iou": 25.073077496152656,
      "tp": 32,
      "fp": 13,
      "fn": 56
    },
    "74": {
      "iou": 17.047529417617593,
      "tp": 20,
      "fp": 2,
      "fn": 1
    },
    "75": {
      "iou": 5.958185504575107,
      "tp": 7,
      "fp": 6,
      "fn": 5
    },
    "76": {
      "iou": 0.9574912891986063,
      "tp": 1,
      "fp": 0,
      "fn": 3
    },
    "77": {
      "iou": 11.644742080004647,
      "tp": 14,
      "fp": 1,
      "fn": 7
    },
    "78": {
      "iou": 0.8593155893536122,
      "tp": 1,
      "fp": 0,
      "fn": 1
    },
    "79": {
      "iou": 6.495919683544228,
      "tp": 9,
      "fp": 1,
      "fn": 3
    },
    "80": {
      "iou": 7.20798132351917,
      "tp": 9,
      "fp": 5,
      "fn": 13
    },
    "81": {
      "iou": 1.8920799774244064,
      "tp": 2,
      "fp": 0,
      "fn": 7
    },
    "82": {
      "iou": 8.598183078763233,
      "tp": 11,
      "fp": 0,
      "fn": 3
    },
    "83": {
      "iou": 4.0813213006642295,
      "tp": 5,
      "fp": 2,
      "fn": 10
    },
    "84": {
      "iou": 14.560076390210002,
      "tp": 18,
      "fp": 6,
      "fn": 12
    },
    "85": {
      "iou": 12.413554512453956,
      "tp": 15,
      "fp": 1,
      "fn": 4
    },
    "86": {
      "iou": 21.828036169761816,
      "tp": 26,
      "fp": 4,
      "fn": 11
    },
    "87": {
      "iou": 17.93402515355206,
      "tp": 21,
      "fp": 4,
      "fn": 4
    },
    "88": {
      "iou": 4.272157874977974,
      "tp": 6,
      "fp": 4,
      "fn": 9
    },
    "89": {
      "iou": 0.7840408111852878,
      "tp": 1,
      "fp": 3,
      "fn": 7
    },
    "90": {
      "iou": 3.9916103393287194,
      "tp": 5,
      "fp": 4,
      "fn": 10
    },
    "91": {
      "iou": 5.9479440042403535,
      "tp": 8,
      "fp": 6,
      "fn": 20
    },
    "92": {
      "iou": 12.388414806113309,
      "tp": 16,
      "fp": 13,
      "fn": 35
    },
    "93": {
      "iou": 8.822153792418948,
      "tp": 10,
      "fp": 2,
      "fn": 3
    },
    "94": {
      "iou": 2.6164437860413536,
      "tp": 3,
      "fp": 2,
      "fn": 3
    },
    "95": {
      "iou": 0.9158522050059594,
      "tp": 1,
      "fp": 3,
      "fn": 4
    },
    "96": {
      "iou": 10.63031403189719,
      "tp": 12,
      "fp": 7,
      "fn": 11
    },
    "97": {
      "iou": 12.269373614172393,
      "tp": 13,
      "fp": 7,
      "fn": 7
    },
    "98": {
      "iou": 11.143636108764394,
      "tp": 14,
      "fp": 4,
      "fn": 9
    },
    "99": {
      "iou": 5.412294391234532,
      "tp": 6,
      "fp": 3,
      "fn": 1
    },
    "100": {
      "iou": 51.503770184471094,
      "tp": 59,
      "fp": 11,
      "fn": 13
    },
    "101": {
      "iou": 4.852070224440329,
      "tp": 6,
      "fp": 6,
      "fn": 16
    },
    "102": {
      "iou": 14.43058859119888,
      "tp": 16,
      "fp": 0,
      "fn": 7
    },
    "103": {
      "iou": 32.84590903057737,
      "tp": 36,
      "fp": 2,
      "fn": 4
    },
    "104": {
      "iou": 4.542073389882738,
      "tp": 6,
      "fp": 7,
      "fn": 12
    },
    "105": {
      "iou": 23.587597220497845,
      "tp": 25,
      "fp": 1,
      "fn": 0
    },
    "106": {
      "iou": 2.9469397933944808,
      "tp": 4,
      "fp": 4,
      "fn": 9
    },
    "107": {
      "iou": 0.6842488578932268,
      "tp": 1,
      "fp": 2,
      "fn": 5
    },
    "108": {
      "iou": 8.065587548621108,
      "tp": 10,
      "fp": 2,
      "fn": 3
    },
    "109": {
      "iou": 11.434010791873783,
      "tp": 14,
      "fp": 2,
      "fn": 11
    },
    "110": {
      "iou": 2.7561624383299073,
      "tp": 3,
      "fp": 2,
      "fn": 5
    },
    "111": {
      "iou": 17.681316462703293,
      "tp": 20,
      "fp": 2,
      "fn": 10
    },
    "112": {
      "iou": 8.15483881089781,
      "tp": 9,
      "fp": 9,
      "fn": 14
    },
    "113": {
      "iou": 4.987135749159586,
      "tp": 6,
      "fp": 6,
      "fn": 5
    },
    "114": {
      "iou": 5.73122808076201,
      "tp": 7,
      "fp": 2,
      "fn": 5
    },
    "115": {
      "iou": 24.627850555575634,
      "tp": 29,
      "fp": 9,
      "fn": 27
    },
    "116": {
      "iou": 139.2047060782307,
      "tp": 168,
      "fp": 13,
      "fn": 21
    },
    "117": {
      "iou": 33.46824628748088,
      "tp": 41,
      "fp": 22,
      "fn": 27
    },
    "118": {
      "iou": 31.687138679783445,
      "tp": 36,
      "fp": 7,
      "fn": 14
    },
    "119": {
      "iou": 190.6505109962291,
      "tp": 205,
      "fp": 6,
      "fn": 16
    },
    "120": {
      "iou": 19.64910010046796,
      "tp": 24,
      "fp": 4,
      "fn": 5
    },
    "121": {
      "iou": 26.16120824545296,
      "tp": 33,
      "fp": 11,
      "fn": 44
    },
    "122": {
      "iou": 28.401092434850717,
      "tp": 33,
      "fp": 7,
      "fn": 24
    },
    "123": {
      "iou": 40.27094340093643,
      "tp": 46,
      "fp": 12,
      "fn": 30
    },
    "124": {
      "iou": 18.65633589401139,
      "tp": 22,
      "fp": 7,
      "fn": 9
    },
    "125": {
      "iou": 66.72738548724014,
      "tp": 78,
      "fp": 18,
      "fn": 29
    },
    "126": {
      "iou": 20.63171682568741,
      "tp": 25,
      "fp": 8,
      "fn": 16
    },
    "127": {
      "iou": 15.273591010722546,
      "tp": 20,
      "fp": 11,
      "fn": 18
    },
    "128": {
      "iou": 11.411512325901938,
      "tp": 15,
      "fp": 3,
      "fn": 9
    },
    "129": {
      "iou": 59.6309632634003,
      "tp": 75,
      "fp": 28,
      "fn": 40
    },
    "130": {
      "iou": 9.287274237583937,
      "tp": 11,
      "fp": 7,
      "fn": 10
    },
    "131": {
      "iou": 103.62827890197131,
      "tp": 124,
      "fp": 22,
      "fn": 52
    },
    "132": {
      "iou": 13.652562293408355,
      "tp": 16,
      "fp": 4,
      "fn": 6
    }
  },
  "relation_metrics_note": "Only Endpoint Support and Balanced Endpoint Support are reported; no R@K/mR@K proxy is labeled as a relation result."
}
