{
  "schema_version": 2,
  "contract": "full-population predicate-balanced endpoint support + official COCO category-aggregated PQ",
  "mode": "semantic",
  "margin": 2.0,
  "images": 500,
  "native_sanity": {
    "passed": true,
    "checked_images": 500
  },
  "metrics": {
    "endpoint_support": 0.7147778160523597,
    "predicate_balanced_endpoint_support": 0.767719908255744,
    "pq": 0.5962554830741545,
    "sq": 0.8285725024141286,
    "rq": 0.7082134408611992,
    "pq_th": 0.6211023648205865,
    "pq_st": 0.558750755909729,
    "pq_categories": 133,
    "pq_thing_categories": 80,
    "pq_stuff_categories": 53,
    "changed_pixel_fraction": 0.02899258878242504,
    "changed_pixels": 4038098,
    "total_pixels": 139280353,
    "changed_queries": 4390,
    "semantic_eligibility_flips": 271,
    "competition_winner_flips": 4038098,
    "native_segment_count": 4819,
    "changed_segment_count": 4864,
    "native_segment_count_change": 45
  },
  "graph_counts": {
    "images": 500,
    "entity_recall_micro": 0.6355107713690062,
    "endpoint_support_micro": 0.7147778160523597,
    "endpoint_support_macro_image": 0.745900137085137,
    "predicate_balanced_endpoint_support": 0.767719908255744,
    "gt_entities": 5756,
    "matched_gt_entities": 3658,
    "gt_relations": 2903,
    "supported_gt_relations": 2075,
    "gt_per_predicate": [
      505,
      108,
      529,
      569,
      133,
      242,
      66,
      0,
      0,
      2,
      1,
      66,
      9,
      0,
      137,
      13,
      62,
      14,
      3,
      2,
      24,
      101,
      25,
      63,
      1,
      0,
      13,
      1,
      0,
      2,
      4,
      0,
      2,
      0,
      0,
      0,
      31,
      6,
      0,
      7,
      0,
      0,
      6,
      2,
      2,
      9,
      16,
      40,
      60,
      3,
      1,
      10,
      1,
      0,
      4,
      8
    ],
    "hit_per_predicate": [
      391,
      79,
      384,
      369,
      82,
      151,
      34,
      0,
      0,
      1,
      0,
      57,
      8,
      0,
      106,
      10,
      38,
      10,
      3,
      2,
      12,
      75,
      18,
      55,
      1,
      0,
      13,
      1,
      0,
      2,
      4,
      0,
      2,
      0,
      0,
      0,
      21,
      5,
      0,
      6,
      0,
      0,
      6,
      2,
      1,
      3,
      14,
      36,
      49,
      3,
      1,
      10,
      0,
      0,
      3,
      7
    ],
    "per_predicate_endpoint_support": [
      0.7742574257425743,
      0.7314814814814815,
      0.725897920604915,
      0.648506151142355,
      0.6165413533834586,
      0.6239669421487604,
      0.5151515151515151,
      0.0,
      0.0,
      0.5,
      0.0,
      0.8636363636363636,
      0.8888888888888888,
      0.0,
      0.7737226277372263,
      0.7692307692307693,
      0.6129032258064516,
      0.7142857142857143,
      1.0,
      1.0,
      0.5,
      0.7425742574257426,
      0.72,
      0.873015873015873,
      1.0,
      0.0,
      1.0,
      1.0,
      0.0,
      1.0,
      1.0,
      0.0,
      1.0,
      0.0,
      0.0,
      0.0,
      0.6774193548387096,
      0.8333333333333334,
      0.0,
      0.8571428571428571,
      0.0,
      0.0,
      1.0,
      1.0,
      0.5,
      0.3333333333333333,
      0.875,
      0.9,
      0.8166666666666667,
      1.0,
      1.0,
      1.0,
      0.0,
      0.0,
      0.75,
      0.875
    ]
  },
  "pq_category_stats": {
    "0": {
      "iou": 633.8616801839464,
      "tp": 775,
      "fp": 78,
      "fn": 309
    },
    "1": {
      "iou": 16.693592337020174,
      "tp": 23,
      "fp": 1,
      "fn": 6
    },
    "2": {
      "iou": 67.8137843181001,
      "tp": 84,
      "fp": 17,
      "fn": 74
    },
    "3": {
      "iou": 14.027586468766938,
      "tp": 17,
      "fp": 4,
      "fn": 1
    },
    "4": {
      "iou": 23.371897770300755,
      "tp": 28,
      "fp": 1,
      "fn": 6
    },
    "5": {
      "iou": 21.967048643468264,
      "tp": 24,
      "fp": 0,
      "fn": 4
    },
    "6": {
      "iou": 28.81658204221762,
      "tp": 32,
      "fp": 3,
      "fn": 8
    },
    "7": {
      "iou": 31.650994998235007,
      "tp": 37,
      "fp": 1,
      "fn": 9
    },
    "8": {
      "iou": 26.696357847949013,
      "tp": 35,
      "fp": 5,
      "fn": 22
    },
    "9": {
      "iou": 33.767616349199976,
      "tp": 42,
      "fp": 8,
      "fn": 25
    },
    "10": {
      "iou": 2.769769789749531,
      "tp": 3,
      "fp": 1,
      "fn": 0
    },
    "11": {
      "iou": 6.591598444523114,
      "tp": 7,
      "fp": 0,
      "fn": 1
    },
    "12": {
      "iou": 3.7007019981695404,
      "tp": 4,
      "fp": 2,
      "fn": 1
    },
    "13": {
      "iou": 14.5833238345864,
      "tp": 18,
      "fp": 9,
      "fn": 25
    },
    "14": {
      "iou": 18.90392033679064,
      "tp": 23,
      "fp": 4,
      "fn": 40
    },
    "15": {
      "iou": 13.849953631918625,
      "tp": 15,
      "fp": 0,
      "fn": 0
    },
    "16": {
      "iou": 12.31117215750782,
      "tp": 14,
      "fp": 0,
      "fn": 0
    },
    "17": {
      "iou": 15.289548037938927,
      "tp": 20,
      "fp": 12,
      "fn": 7
    },
    "18": {
      "iou": 33.96546411313752,
      "tp": 39,
      "fp": 3,
      "fn": 9
    },
    "19": {
      "iou": 14.014298331781323,
      "tp": 18,
      "fp": 2,
      "fn": 8
    },
    "20": {
      "iou": 21.550174254898106,
      "tp": 25,
      "fp": 0,
      "fn": 4
    },
    "21": {
      "iou": 5.680483455996499,
      "tp": 6,
      "fp": 0,
      "fn": 0
    },
    "22": {
      "iou": 7.11905979401169,
      "tp": 8,
      "fp": 0,
      "fn": 1
    },
    "23": {
      "iou": 9.006691439071613,
      "tp": 10,
      "fp": 0,
      "fn": 0
    },
    "24": {
      "iou": 21.68123801161127,
      "tp": 28,
      "fp": 9,
      "fn": 21
    },
    "25": {
      "iou": 27.979256096531756,
      "tp": 34,
      "fp": 8,
      "fn": 17
    },
    "26": {
      "iou": 23.45324107987529,
      "tp": 31,
      "fp": 6,
      "fn": 36
    },
    "27": {
      "iou": 8.257628258359412,
      "tp": 10,
      "fp": 0,
      "fn": 7
    },
    "28": {
      "iou": 16.43692845926047,
      "tp": 20,
      "fp": 6,
      "fn": 13
    },
    "29": {
      "iou": 9.896018997127577,
      "tp": 12,
      "fp": 0,
      "fn": 0
    },
    "30": {
      "iou": 6.891543723914244,
      "tp": 11,
      "fp": 18,
      "fn": 31
    },
    "31": {
      "iou": 0.7908745247148289,
      "tp": 1,
      "fp": 2,
      "fn": 4
    },
    "32": {
      "iou": 12.385327073556718,
      "tp": 15,
      "fp": 1,
      "fn": 5
    },
    "33": {
      "iou": 15.636981035045634,
      "tp": 21,
      "fp": 4,
      "fn": 31
    },
    "34": {
      "iou": 8.446802395316595,
      "tp": 11,
      "fp": 1,
      "fn": 0
    },
    "35": {
      "iou": 4.590239721803055,
      "tp": 6,
      "fp": 2,
      "fn": 3
    },
    "36": {
      "iou": 15.417258917197152,
      "tp": 20,
      "fp": 4,
      "fn": 6
    },
    "37": {
      "iou": 21.884676905396493,
      "tp": 27,
      "fp": 3,
      "fn": 12
    },
    "38": {
      "iou": 14.553745033966747,
      "tp": 17,
      "fp": 0,
      "fn": 4
    },
    "39": {
      "iou": 35.193942355162704,
      "tp": 41,
      "fp": 17,
      "fn": 50
    },
    "40": {
      "iou": 12.563992561161651,
      "tp": 16,
      "fp": 7,
      "fn": 12
    },
    "41": {
      "iou": 36.77240812816323,
      "tp": 42,
      "fp": 6,
      "fn": 39
    },
    "42": {
      "iou": 8.147251126091176,
      "tp": 11,
      "fp": 3,
      "fn": 13
    },
    "43": {
      "iou": 11.444848532332617,
      "tp": 14,
      "fp": 6,
      "fn": 25
    },
    "44": {
      "iou": 9.086747512094814,
      "tp": 12,
      "fp": 4,
      "fn": 15
    },
    "45": {
      "iou": 32.02099445160027,
      "tp": 36,
      "fp": 3,
      "fn": 17
    },
    "46": {
      "iou": 7.970272070586773,
      "tp": 10,
      "fp": 3,
      "fn": 22
    },
    "47": {
      "iou": 9.088145158009237,
      "tp": 12,
      "fp": 3,
      "fn": 15
    },
    "48": {
      "iou": 11.211767089018394,
      "tp": 13,
      "fp": 9,
      "fn": 12
    },
    "49": {
      "iou": 10.063753063441956,
      "tp": 12,
      "fp": 2,
      "fn": 9
    },
    "50": {
      "iou": 16.52836120766853,
      "tp": 21,
      "fp": 5,
      "fn": 16
    },
    "51": {
      "iou": 6.926702404363237,
      "tp": 9,
      "fp": 6,
      "fn": 17
    },
    "52": {
      "iou": 2.7469650692456082,
      "tp": 3,
      "fp": 0,
      "fn": 1
    },
    "53": {
      "iou": 14.685236733138263,
      "tp": 16,
      "fp": 2,
      "fn": 3
    },
    "54": {
      "iou": 22.307933822484546,
      "tp": 25,
      "fp": 7,
      "fn": 19
    },
    "55": {
      "iou": 22.710077885560157,
      "tp": 26,
      "fp": 3,
      "fn": 12
    },
    "56": {
      "iou": 84.48342764774108,
      "tp": 102,
      "fp": 24,
      "fn": 73
    },
    "57": {
      "iou": 9.000422155155078,
      "tp": 10,
      "fp": 1,
      "fn": 3
    },
    "58": {
      "iou": 26.716857040258,
      "tp": 35,
      "fp": 8,
      "fn": 30
    },
    "59": {
      "iou": 11.390063428629919,
      "tp": 14,
      "fp": 3,
      "fn": 4
    },
    "60": {
      "iou": 32.4539534884752,
      "tp": 39,
      "fp": 9,
      "fn": 24
    },
    "61": {
      "iou": 8.880657016279297,
      "tp": 10,
      "fp": 0,
      "fn": 1
    },
    "62": {
      "iou": 21.855497168202014,
      "tp": 24,
      "fp": 0,
      "fn": 1
    },
    "63": {
      "iou": 10.633529301856495,
      "tp": 12,
      "fp": 0,
      "fn": 4
    },
    "64": {
      "iou": 6.902610971282973,
      "tp": 8,
      "fp": 0,
      "fn": 4
    },
    "65": {
      "iou": 6.364920934084424,
      "tp": 8,
      "fp": 3,
      "fn": 1
    },
    "66": {
      "iou": 12.20211123129667,
      "tp": 14,
      "fp": 2,
      "fn": 0
    },
    "67": {
      "iou": 8.097594862569085,
      "tp": 10,
      "fp": 3,
      "fn": 5
    },
    "68": {
      "iou": 6.374702095805398,
      "tp": 7,
      "fp": 0,
      "fn": 0
    },
    "69": {
      "iou": 11.151105545092113,
      "tp": 13,
      "fp": 3,
      "fn": 4
    },
    "70": {
      "iou": 0.0,
      "tp": 0,
      "fp": 0,
      "fn": 2
    },
    "71": {
      "iou": 16.159955811211784,
      "tp": 19,
      "fp": 3,
      "fn": 9
    },
    "72": {
      "iou": 8.436082081044056,
      "tp": 9,
      "fp": 1,
      "fn": 1
    },
    "73": {
      "iou": 25.674159306112173,
      "tp": 33,
      "fp": 9,
      "fn": 55
    },
    "74": {
      "iou": 17.050868189732043,
      "tp": 20,
      "fp": 2,
      "fn": 1
    },
    "75": {
      "iou": 5.956627181282073,
      "tp": 7,
      "fp": 6,
      "fn": 5
    },
    "76": {
      "iou": 0.9574912891986063,
      "tp": 1,
      "fp": 0,
      "fn": 3
    },
    "77": {
      "iou": 12.407348179425425,
      "tp": 15,
      "fp": 1,
      "fn": 6
    },
    "78": {
      "iou": 0.8688524590163934,
      "tp": 1,
      "fp": 0,
      "fn": 1
    },
    "79": {
      "iou": 6.602031133293369,
      "tp": 9,
      "fp": 1,
      "fn": 3
    },
    "80": {
      "iou": 8.194938395186426,
      "tp": 10,
      "fp": 5,
      "fn": 12
    },
    "81": {
      "iou": 1.8923806869068631,
      "tp": 2,
      "fp": 0,
      "fn": 7
    },
    "82": {
      "iou": 8.041210910494708,
      "tp": 10,
      "fp": 1,
      "fn": 4
    },
    "83": {
      "iou": 4.18770143643323,
      "tp": 5,
      "fp": 2,
      "fn": 10
    },
    "84": {
      "iou": 15.55622242959905,
      "tp": 19,
      "fp": 5,
      "fn": 11
    },
    "85": {
      "iou": 12.509430993561015,
      "tp": 15,
      "fp": 1,
      "fn": 4
    },
    "86": {
      "iou": 21.845129736505044,
      "tp": 26,
      "fp": 4,
      "fn": 11
    },
    "87": {
      "iou": 18.14798264689542,
      "tp": 21,
      "fp": 4,
      "fn": 4
    },
    "88": {
      "iou": 4.852917640163132,
      "tp": 7,
      "fp": 3,
      "fn": 8
    },
    "89": {
      "iou": 0.7835712937920624,
      "tp": 1,
      "fp": 3,
      "fn": 7
    },
    "90": {
      "iou": 5.0818929814286635,
      "tp": 7,
      "fp": 1,
      "fn": 8
    },
    "91": {
      "iou": 6.597661986500178,
      "tp": 9,
      "fp": 4,
      "fn": 19
    },
    "92": {
      "iou": 12.3966702385265,
      "tp": 16,
      "fp": 13,
      "fn": 35
    },
    "93": {
      "iou": 8.709691870523363,
      "tp": 10,
      "fp": 2,
      "fn": 3
    },
    "94": {
      "iou": 2.6272852194492016,
      "tp": 3,
      "fp": 2,
      "fn": 3
    },
    "95": {
      "iou": 1.8531778959131162,
      "tp": 2,
      "fp": 3,
      "fn": 3
    },
    "96": {
      "iou": 12.361729819618255,
      "tp": 14,
      "fp": 4,
      "fn": 9
    },
    "97": {
      "iou": 14.133262041219055,
      "tp": 15,
      "fp": 4,
      "fn": 5
    },
    "98": {
      "iou": 12.753451089354163,
      "tp": 16,
      "fp": 3,
      "fn": 7
    },
    "99": {
      "iou": 5.412084170184979,
      "tp": 6,
      "fp": 3,
      "fn": 1
    },
    "100": {
      "iou": 54.22808539654245,
      "tp": 62,
      "fp": 9,
      "fn": 10
    },
    "101": {
      "iou": 5.539243663671391,
      "tp": 7,
      "fp": 5,
      "fn": 15
    },
    "102": {
      "iou": 15.559319209149912,
      "tp": 18,
      "fp": 0,
      "fn": 5
    },
    "103": {
      "iou": 33.562944749017305,
      "tp": 37,
      "fp": 1,
      "fn": 3
    },
    "104": {
      "iou": 4.543741482939947,
      "tp": 6,
      "fp": 7,
      "fn": 12
    },
    "105": {
      "iou": 23.59327311657779,
      "tp": 25,
      "fp": 1,
      "fn": 0
    },
    "106": {
      "iou": 3.487162395022608,
      "tp": 5,
      "fp": 4,
      "fn": 8
    },
    "107": {
      "iou": 0.6882329600564324,
      "tp": 1,
      "fp": 2,
      "fn": 5
    },
    "108": {
      "iou": 8.938870626133326,
      "tp": 11,
      "fp": 2,
      "fn": 2
    },
    "109": {
      "iou": 12.960472266964526,
      "tp": 16,
      "fp": 2,
      "fn": 9
    },
    "110": {
      "iou": 2.773337117414967,
      "tp": 3,
      "fp": 1,
      "fn": 5
    },
    "111": {
      "iou": 18.219217258812762,
      "tp": 21,
      "fp": 2,
      "fn": 9
    },
    "112": {
      "iou": 8.159678709681026,
      "tp": 9,
      "fp": 9,
      "fn": 14
    },
    "113": {
      "iou": 5.366522448094024,
      "tp": 6,
      "fp": 6,
      "fn": 5
    },
    "114": {
      "iou": 5.572112650431826,
      "tp": 7,
      "fp": 2,
      "fn": 5
    },
    "115": {
      "iou": 25.58710781793637,
      "tp": 30,
      "fp": 9,
      "fn": 26
    },
    "116": {
      "iou": 139.93296680297465,
      "tp": 169,
      "fp": 11,
      "fn": 20
    },
    "117": {
      "iou": 33.40126837691815,
      "tp": 41,
      "fp": 20,
      "fn": 27
    },
    "118": {
      "iou": 32.40532350651763,
      "tp": 37,
      "fp": 7,
      "fn": 13
    },
    "119": {
      "iou": 190.67777387444568,
      "tp": 205,
      "fp": 6,
      "fn": 16
    },
    "120": {
      "iou": 20.18998951989045,
      "tp": 25,
      "fp": 3,
      "fn": 4
    },
    "121": {
      "iou": 29.030893607973745,
      "tp": 37,
      "fp": 7,
      "fn": 40
    },
    "122": {
      "iou": 30.274389751874132,
      "tp": 35,
      "fp": 6,
      "fn": 22
    },
    "123": {
      "iou": 43.25692590988648,
      "tp": 50,
      "fp": 7,
      "fn": 26
    },
    "124": {
      "iou": 18.643793685830577,
      "tp": 22,
      "fp": 5,
      "fn": 9
    },
    "125": {
      "iou": 67.68167854126801,
      "tp": 79,
      "fp": 15,
      "fn": 28
    },
    "126": {
      "iou": 21.67693475254681,
      "tp": 26,
      "fp": 7,
      "fn": 15
    },
    "127": {
      "iou": 16.632763827275145,
      "tp": 22,
      "fp": 10,
      "fn": 16
    },
    "128": {
      "iou": 10.60947974645267,
      "tp": 14,
      "fp": 3,
      "fn": 10
    },
    "129": {
      "iou": 63.994035324527474,
      "tp": 81,
      "fp": 26,
      "fn": 34
    },
    "130": {
      "iou": 10.98859619053107,
      "tp": 13,
      "fp": 7,
      "fn": 8
    },
    "131": {
      "iou": 104.17749501208496,
      "tp": 125,
      "fp": 17,
      "fn": 51
    },
    "132": {
      "iou": 13.657121764000605,
      "tp": 16,
      "fp": 4,
      "fn": 6
    }
  },
  "relation_metrics_note": "Only Endpoint Support and Balanced Endpoint Support are reported; no R@K/mR@K proxy is labeled as a relation result."
}
