Using a slow image processor as `use_fast` is unset and a slow processor was saved with this model. `use_fast=True` will be the default behavior in v4.52, even if the model was saved with a slow processor. This will result in minor differences in outputs. You'll still be able to use a slow processor with `use_fast=False`.
/home/user5/anaconda3/lib/python3.9/site-packages/transformers/image_processing_base.py:417: UserWarning: The following named arguments are not valid for `Mask2FormerImageProcessor.__init__` and were ignored: '_max_size', 'reduce_labels'
  image_processor = cls(**image_processor_dict)
progress=10/83 seconds_per_image=0.97 eta_seconds=71
progress=20/83 seconds_per_image=0.79 eta_seconds=50
progress=30/83 seconds_per_image=0.73 eta_seconds=39
progress=40/83 seconds_per_image=0.70 eta_seconds=30
progress=50/83 seconds_per_image=0.68 eta_seconds=23
progress=60/83 seconds_per_image=0.67 eta_seconds=15
progress=70/83 seconds_per_image=0.66 eta_seconds=9
progress=80/83 seconds_per_image=0.65 eta_seconds=2
progress=83/83 seconds_per_image=0.65 eta_seconds=0
{
  "schema_version": 2,
  "created_at": "2026-09-15T06:20:38.397501+00:00",
  "command": [
    "/data2/liuhaoran/project/cv/psg/models/gssr_p0c_v1/export_raw_mask_queries.py",
    "--images",
    "/data2/iwin/datasets/ECCV/COCO/images/train2017",
    "--psg",
    "/data2/liuhaoran/psg_data/openpsg/psg/psg.json",
    "--model",
    "/data2/liuhaoran/psg_data/models/mask2former-swin-large-coco-panoptic",
    "--output",
    "/data2/liuhaoran/psg_data/raw_queries/mask2former_swin_large/psg-endpoint-survival-v2-fit500-float32-shard4of6",
    "--split",
    "train",
    "--file-list",
    "/data2/liuhaoran/project/cv/psg/experiments/pregraph_attrition_v1/fit500_seed0.files.txt",
    "--num-shards",
    "6",
    "--shard-index",
    "4",
    "--progress-every",
    "10",
    "--artifact-profile",
    "endpoint_survival_v2",
    "--device",
    "cuda"
  ],
  "model": "/data2/liuhaoran/psg_data/models/mask2former-swin-large-coco-panoptic",
  "model_config_sha256": "0cc3ca6861aca083052b77f0fd05dc80e31e56b723395ffeb0753c72878c1ce3",
  "psg": {
    "path": "/data2/liuhaoran/psg_data/openpsg/psg/psg.json",
    "sha256": "d4a8c6df10198fa2a22f56d4c2039aa2b20bdc002db5c0be8ee34a36a06817c1"
  },
  "images": "/data2/iwin/datasets/ECCV/COCO/images/train2017",
  "total_selected_images": 499,
  "exported_images": 83,
  "resumed_from_images": 0,
  "num_shards": 6,
  "shard_index": 4,
  "split": "train",
  "artifact_profile": "endpoint_survival_v2",
  "score_definitions": {
    "class_score": "max softmax probability over foreground classes",
    "mask_quality": "mean sigmoid(mask_logit) over pixels > 0.5",
    "joint_score": "class_score * mask_quality"
  },
  "artifact_dtypes": {
    "class_logits": "float32",
    "mask_logits": "float32",
    "decoder_query_feature": "float16",
    "pixel_pooled_feature": "float16",
    "pre_admission_winner_map": "int16",
    "native_panoptic_segmentation": "int32",
    "official_panoptic_segmentation": "int32"
  },
  "native_admission": {
    "threshold": 0.5,
    "mask_threshold": 0.5,
    "overlap_mask_area_threshold": 0.8,
    "stuff_fusion": false
  },
  "python": "3.9.13 (main, Aug 25 2022, 23:26:10) \n[GCC 11.2.0]",
  "platform": "Linux-5.15.0-143-generic-x86_64-with-glibc2.35",
  "device": "cuda",
  "environment": {
    "CUDA_VISIBLE_DEVICES": "6"
  }
}
