--2026-09-15 17:48:28--  https://images.cocodataset.org/zips/train2017.zip
Connecting to 127.0.0.1:17890... connected.
WARNING: no certificate subject alternative name matches
	requested host name ‘images.cocodataset.org’.
Proxy request sent, awaiting response... 206 Partial Content
Length: 19336861798 (18G), 19107824343 (18G) remaining [application/zip]
Saving to: ‘/data2/liuhaoran/psg_data/openpsg/coco/train2017.zip’

        [ skipping 196608K ]
196608K ,,,,,,,, ,,,,,,,, ,,,,,,,, ,,......  1% 7.61M 3h49m
229376K ........ ........ ........ ........  1% 2.45M 2h19m
262144K ........ ........ ........ ........  1% 2.49M 2h11m
294912K ........ ........ ........ ........  1% 3.19M 1h59m
327680K ........ ........ ........ ........  1% 2.99M 1h54m
360448K ........ ........ ........ ........  2% 2.88M 1h52m
393216K ........ ........ ........ ........  2% 3.46M 1h48m
425984K ........ ........ ........ ........  2% 2.62M 1h49m
458752K ........ ........ ........ ........  2% 2.73M 1h48m
491520K ........ ........ ........ ........  2% 1.60M 1h57m
524288K ........ ........ ........ ........  2% 1.29M 2h8m
557056K ........ ........ ........ ........  3% 1.29M 2h17m
589824K ........ ........ ........ ........  3% 1.77M 2h19m
622592K ........ ........ ........ ........  3% 2.12M 2h19m
655360K ........ ........ ........ ........  3% 3.59M 2h15m
688128K ........ ........ ........ ........  3% 4.17M 2h10m
720896K ........ ........ ........ ........  3% 3.32M 2h7m
753664K ........ ........ ........ ........  4% 2.92M 2h6m
786432K ........ ........ ........ ........  4% 3.52M 2h3m
819200K ........ ........ ........ ........  4% 3.27M 2h1m
851968K ........ ........ ........ ........  4% 3.28M 1h59m
884736K ........ ........ ........ ........  4% 3.01M 1h58m
917504K ........ ........ ........ ........  5% 3.51M 1h56m
950272K ........ ........ ........ ........  5% 4.11M 1h54m
983040K ........ ........ ........ ........  5% 4.53M 1h52m
1015808K ........ ........ ........ ........  5% 3.49M 1h50m
1048576K ........ ........ ........ ........  5% 3.29M 1h49m
1081344K ........ ........ ........ ........  5% 2.87M 1h49m
1114112K ........ ........ ........ ........  6% 5.04M 1h47m
1146880K ........ ........ ........ ........  6% 2.87M 1h46m
1179648K ........ ........ ........ ........  6% 2.85M 1h46m
1212416K ........ ........ ........ ........  6% 4.17M 1h45m
1245184K ........ ........ ........ ........  6% 4.38M 1h43m
1277952K ........ ........ ........ ........  6% 4.46M 1h42m
1310720K ........ ........ ........ ........  7% 5.49M 1h40m
1343488K ........ ........ ........ ........  7% 4.76M 99m13s
1376256K ........ ........ ........ ........  7% 5.06M 97m51s
1409024K ........ ........ ........ ........  7% 4.22M 96m51s
1441792K ........ ........ ........ ........  7% 4.62M 95m45s
1474560K ........ ........ ........ ........  7% 5.36M 94m28s
1507328K ........ ........ ........ ........  8% 5.28M 93m17s
1540096K ........ ........ ........ ........  8% 5.80M 92m1s
1572864K ........ ........ ........ ........  8% 4.55M 91m8s
1605632K ........ ........ ........ ........  8% 3.60M 90m40s
1638400K ........ ........ ........ ........  8% 3.32M 90m21s
1671168K ........ ........ ........ ........  9% 4.09M 89m42s
1703936K ........ ........ ........ ........  9% 5.02M 88m48s
1736704K ........ ........ ........ ........  9% 5.64M 87m47s
1769472K ........ ........ ........ ........  9% 4.72M 87m2s
1802240K ........ ........ ........ ........  9% 2.52M 87m20s
1835008K ........ ........ ........ ........  9% 3.62M 86m57s
1867776K ........ ........ ........ ........ 10% 5.27M 86m7s
1900544K ........ ........ ........ ........ 10% 5.30M 85m18s
1933312K ........ ........ ........ ........ 10% 4.72M 84m38s
1966080K ........ ........ ........ ........ 10% 4.75M 83m59s
1998848K ........ ........ ........ ........ 10% 4.44M 83m25s
2031616K ........ ........ ........ ........ 10% 3.87M 83m2s
2064384K ........ ........ ........ ........ 11% 3.40M 82m49s
2097152K ........ ........ ........ ........ 11% 3.71M 82m30s
2129920K ........ ........ ........ ........ 11% 4.07M 82m5s
2162688K ........ ........ ........ ........ 11% 3.87M 81m44s
2195456K ........ ........ ........ ........ 11%  993K 84m48s
2228224K ........ ........ ........ ........ 11% 1.46M 86m15s
2260992K ........ ........ ........ ........ 12% 4.48M 85m40s
2293760K ........ ........ ........ ........ 12% 3.64M 85m19s
2326528K ........ ........ ........ ........ 12% 3.71M 84m58s
2359296K ........ ........ ........ ........ 12% 3.71M 84m36s
2392064K ........ ........ ........ ........ 12% 3.34M 84m22s
2424832K ........ ........ ........ ........ 13% 3.55M 84m4s
2457600K ........ ........ ........ ........ 13% 4.11M 83m38s
2490368K ........ ........ ........ ........ 13% 4.40M 83m8s
2523136K ........ ........ ........ ........ 13% 4.15M 82m42s
2555904K ........ ........ ........ ........ 13% 4.13M 82m17s
2588672K ........ ........ ........ ........ 13% 3.96M 81m55s
2621440K ........ ........ ........ ........ 14% 3.38M 81m42s
2654208K ........ ........ ........ ........ 14% 3.97M 81m20s
2686976K ........ ........ ........ ........ 14% 4.41M 80m53s
2719744K ........ ........ ........ ........ 14% 5.17M 80m20s
2752512K ........ ........ ........ ........ 14% 4.38M 79m55s
2785280K ........ ........ ........ ........ 14% 4.24M 79m31s
2818048K ........ ........ ........ ........ 15% 4.76M 79m3s
2850816K ........ ........ ........ ........ 15% 4.27M 78m40s
2883584K ........ ........ ........ ........ 15% 4.39M 78m16s
2916352K ........ ........ ........ ........ 15% 3.85M 77m59s
2949120K ........ ........ ........ ........ 15% 4.11M 77m39s
2981888K ........ ........ ........ ........ 15% 2.16M 77m59s
3014656K ........ ........ ........ ........ 16% 3.10M 77m53s
3047424K ........ ........ ........ ........ 16% 3.57M 77m39s
3080192K ........ ........ ........ ........ 16% 4.52M 77m16s
3112960K ........ ........ ........ ........ 16% 4.32M 76m54s
3145728K ........ ........ ........ ........ 16% 3.25M 76m46s
3178496K ........ ........ ........ ........ 17% 5.28M 76m17s
3211264K ........ ........ ........ ........ 17% 5.03M 75m51s
3244032K ........ ........ ........ ........ 17% 4.37M 75m30s
3276800K ........ ........ ........ ........ 17% 2.97M 75m27s
3309568K ........ ........ ........ ........ 17% 3.27M 75m19s
3342336K ........ ........ ........ ........ 17% 4.85M 74m55s
3375104K ........ ........ ........ ........ 18% 4.87M 74m31s
3407872K ........ ........ ........ ........ 18% 4.82M 74m8s
3440640K ........ ........ ........ ........ 18% 4.11M 73m51s
3473408K ........ ........ ........ ........ 18% 4.79M 73m29s
3506176K ........ ........ ........ ........ 18% 4.59M 73m8s
3538944K ........ ........ ........ ........ 18% 4.11M 72m52s
3571712K ........ ........ ........ ........ 19% 4.15M 72m35s
3604480K ........ ........ ........ ........ 19% 3.61M 72m23s
3637248K ........ ........ ........ ........ 19% 3.78M 72m10s
3670016K ........ ........ ........ ........ 19% 4.96M 71m48s
3702784K ........ ........ ........ ........ 19% 4.23M 71m31s
3735552K ........ ........ ........ ........ 19% 3.31M 71m24s
3768320K ........ ........ ........ ........ 20% 3.50M 71m14s
3801088K ........ ........ ........ ........ 20% 4.05M 70m59s
3833856K ........ ........ ........ ........ 20% 4.82M 70m39s
3866624K ........ ........ ........ ........ 20% 4.95M 70m18s
3899392K ........ ........ ........ ........ 20% 4.22M 70m2s
3932160K ........ ........ ........ ........ 20% 4.11M 69m47s
3964928K ........ ........ ........ ........ 21% 3.46M 69m38s
3997696K ........ ........ ........ ........ 21% 3.69M 69m27s
4030464K ........ ........ ........ ........ 21% 4.60M 69m9s
4063232K ........ ........ ........ ........ 21% 4.08M 68m55s
4096000K ........ ........ ........ ........ 21% 4.55M 68m38s
4128768K ........ ........ ........ ........ 22% 4.30M 68m22s
4161536K ........ ........ ........ ........ 22% 3.54M 68m13s
4194304K ........ ........ ........ ........ 22% 5.08M 67m53s
4227072K ........ ........ ........ ........ 22% 4.65M 67m36s
4259840K ........ ........ ........ ........ 22% 4.77M 67m19s
4292608K ........ ........ ........ ........ 22% 4.13M 67m5s
4325376K ........ ........ ........ ........ 23% 4.96M 66m47s
4358144K ........ ........ ........ ........ 23% 5.08M 66m28s
4390912K ........ ........ ........ ........ 23% 5.01M 66m10s
4423680K ........ ........ ........ ........ 23% 5.18M 65m51s
4456448K ........ ........ ........ ........ 23% 5.09M 65m33s
4489216K ........ ........ ........ ........ 23% 5.60M 65m14s
4521984K ........ ........ ........ ........ 24% 5.28M 64m55s
4554752K ........ ........ ........ ........ 24% 5.28M 64m37s
4587520K ........ ........ ........ ........ 24% 5.38M 64m18s
4620288K ........ ........ ........ ........ 24% 5.13M 64m1s
4653056K ........ ........ ........ ........ 24% 4.36M 63m48s
4685824K ........ ........ ........ ........ 24% 4.48M 63m33s
4718592K ........ ........ ........ ........ 25% 4.82M 63m18s
4751360K ........ ........ ........ ........ 25% 4.82M 63m2s
4784128K ........ ........ ........ ........ 25% 4.47M 62m48s
4816896K ........ ........ ........ ........ 25% 4.74M 62m33s
4849664K ........ ........ ........ ........ 25% 5.13M 62m17s
4882432K ........ ........ ........ ........ 26% 4.74M 62m2s
4915200K ........ ........ ........ ........ 26% 3.98M 61m52s
4947968K ........ ........ ........ ........ 26% 3.77M 61m42s
4980736K ........ ........ ........ ........ 26% 3.20M 61m37s
5013504K ........ ........ ........ ........ 26% 3.89M 61m27s
5046272K ........ ........ ........ ........ 26% 4.00M 61m16s
5079040K ........ ........ ........ ........ 27% 3.15M 61m12s
5111808K ........ ........ ........ ........ 27% 4.17M 61m0s
5144576K ........ ........ ........ ........ 27% 5.21M 60m44s
5177344K ........ ........ ........ ........ 27% 5.33M 60m28s
5210112K ........ ........ ........ ........ 27% 3.98M 60m17s
5242880K ........ ........ ........ ........ 27% 3.44M 60m10s
5275648K ........ ........ ........ ........ 28% 2.05M 60m20s
5308416K ........ ........ ........ ........ 28% 2.83M 60m18s
5341184K ........ ........ ........ ........ 28% 4.36M 60m6s
5373952K ........ ........ ........ ........ 28% 4.48M 59m53s
5406720K ........ ........ ........ ........ 28% 4.27M 59m41s
5439488K ........ ........ ........ ........ 28% 5.22M 59m25s
5472256K ........ ........ ........ ........ 29% 4.70M 59m12s
5505024K ........ ........ ........ ........ 29% 6.14M 58m54s
5537792K ........ ........ ........ ........ 29% 5.06M 58m40s
5570560K ........ ........ ........ ........ 29% 5.27M 58m25s
5603328K ........ ........ ........ ........ 29% 3.76M 58m16s
5636096K ........ ........ ........ ........ 30% 3.41M 58m9s
5668864K ........ ........ ........ ........ 30% 3.81M 58m0s
5701632K ........ ........ ........ ........ 30% 4.67M 57m47s
5734400K ........ ........ ........ ........ 30% 3.68M 57m38s
5767168K ........ ........ ........ ........ 30% 3.52M 57m31s
5799936K ........ ........ ........ ........ 30% 3.57M 57m23s
5832704K ........ ........ ........ ........ 31% 2.77M 57m21s
5865472K ........ ........ ........ ........ 31% 1.93M 57m30s
5898240K ........ ........ ........ ........ 31% 2.12M 57m36s
5931008K ........ ........ ........ ........ 31% 1.14M 58m11s
5963776K ........ ........ ........ ........ 31% 1.22M 58m40s
5996544K ........ ........ ........ ........ 31% 1.55M 58m57s
6029312K ........ ........ ........ ........ 32% 1.63M 59m11s
6062080K ........ ........ ........ ........ 32% 2.03M 59m17s
6094848K ........ ........ ........ ........ 32% 2.32M 59m18s
6127616K ........ ........ ........ ........ 32% 1.74M 59m29s
6160384K ........ ........ ........ ........ 32% 1.69M 59m40s
6193152K ........ ........ ........ ........ 32% 2.00M 59m45s
6225920K ........ ........ ........ ........ 33% 2.08M 59m49s
6258688K ........ ........ ........ ........ 33% 2.05M 59m52s
6291456K ........ ........ ........ ........ 33% 2.20M 59m54s
6324224K ........ ........ ........ ........ 33% 1.76M 60m2s
6356992K ........ ........ ........ ........ 33% 1.65M 60m13s
6389760K ........ ........ ........ ........ 34% 1.16M 60m40s
6422528K ........ ........ ........ ........ 34% 1.35M 60m59s
6455296K ........ ........ ........ ........ 34% 2.03M 61m1s
6488064K ........ ........ ........ ........ 34% 1.76M 61m8s
6520832K ........ ........ ........ ........ 34% 1.65M 61m17s
6553600K ........ ........ ........ ........ 34% 1.67M 61m26s
6586368K ........ ........ ........ ........ 35% 1.36M 61m42s
6619136K ........ ........ ........ ........ 35% 3.10M 61m33s
6651904K ........ ........ ........ ........ 35% 1.99M 61m35s
6684672K ........ ........ ........ ........ 35% 2.07M 61m36s
6717440K ........ ........ ........ ........ 35% 2.02M 61m37s
6750208K ........ ........ ........ ........ 35% 1.45M 61m49s
6782976K ........ ........ ........ ........ 36% 2.34M 61m45s
6815744K ........ ........ ........ ........ 36%  611K 62m54s
6848512K ........ ........ ........ ........ 36%  314K 65m34s
6881280K ........ ........ ........ ........ 36%  189K 70m15s
6914048K ........ ........ ........ ........ 36%  329K 72m40s
6946816K ........ ........ ........ ........ 36%  222K 76m26s
6979584K ........ ........ ........ ........ 37%  527K 77m40s
7012352K ........ ........ ........ ........ 37%  291K 80m21s
7045120K ........ ........ ........ ........ 37%  135K 86m42s
7077888K ........ ........ ........ ........ 37%  120K 93m48s
7110656K ........ ........ ........ ........ 37%  149K 99m19s
7143424K ........ ........ ........ ........ 38%  148K 1h44m
7176192K ........ ........ ........ ........ 38%  141K 1h50m
7208960K ........ ........ ........ ........ 38%  263K 1h53m
7241728K ........ ........ ........ ........ 38%  169K 1h57m
7274496K ........ ........ ........ ........ 38%  234K 2h0m
7307264K ........ ........ ........ ........ 38%  306K 2h2m
7340032K ........ ........ ........ ........ 39%  180K 2h6m
7372800K ........ ........ ........ ........ 39%  106K 2h13m
7405568K ........ ........ ........ ........ 39%  163K 2h18m
7438336K ........ ........ ........ ........ 39%  140K 2h23m
7471104K ........ ........ ........ ........ 39%  238K 2h25m
7503872K ........ ........ ........ ........ 39%  837K 2h25m
7536640K ........ ........ ........ ........ 40%  269K 2h27m
7569408K ........ ........ ........ ........ 40%  357K 2h29m
7602176K ........ ........ ........ ........ 40%  398K 2h30m
7634944K ........ ........ ........ ........ 40%  609K 2h30m
7667712K ........ ........ ........ ........ 40%  145K 2h34m
7700480K ........ ........ ........ ........ 40%  108K 2h41m
7733248K ........ ........ ........ ........ 41%  135K 2h45m
7766016K ........ ........ ........ ........ 41%  140K 2h50m
7798784K ........ ........ ........ ........ 41%  503K 2h50m
7831552K ........ ........ ........ ........ 41%  228K 2h53m
7864320K ........ ........ ........ ........ 41%  198K 2h55m
7897088K ........ ........ ........ ........ 41%  167K 2h59m
7929856K ........ ........ ........ ........ 42%  136K 3h3m
7962624K ........ ........ ..                42%  163K=2h11m

2026-09-15 20:00:26 (980 KB/s) - Connection closed at byte 8173201921. Retrying.

--2026-09-15 20:00:27--  (try: 2)  https://images.cocodataset.org/zips/train2017.zip
Connecting to 127.0.0.1:17890... connected.
WARNING: no certificate subject alternative name matches
	requested host name ‘images.cocodataset.org’.
Proxy request sent, awaiting response... 206 Partial Content
Length: 19336861798 (18G), 11163659877 (10G) remaining [application/zip]
Saving to: ‘/data2/liuhaoran/psg_data/openpsg/coco/train2017.zip’

         [ skipping 7962624K ]
7962624K ,,,,,,,, ,,,,,,,, ,,...... ........ 42%  271K 26h37m
7995392K ........                            42% 51.0K=4m45s

2026-09-15 20:05:20 (77.6 KB/s) - Connection closed at byte 8195831852. Retrying.

--2026-09-15 20:05:22--  (try: 3)  https://images.cocodataset.org/zips/train2017.zip
Connecting to 127.0.0.1:17890... connected.
WARNING: no certificate subject alternative name matches
	requested host name ‘images.cocodataset.org’.
Proxy request sent, awaiting response... 206 Partial Content
Length: 19336861798 (18G), 11141029946 (10G) remaining [application/zip]
Saving to: ‘/data2/liuhaoran/psg_data/openpsg/coco/train2017.zip’

         [ skipping 7995392K ]
7995392K ,,,,,,,, ......                     42%  107K=64s

2026-09-15 20:06:28 (107 KB/s) - Connection closed at byte 8202782277. Retrying.

--2026-09-15 20:06:31--  (try: 4)  https://images.cocodataset.org/zips/train2017.zip
Connecting to 127.0.0.1:17890... connected.
WARNING: no certificate subject alternative name matches
	requested host name ‘images.cocodataset.org’.
Proxy request sent, awaiting response... 206 Partial Content
Length: 19336861798 (18G), 11134079521 (10G) remaining [application/zip]
Saving to: ‘/data2/liuhaoran/psg_data/openpsg/coco/train2017.zip’

         [ skipping 7995392K ]
7995392K ,,,,,,,, ,,,,,,.. ........ ........ 42%  267K 21h0m
8028160K ........ ........ ........ ........ 42%  158K 19h40m
8060928K ........ ........ ........ ........ 42%  263K 16h23m
8093696K ........ ........ ........ ........ 43%  544K 13h16m
8126464K ........ ........ ........ ........ 43%  158K 14h28m
8159232K ........ ........ ........ ........ 43%  142K 15h36m
8192000K ........ ........ ........ ........ 43%  147K 16h15m
8224768K ........ ........ ........ ........ 43%  130K 17h3m
8257536K ........ ........ ........ ........ 43%  179K 16h56m
8290304K ........ ........ ........ ........ 44%  322K 16h4m
8323072K ........ ........ ........ ........ 44%  301K 15h25m
8355840K ........ ........ ........ ........ 44%  912K 14h19m
8388608K ........ ........ ........ ........ 44%  403K 13h42m
8421376K ........ ........ ........ ........ 44%  858K 12h54m
8454144K ........ ........ ........ ........ 44%  678K 12h16m
8486912K ........ ........ ........ ........ 45%  980K 11h38m
8519680K ........ ........ ........ ........ 45% 1.27M 11h2m
8552448K ........ ........ ........ ........ 45%  655K 10h37m
8585216K ........ ........ ........ ........ 45%  897K 10h11m
8617984K ........ ........ ........ ........ 45%  326K 10h4m
8650752K ........ ........ ........ ........ 45%  319K 9h59m
8683520K ........ ........ ........ ........ 46%  508K 9h45m
8716288K ........ ........ ........ ........ 46%  588K 9h30m
8749056K ........ ........ ........ ........ 46%  416K 9h21m
8781824K ........ ........ ........ ........ 46% 9.50M 8h57m
8814592K ........ ........ ........ ........ 46% 4.35M 8h36m
8847360K ........ ........ ........ ........ 47% 7.41M 8h16m
8880128K ........ ........ ........ ........ 47% 2.52M 7h58m
8912896K ........ ........ ........ ........ 47% 2.28M 7h43m
8945664K ........ ........ ........ ........ 47% 7.74M 7h26m
8978432K ........ ........ ........ ........ 47% 9.77M 7h11m
9011200K ........ ........ ........ ........ 47% 5.87M 6h56m
9043968K ........ ........ ........ ........ 48% 1.14M 6h47m
9076736K ........ ........ ........ ........ 48% 6.57M 6h34m
9109504K ........ ........ ........ ........ 48% 2.94M 6h23m
9142272K ........ ........ ........ ........ 48% 7.19M 6h11m
9175040K ........ ........ ........ ........ 48% 2.68M 6h1m
9207808K ........ ........ ........ ........ 48% 4.24M 5h52m
9240576K ........ ........ ........ ........ 49% 7.00M 5h42m
9273344K ........ ........ ........ ........ 49% 11.0M 5h32m
9306112K ........ ........ ........ ........ 49% 3.41M 5h24m
9338880K ........ ........ ........ ........ 49% 2.48M 5h17m
9371648K ........ ........ ........ ........ 49% 3.62M 5h9m
9404416K ........ ........ ........ ........ 49% 49.0K 6h15m
9437184K ........ ...                        50%  615K=57m1s

2026-09-15 21:03:35 (420 KB/s) - Connection closed at byte 9675450146. Retrying.

--2026-09-15 21:03:39--  (try: 5)  https://images.cocodataset.org/zips/train2017.zip
Connecting to 127.0.0.1:17890... connected.
WARNING: no certificate subject alternative name matches
	requested host name ‘images.cocodataset.org’.
Proxy request sent, awaiting response... 206 Partial Content
Length: 19336861798 (18G), 9661411652 (9.0G) remaining [application/zip]
Saving to: ‘/data2/liuhaoran/psg_data/openpsg/coco/train2017.zip’

         [ skipping 9437184K ]
9437184K ,,,,,,,, ,,,..... ........ ........ 50%  782K 5h9m
9469952K ........ ........ ........ ........ 50%  486K 5h16m
9502720K ........ ........ ........ ........ 50%  916K 4h20m
9535488K ........ ........ ........ ........ 50% 1.04M 3h48m
9568256K ........ ........ ........ ........ 50% 1016K 3h31m
9601024K ........ ........ ........ ........ 51% 2.52M 3h3m
9633792K ........ ........ ........ ........ 51% 6.40M 2h39m
9666560K ........ ........ ........ ........ 51% 3.17M 2h24m
9699328K ........ ........ ........ ........ 51% 9.62M 2h8m
9732096K ........ ........ ........ ........ 51% 10.6M 1h56m
9764864K ........ ........ ........ ........ 51% 2.10M 1h51m
9797632K ........ ........ ........ ........ 52% 2.48M 1h46m
9830400K ........ ........ ........ ........ 52% 7.13M 99m43s
9863168K ........ ........ ........ ........ 52% 11.4M 93m1s
9895936K ........ ........ ........ ........ 52% 4.67M 88m29s
9928704K ........ ........ ........ ........ 52% 4.16M 84m45s
9961472K ........ ........ ........ ........ 52% 10.3M 80m13s
9994240K ........ ........ ........ ........ 53% 2.51M 78m39s
10027008K ........ ........ ........ ........ 53% 7.28M 75m13s
10059776K ........ ........ ........ ........ 53% 5.36M 72m29s
10092544K ........ ........ ........ ........ 53% 5.88M 69m53s
10125312K ........ ........ ........ ........ 53% 2.90M 68m40s
10158080K ........ ........ ........ ........ 53% 3.43M 67m13s
10190848K ........ ........ ........ ........ 54% 5.50M 65m13s
10223616K ........ ........ ........ ........ 54% 10.9M 62m51s
10256384K ........ ........ ........ ........ 54%  543K 70m27s
10289152K ........ ........ ........ ........ 54% 5.53M 68m30s
10321920K ........ ........ ........ ........ 54% 4.93M 66m47s
10354688K ........ ........ ........ ........ 55% 1.97M 66m40s
10387456K ........ ........ ........ ........ 55% 2.77M 65m51s
10420224K ........ ........ ........ ........ 55% 10.3M 63m53s
10452992K ........ ........ ........ ........ 55% 3.68M 62m48s
10485760K ........ ........ ........ ........ 55% 1.29M 63m52s
10518528K ........ ........ ........ ........ 55% 6.24M 62m22s
10551296K ........ ........ ........ ........ 56% 3.96M 61m19s
10584064K ........ ........ ........ ........ 56% 4.31M 60m14s
10616832K ........ ........ ........ ........ 56% 1.25M 61m18s
10649600K ........ ........ ........ ........ 56% 7.21M 59m55s
10682368K ........ ........ ........ ........ 56% 4.23M 58m57s
10715136K ........ ........ ........ ........ 56% 1.12M 60m14s
10747904K ........ ........ ........ ........ 57% 3.93M 59m20s
10780672K ........ ........ ........ ........ 57% 2.26M 59m4s
10813440K ........ ........ ........ ........ 57% 3.20M 58m25s
10846208K ........ ........ ........ ........ 57% 8.69M 57m11s
10878976K ........ ........ ........ ........ 57% 2.08M 57m4s
10911744K ........ ........ ........ ........ 57% 3.48M 56m24s
10944512K ........ ........ ........ ........ 58% 1.04M 57m38s
10977280K ........ ........ ........ ........ 58% 1.00M 58m52s
11010048K ........ ........ ........ ........ 58% 1.17M 59m40s
11042816K ........ ........ ........ ........ 58% 1.17M 60m25s
11075584K ........ ........ ........ ........ 58% 1021K 61m29s
11108352K ........ ........ ........ ........ 58% 1.67M 61m30s
11141120K ........ ........ ........ ........ 59% 1.40M 61m47s
11173888K ........ ........ ........ ........ 59% 1.25M 62m14s
11206656K ........ ........ ........ ........ 59% 1.63M 62m14s
11239424K ........ ........ ........ ........ 59% 1.41M 62m26s
11272192K ........ ........ ........ ........ 59% 2.12M 62m6s
11304960K ........ ........ ........ ........ 60% 1.49M 62m11s
11337728K ........ ........ ........ ........ 60% 4.60M 61m19s
11370496K ........ ........ ........ ........ 60% 1.69M 61m14s
11403264K ........ ........ ........ ........ 60%  867K 62m19s
11436032K ........ ........ ........ ........ 60% 1.51M 62m20s
11468800K ........ ........ ........ ........ 60% 1.17M 62m42s
11501568K ........ ........ ........ ........ 61% 1.32M 62m53s
11534336K ........ ........ ........ ........ 61% 1.83M 62m38s
11567104K ........ ........ ........ ........ 61% 2.25M 62m13s
11599872K ........ ........ ........ ........ 61% 1.29M 62m22s
11632640K ........ ........ ........ ........ 61% 3.40M 61m41s
11665408K ........ ........ ........ ........ 61% 4.14M 60m55s
11698176K ........ ........ ........ ........ 62% 3.11M 60m19s
11730944K ........ ........ ........ ........ 62% 4.06M 59m35s
11763712K ........ ........ ........ ........ 62% 2.18M 59m14s
11796480K ........ ........ ........ ........ 62% 1.77M 59m2s
11829248K ........ ........ ........ ........ 62% 1.07M 59m25s
11862016K ........ ........ ........ ........ 62% 3.40M 58m48s
11894784K ........ ........ ........ ........ 63%  757K 59m46s
11927552K ........ ........ ........ ........ 63%  588K 61m16s
11960320K ........ ........ ........ ........ 63%  648K 62m29s
11993088K ........ ........ ........ ........ 63% 1.12M 62m39s
12025856K ........ ........ ........ ........ 63% 1.53M 62m29s
12058624K ........ ........ ........ ........ 64% 2.29M 62m1s
12091392K ........ ........ ........ ........ 64%  979K 62m22s
12124160K ........ ........ ........ ........ 64%  731K 63m10s
12156928K ........ ........ ........ ........ 64% 1.19M 63m12s
12189696K ........ ........ ........ ........ 64% 1.23M 63m12s
12222464K ........ ........ ........ ........ 64% 1.14M 63m16s
12255232K ........ ........ ........ ........ 65%  840K 63m44s
12288000K ........ ........ ........ ........ 65%  626K 64m41s
12320768K ........ ........ ........ ........ 65% 1.10M 64m44s
12353536K ........ ........ ........ ........ 65%  784K 65m13s
12386304K ........ ........ ........ ........ 65%  517K 66m29s
12419072K ........ ........ ........ ........ 65%  481K 67m51s
12451840K ........ ........ ........ ........ 66%  808K 68m12s
12484608K ........ ........ ........ ........ 66%  747K 68m39s
12517376K ........ ........ ........ ........ 66% 1.00M 68m39s
12550144K ........ ........ ........ ........ 66%  733K 69m5s
12582912K ........ ........ ........ ........ 66%  849K 69m17s
12615680K ........ ........ ........ ........ 66%  434K 70m40s
12648448K ........ ........ ........ ........ 67% 1.15M 70m28s
12681216K ........ ........ ........ ........ 67% 1.37M 70m8s
12713984K ........ ........ ........ ........ 67%  707K 70m30s
12746752K ........ ........ ........ ........ 67% 1.15M 70m17s
12779520K ........ ........ ........ ........ 67% 2.18M 69m40s
12812288K ........ ........ ........ ........ 68% 1.69M 69m11s
12845056K ........ ........ ........ ........ 68%  622K 69m41s
12877824K ........ ........ ........ ........ 68%  559K 70m20s
12910592K ........ ........ ........ ........ 68%  986K 70m14s
12943360K ........ ........ ........ ........ 68% 1.53M 69m47s
12976128K ........ ........ ........ ........ 68% 1.79M 69m15s
13008896K ........ ........ ........ ........ 69% 1.71M 68m45s
13041664K ........ ........ ........ ........ 69% 1.67M 68m15s
13074432K ........ ........ ........ ........ 69% 1.04M 68m4s
13107200K ........ ........ ........ ........ 69%  800K 68m8s
13139968K ........ ........ ........ ........ 69%  962K 68m2s
13172736K ........ ........ ........ ........ 69%  634K 68m21s
13205504K ........ ........ ........ ........ 70%  813K 68m22s
13238272K ........ ........ ........ ........ 70% 1.11M 68m6s
13271040K ........ ........ ........ ........ 70% 1.86M 67m32s
13303808K ........ ........ ........ ........ 70% 2.28M 66m54s
13336576K ........ ........ ........ ........ 70% 2.44M 66m16s
13369344K ........ ........ ........ ........ 70% 1.36M 65m52s
13402112K ........ ........ ........ ........ 71% 1.45M 65m26s
13434880K ........ ........ ........ ........ 71% 1.51M 64m59s
13467648K ........ ........ ........ ........ 71% 1.03M 64m46s
13500416K ........ ........ ........ ........ 71% 1.18M 64m26s
13533184K ........ ........ ........ ........ 71% 2.04M 63m52s
13565952K ........ ........ ........ ........ 72% 1.79M 63m21s
13598720K ........ ........ ........ ........ 72% 1.86M 62m50s
13631488K ........ ........ ........ ........ 72% 1.56M 62m23s
13664256K ........ ........ ........ ........ 72%  982K 62m11s
13697024K ........ ........ ........ ........ 72% 2.64M 61m34s
13729792K ........ ........ ........ ........ 72% 2.22M 61m0s
13762560K ........ ........ ........ ........ 73% 1.64M 60m32s
13795328K ........ ........ ........ ........ 73% 1.82M 60m2s
13828096K ........ ........ ........ ........ 73%  669K 60m7s
13860864K ........ ........ ........ ........ 73%  505K 60m30s
13893632K ........ ........ ........ ........ 73%  908K 60m20s
13926400K ........ ........ ........ ........ 73% 2.51M 59m44s
13959168K ........ ........ ........ ........ 74% 1.23M 59m22s
13991936K ........ ........ ........ ........ 74%  849K 59m14s
14024704K ........ ........ ........ ........ 74% 1.74M 58m44s
14057472K ........ ........ ........ ........ 74% 1.23M 58m22s
14090240K ........ ........ ........ ........ 74%  875K 58m12s
14123008K ........ ........ ........ ........ 74% 1.07M 57m54s
14155776K ........ ........ ........ ........ 75%  591K 58m1s
14188544K ........ ........ ........ ........ 75%  583K 58m8s
14221312K ........ ........ ........ ........ 75% 1.34M 57m43s
14254080K ........ ........ ........ ........ 75%  566K 57m50s
14286848K ........ ........ ........ ........ 75% 1.07M 57m30s
14319616K ........ ........ ........ ........ 76%  926K 57m15s
14352384K ........ ........ ........ ........ 76%  815K 57m4s
14385152K ........ ........ ........ ........ 76%  846K 56m52s
14417920K ........ ........ ........ ........ 76% 1.31M 56m26s
14450688K ........ ........ ........ ........ 76% 1.32M 56m1s
14483456K ........ ........ ........ ........ 76%  507K 56m10s
14516224K ........ ........ ........ ........ 77% 2.30M 55m35s
14548992K ........ ........ ........ ........ 77% 1.38M 55m8s
14581760K ........ ........ ........ ........ 77%  605K 55m7s
14614528K ........ ........ ........ ........ 77%  520K 55m12s
14647296K ........ ........ ........ ........ 77%  630K 55m8s
14680064K ........ ........ ........ ........ 77%  760K 54m56s
14712832K ........ ........ ........ ........ 78%  899K 54m38s
14745600K ........ ........ ........ ........ 78%  743K 54m26s
14778368K ........ ........ ........ ........ 78%  448K 54m36s
14811136K ........ ........ ........ ........ 78%  388K 54m53s
14843904K ........ ........ ........ ........ 78%  555K 54m50s
14876672K ........ ........ ........ ........ 78% 1.28M 54m22s
14909440K ........ ........ ........ ........ 79%  574K 54m16s
14942208K ........ ........ ........ ........ 79%  682K 54m4s
14974976K ........ ........ ........ ........ 79%  619K 53m55s
15007744K ........ ........ ........ ........ 79% 1.08M 53m29s
15040512K ........ ........ ........ ........ 79%  325K 53m51s
15073280K ........ ........ ........ ........ 79%  580K 53m43s
15106048K ........ ........ ........ ........ 80%  580K 53m34s
15138816K ........ ........ ........ ........ 80%  692K 53m18s
15171584K ........ ........ ........ ........ 80%  726K 53m1s
15204352K ........ ........ ........ ........ 80%  727K 52m43s
15237120K ........ ........ ........ ........ 80% 1.81M 52m8s
15269888K ........ ........ ........ ........ 81% 4.22M 51m27s
15302656K ........ ........ ........ ........ 81% 5.86M 50m45s
15335424K ........ ........ ........ ........ 81% 2.44M 50m8s
15368192K ........ ........ ........ ........ 81% 4.17M 49m28s
15400960K ........ ........ ........ ........ 81% 5.09M 48m47s
15433728K ........ ........ ........ ........ 81% 5.76M 48m7s
15466496K ........ ........ ........ ........ 82% 4.95M 47m27s
15499264K ........ ........ ........ ........ 82% 6.38M 46m47s
15532032K ........ ........ ........ ........ 82% 10.2M 46m7s
15564800K ........ ........ ........ ........ 82% 10.7M 45m26s
15597568K ........ ........ ........ ........ 82% 7.96M 44m47s
15630336K ........ ........ ........ ........ 82% 3.14M 44m11s
15663104K ........ ........ ........ ........ 83% 2.08M 43m38s
15695872K ........ ........ ........ ........ 83% 1.80M 43m7s
15728640K ........ ........ ........ ........ 83% 5.02M 42m30s
15761408K ........ ........ ........ ........ 83% 3.02M 41m55s
15794176K ........ ........ ........ ........ 83% 3.03M 41m21s
15826944K ........ ........ ........ ........ 83% 2.29M 40m48s
15859712K ........ ........ ........ ........ 84% 3.49M 40m14s
15892480K ........ ........ ........ ........ 84% 1.93M 39m43s
15925248K ........ ........ ........ ........ 84% 6.08M 39m7s
15958016K ........ ........ ........ ........ 84% 4.46M 38m32s
15990784K ........ ........ ........ ........ 84% 7.83M 37m56s
16023552K ........ ........ ........ ........ 85% 7.68M 37m21s
16056320K ........ ........ ........ ........ 85% 5.13M 36m47s
16089088K ........ ........ ........ ........ 85% 4.07M 36m13s
16121856K ........ ........ ........ ........ 85% 2.07M 35m43s
16154624K ........ ........ ........ ........ 85% 7.24M 35m9s
16187392K ........ ........ ........ ........ 85% 3.84M 34m37s
16220160K ........ ........ ........ ........ 86% 5.86M 34m3s
16252928K ........ ........ ........ ........ 86% 3.08M 33m32s
16285696K ........ ........ ........ ........ 86% 2.58M 33m2s
16318464K ........ ........ ........ ........ 86% 3.03M 32m31s
16351232K ........ ........ ........ ........ 86% 5.01M 31m59s
16384000K ........ ........ ........ ........ 86% 6.72M 31m27s
16416768K ........ ........ ........ ........ 87% 4.66M 30m55s
16449536K ........ ........ ........ ........ 87% 1.13M 30m31s
16482304K ........ ........ ........ ........ 87% 4.22M 30m1s
16515072K ........ ........ ........ ........ 87% 2.44M 29m32s
16547840K ........ ........ ........ ........ 87% 6.82M 29m0s
16580608K ........ ........ ........ ........ 87% 5.67M 28m30s
16613376K ........ ........ ........ ........ 88% 8.04M 27m59s
16646144K ........ ........ ........ ........ 88% 3.58M 27m29s
16678912K ........ ........ ........ ........ 88% 5.91M 26m59s
16711680K ........ ........ ........ ........ 88% 3.35M 26m30s
16744448K ........ ........ ........ ........ 88% 1.99M 26m3s
16777216K ........ ........ ........ ........ 89% 5.45M 25m34s
16809984K ........ ........ ........ ........ 89% 6.58M 25m4s
16842752K ........ ........ ........ ........ 89% 4.35M 24m36s
16875520K ........ ........ ........ ........ 89% 3.26M 24m8s
16908288K ........ ........ ........ ........ 89% 4.18M 23m40s
16941056K ........ ........ ........ ........ 89% 2.34M 23m13s
16973824K ........ ........ ........ ........ 90% 1.53M 22m48s
17006592K ........ ........ ........ ........ 90% 1.65M 22m23s
17039360K ........ ........ ........ ........ 90%  786K 22m4s
17072128K ........ ........ ........ ........ 90% 1.04M 21m41s
17104896K ........ ........ ........ ........ 90% 1.90M 21m16s
17137664K ........ ........ ........ ........ 90%  660K 20m57s
17170432K ........ ........ ........ ........ 91%  882K 20m36s
17203200K ........ ........ ........ ........ 91% 1.09M 20m13s
17235968K ........ ........ ........ ........ 91%  797K 19m53s
17268736K ........ ........ ........ ........ 91% 1.07M 19m30s
17301504K ........ ........ ........ ........ 91% 1.02M 19m7s
17334272K ........ ........ ........ ........ 91% 1.15M 18m43s
17367040K ........ ........ ........ ........ 92% 1.15M 18m20s
17399808K ........ ........ ........ ........ 92% 2.36M 17m53s
17432576K ........ ........ ........ ........ 92% 1.53M 17m29s
17465344K ........ ........ ........ ........ 92%  892K 17m6s
17498112K ........ ........ ........ ........ 92%  674K 16m46s
17530880K ........ ........ ........ ........ 93%  767K 16m25s
17563648K ........ ........ ........ ........ 93% 1.29M 16m0s
17596416K ........ ........ ........ ........ 93% 1.46M 15m36s
17629184K ........ ........ ........ ........ 93% 1.32M 15m11s
17661952K ........ ........ ........ ........ 93% 1.11M 14m47s
17694720K ........ ........ ........ ........ 93%  883K 14m25s
17727488K ........ ........ ........ ........ 94% 1.07M 14m1s
17760256K ........ ........ ........ ........ 94% 2.17M 13m35s
17793024K ........ ........ ........ ........ 94% 1.29M 13m11s
17825792K ........ ........ ........ ........ 94% 1.92M 12m45s
17858560K ........ ........ ........ ........ 94% 2.44M 12m19s
17891328K ........ ........ ........ ........ 94% 1.49M 11m55s
17924096K ........ ........ ........ ........ 95% 1.24M 11m30s
17956864K ........ ........ ........ ........ 95% 1.27M 11m6s
17989632K ........ ........ ........ ........ 95% 1.55M 10m41s
18022400K ........ ........ ........ ........ 95% 1.06M 10m17s
18055168K ........ ........ ........ ........ 95% 1.17M 9m53s
18087936K ........ ........ ........ ........ 95% 1.36M 9m29s
18120704K ........ ........ ........ ........ 96% 1.51M 9m4s
18153472K ........ ........ ........ ........ 96%  835K 8m41s
18186240K ........ ........ ........ ........ 96% 3.02M 8m15s
18219008K ........ ........ ........ ........ 96% 1.43M 7m51s
18251776K ........ ........ ........ ........ 96% 1.12M 7m27s
18284544K ........ ........ ........ ........ 97% 2.02M 7m2s
18317312K ........ ........ ........ ........ 97% 1.39M 6m37s
18350080K ........ ........ ........ ........ 97% 1.22M 6m13s
18382848K ........ ........ ........ ........ 97% 1015K 5m49s
18415616K ........ ........ ........ ........ 97% 1.12M 5m25s
18448384K ........ ........ ........ ........ 97% 2.98M 5m0s
18481152K ........ ........ ........ ........ 98% 10.4M 4m34s
18513920K ........ ........ ........ ........ 98% 9.08M 4m9s
18546688K ........ ........ ........ ........ 98% 10.0M 3m44s
18579456K ........ ........ ........ ........ 98% 8.10M 3m20s
18612224K ........ ........ ........ ........ 98% 9.39M 2m55s
18644992K ........ ........ ........ ........ 98% 9.97M 2m30s
18677760K ........ ........ ........ ........ 99% 9.95M 2m6s
18710528K ........ ........ ........ ........ 99% 9.99M 1m42s
18743296K ........ ........ ........ ........ 99% 11.2M 78s
18776064K ........ ........ ........ ........ 99% 12.3M 54s
18808832K ........ ........ ........ ........ 99% 12.4M 30s
18841600K ........ ........ ........ ........ 99% 9.57M 7s
18874368K ........ .                         100% 18.5M=1h52m

2026-09-15 22:56:23 (1.36 MB/s) - ‘/data2/liuhaoran/psg_data/openpsg/coco/train2017.zip’ saved [19336861798/19336861798]

No errors detected in compressed data of /data2/liuhaoran/psg_data/openpsg/coco/train2017.zip.
  0%|          | 0/40 [00:00<?, ?it/s]  2%|▎         | 1/40 [1:15:32<49:06:14, 4532.68s/it]  5%|▌         | 2/40 [2:18:58<43:19:50, 4105.01s/it]  8%|▊         | 3/40 [3:18:21<39:38:45, 3857.44s/it] 10%|█         | 4/40 [4:15:57<36:59:32, 3699.25s/it] 12%|█▎        | 5/40 [5:13:17<35:03:13, 3605.53s/it] 15%|█▌        | 6/40 [6:10:17<33:27:27, 3542.58s/it] 18%|█▊        | 7/40 [7:07:16<32:06:07, 3502.03s/it] 20%|██        | 8/40 [8:02:44<30:38:14, 3446.71s/it] 22%|██▎       | 9/40 [8:58:02<29:20:00, 3406.47s/it] 25%|██▌       | 10/40 [9:53:18<28:09:17, 3378.59s/it] 28%|██▊       | 11/40 [10:48:30<27:03:09, 3358.26s/it] 30%|███       | 12/40 [11:45:17<26:14:02, 3372.96s/it] 32%|███▎      | 13/40 [12:41:27<25:17:27, 3372.11s/it] 35%|███▌      | 14/40 [13:42:54<25:02:30, 3467.32s/it]